###############################################################################
#
# IAR ELF Linker V7.80.2.11947/W32 for ARM                03/Dec/2016  15:49:49
# Copyright 2007-2016 IAR Systems AB.
#
#    Output file  =  sensor-actuator-node.out
#    Map file     =  
#        C:/Users/hites/SimplicityStudio/bb_workspace/sensor-actuator-node/IAR
#        ARM - Default/sensor-actuator-node.map
#    Command line =  
#        ./version-debug/version-debug.o ./udp-cli/udp-cli.o
#        ./tftp-bootload-target/tftp-15-4.o
#        ./tftp-bootload-target/tftp-bootload.o
#        ./tftp-bootload-target/tftp-bootloader-15-4.o
#        ./tftp-bootload-target/tftp-bootloader-server.o
#        ./tftp-bootload-target/tftp-bootloader.o
#        ./tftp-bootload-target/tftp-server.o ./tftp-bootload-target/tftp.o
#        ./stack/thread-stack/ember-ip-configuration.o
#        ./slaac-client/slaac-client.o ./sim-eeprom1/EFR32/sim-eeprom.o
#        ./serial/EFR32/com.o ./serial/EFR32/ember-printf.o
#        ./serial/EFR32/serial.o ./scan-debug/scan-debug.o
#        ./network-management-cli/network-management-cli.o ./main/main.o
#        ./led/EFR32/led.o ./idle-sleep/idle-sleep.o ./icmp-debug/icmp-debug.o
#        ./icmp-cli/icmp-cli.o ./heartbeat-node-type/heartbeat-node-type.o
#        ./hal-library/EFR32/assert-crash-handlers.o ./hal-library/EFR32/crc.o
#        ./hal-library/EFR32/cstartup-common.o ./hal-library/EFR32/endian.o
#        ./hal-library/EFR32/faults-v7m.o ./hal-library/EFR32/isr-stubs.o
#        ./hal-library/EFR32/mem-util.o ./hal-library/EFR32/mfg-token.o
#        ./hal-library/EFR32/micro-common.o ./hal-library/EFR32/micro.o
#        ./hal-library/EFR32/mpu.o ./hal-library/EFR32/random.o
#        ./hal-library/EFR32/sleep-efm32.o ./hal-library/EFR32/token-def.o
#        ./hal-library/EFR32/token.o ./glib/EFR32/display.o
#        ./glib/EFR32/displayls013b7dh03.o ./glib/EFR32/displaypalemlib.o
#        ./glib/EFR32/dmd_display.o ./glib/EFR32/glib.o
#        ./glib/EFR32/glib_bitmap.o ./glib/EFR32/glib_circle.o
#        ./glib/EFR32/glib_font_narrow_6x8.o
#        ./glib/EFR32/glib_font_normal_8x8.o
#        ./glib/EFR32/glib_font_number_16x20.o ./glib/EFR32/glib_line.o
#        ./glib/EFR32/glib_rectangle.o ./glib/EFR32/glib_string.o
#        ./glib/EFR32/graphics.o ./glib/EFR32/udelay.o
#        ./external-generated-files/bootloader-interface-app.o
#        ./external-generated-files/bootloader-interface.o ./emlib/em_adc.o
#        ./emlib/em_cmu.o ./emlib/em_emu.o ./emlib/em_gpio.o ./emlib/em_int.o
#        ./emlib/em_ldma.o ./emlib/em_leuart.o ./emlib/em_mpu.o
#        ./emlib/em_msc.o ./emlib/em_prs.o ./emlib/em_rmu.o ./emlib/em_rtcc.o
#        ./emlib/em_system.o ./emlib/em_timer.o ./emlib/em_usart.o
#        ./emlib/em_wdog.o ./emlib/system_efr32mg1p.o ./emdrv/dmadrv.o
#        ./emdrv/gpiointerrupt.o ./emdrv/rtcdriver.o ./emdrv/sleep.o
#        ./emdrv/spidrv.o ./emdrv/tempdrv.o ./emdrv/uartdrv.o ./emdrv/ustimer.o
#        ./diagnostic/EFR32/diagnostic.o ./dhcp-client/dhcp-client.o
#        ./debug-print/debug-print.o
#        ./command-interpreter2/command-interpreter2-error.o
#        ./command-interpreter2/command-interpreter2-util.o
#        ./command-interpreter2/command-interpreter2.o
#        ./coap-dispatch/coap-dispatch.o ./coap-cli/coap-cli.o ./cli/cli.o
#        ./buzzer/EFR32/buzzer.o ./button/EFR32/button.o
#        ./button-press/button-press.o ./antenna-stub/antenna-stub.o
#        ./address-configuration-debug/address-configuration-debug.o
#        ./adc/EFR32/adc.o ./sensor-actuator-node-implementation.o
#        ./thread-bookkeeping.o ./thread-callback-stubs.o ./thread-callbacks.o
#        ./thread-cli.o ./thread-coap-dispatch.o ./thread-events.o -o
#        sensor-actuator-node.out --config
#        C:/SiliconLabs/SimplicityStudio/v4/developer/stacks/thread/v2.0.0.0/platform/base/hal/micro/cortexm3/efm32/iar-cfg.icf
#        --config_def APP_BTL=1 --no_wrap_diagnostics
#        C:/SiliconLabs/SimplicityStudio/v4/developer/stacks/thread/v2.0.0.0//protocol/thread_2.0/build/mfglib-library-cortexm3-iar-efr32mg1p-efr32/mfglib-library.a
#        C:/SiliconLabs/SimplicityStudio/v4/developer/stacks/thread/v2.0.0.0//protocol/thread_2.0/build/thread-stack-cortexm3-iar-efr32mg1p-efr32/thread-stack.a
#        C:/SiliconLabs/SimplicityStudio/v4/developer/stacks/thread/v2.0.0.0//protocol/thread_2.0/build/heartbeat-node-type-library-cortexm3-iar-efr32mg1p-efr32/heartbeat-node-type-library.a
#        C:/SiliconLabs/SimplicityStudio/v4/developer/stacks/thread/v2.0.0.0//protocol/thread_2.0/build/dhcp-library-cortexm3-iar-efr32mg1p-efr32/dhcp-library.a
#        C:/SiliconLabs/SimplicityStudio/v4/developer/stacks/thread/v2.0.0.0//protocol/thread_2.0/build/sim-eeprom1-library-cortexm3-iar-efr32mg1p-efr32/sim-eeprom1-library.a
#        C:/SiliconLabs/SimplicityStudio/v4/developer/stacks/thread/v2.0.0.0//protocol/thread_2.0/build/mbedtls-library-cortexm3-iar-efr32mg1p-efr32/mbedtls-library.a
#        C:/SiliconLabs/SimplicityStudio/v4/developer/stacks/thread/v2.0.0.0//protocol/thread_2.0/build/hal-library-cortexm3-iar-efr32mg1p-efr32/hal-library.a
#        --entry halEntryPoint --map
#        "C:/Users/hites/SimplicityStudio/bb_workspace/sensor-actuator-node/IAR
#        ARM - Default/sensor-actuator-node.map" --log_file
#        "C:/Users/hites/SimplicityStudio/bb_workspace/sensor-actuator-node/IAR
#        ARM - Default/sensor-actuator-node.log" --log
#        initialization,modules,sections,veneers --diag_suppress=Lp012
#        --redirect _Printf=_PrintfSmall --redirect _Scanf=_ScanfFull
#
###############################################################################

*******************************************************************************
*** RUNTIME MODEL ATTRIBUTES
***

__SystemLibrary = DLib


*******************************************************************************
*** PLACEMENT SUMMARY
***

"BAT": place at 0x00000000 { section BAT };
"HEADERS":
       place at start of [0x00004000-0x000040ff] { block HEADER_block };
"APP ro":
       place at start of [0x00004100-0x0003ffff] { block APPRO_block };
"NVM&SIMEE":
       place at end of [0x00004100-0x0003ffff] {
          zi section NVM, zi section SIMEE, zi section PSSTORE,
          zi section INTERNAL_STORAGE };
"DEBUGCHAN":
       place at start of [0x20007ff0-0x20007fff] { rw section DEBUG_CHANNEL };
"APP rw":
       place at end of [0x20000000-0x20007fef] { block APPRW_block };
"Heap":
       place at start of [0x20000000-0x20007fef] { overlay EMHEAP_overlay };
"Guard":
       place in [from 0x20000000 to 0x20007fef] { rw section GUARD_REGION };
do not initialize { rw };
initialize manually with packing = copy, complex ranges {
   section .data, section .textrw, rw section __DLIB_PERTHREAD };

  Section                 Kind        Address     Size  Object
  -------                 ----        -------     ----  ------
"BAT":                                            0x54
  BAT                     uninit   0x00000000     0x54  cstartup-common.o [19]
                                 - 0x00000054     0x54

"HEADERS":                                        0xac
  HEADER_block                     0x00004000     0xac  <Block>
    AAT                   const    0x00004000     0xac  cstartup-common.o [19]
                                 - 0x000040ac     0xac

"APP ro":                                      0x330e0
  APPRO_block                      0x00004100  0x330e0  <Block>
    .intvec               const    0x00004100     0xe0  cstartup-common.o [19]
    .textrw_init                   0x000041e0    0x204  <Block>
      Initializer bytes   const    0x000041e0    0x204  <for .textrw-1>
    .text                          0x000043e4  0x2eef8  <Block>
      .text               ro code  0x000043e4     0xa8  version-debug.o [34]
      .text               ro code  0x0000448c    0x158  debug-print.o [12]
      .text               ro code  0x000045e4    0x2dc  ember-printf.o [28]
      .text               ro code  0x000048c0    0x5ec  ip-address.o [44]
      .text               ro code  0x00004eac     0xd4  serial.o [28]
      .text               ro code  0x00004f80    0x8d8  com.o [28]
      .text               ro code  0x00005858     0xf6  mem-util.o [19]
      .text               ro code  0x0000594e     0x1a  xsnprout.o [37]
      .text               ro code  0x00005968    0x1d8  byte-utilities.o [44]
      .text               ro code  0x00005b40    0xbc0  ip-stack.o [44]
      .text               ro code  0x00006700    0x546  global-prefix.o [44]
      .text               ro code  0x00006c46      0xa  xsprout.o [37]
      .text               ro code  0x00006c50      0x6  ABImemclr4.o [42]
      .text               ro code  0x00006c56     0x16  strnlen.o [37]
      .text               ro code  0x00006c6c     0x18  strrchr.o [37]
      .text               ro code  0x00006c84     0x76  ABImemcpy_unaligned.o [42]
      .text               ro code  0x00006cfc    0x1ee  em_usart.o [16]
      .text               ro code  0x00006eec     0x2a  em_leuart.o [16]
      .text               ro code  0x00006f18   0x10e8  uartdrv.o [15]
      .text               ro code  0x00008000    0x1e2  debug-jtag.o [44]
      .text               ro code  0x000081e4    0x14c  em_gpio.o [16]
      .text               ro code  0x00008330    0x29c  debug.o [44]
      .text               ro code  0x000085cc     0x66  ABImemset.o [42]
      .text               ro code  0x00008634    0x1f0  assert-crash-handlers.o [19]
      .text               ro code  0x00008824    0xc74  buffer-management.o [44]
      .text               ro code  0x00009498    0x3d0  mac-arbiter.o [44]
      .text               ro code  0x00009868    0x57c  mac-indirect.o [44]
      .text               ro code  0x00009de4    0x268  retry.o [44]
      .text               ro code  0x0000a04c    0x81c  fragment.o [44]
      .text               ro code  0x0000a868    0x350  udp.o [44]
      .text               ro code  0x0000abb8      0xe  wakeup-stubs.o [44]
      .text               ro code  0x0000abc8    0x214  main.o [25]
      .text               ro code  0x0000addc     0xc8  dhcp-address-table.o [36]
      .text               ro code  0x0000aea4    0x35c  event-queue.o [44]
      .text               ro code  0x0000b200    0xb88  coap.o [44]
      .text               ro code  0x0000bd88    0x2b8  jpake-ecc-mbedtls.o [41]
      .text               ro code  0x0000c040     0xc4  mark-list.o [44]
      .text               ro code  0x0000c104    0x604  dtls-join.o [44]
      .text               ro code  0x0000c708    0x230  mac.o [44]
      .text               ro code  0x0000c938    0x81c  rip.o [44]
      .text               ro code  0x0000d154   0x211c  mle.o [44]
      .text               ro code  0x0000f270    0x484  distributed-key-management.o [44]
      .text               ro code  0x0000f6f4    0x48c  802-15-4-ccm.o [44]
      .text               ro code  0x0000fb80     0x80  unicast-table.o [44]
      .text               ro code  0x0000fc00    0x7d8  child-data.o [44]
      .text               ro code  0x000103d8    0x280  multicast.o [44]
      .text               ro code  0x00010658    0x5e4  local-server-data.o [44]
      .text               ro code  0x00010c3c   0x1870  join.o [44]
      .text               ro code  0x000124ac    0xa28  phy-common.o [44]
      .text               ro code  0x00012ed4     0x12  phy-util.o [44]
      .text               ro code  0x00012ee8     0x4c  eui64.o [44]
      .text               ro code  0x00012f34    0x3d8  address-cache.o [44]
      .text               ro code  0x0001330c   0x1d68  commission.o [44]
      .text               ro code  0x00015074    0xef8  commission-dataset.o [44]
      .text               ro code  0x00015f6c   0x1000  network-data.o [44]
      .text               ro code  0x00016f6c    0x134  token.o [19]
      .text               ro code  0x000170a0    0x1a4  event-control.o [44]
      .text               ro code  0x00017244     0xc0  cstartup-common.o [19]
      .text               ro code  0x00017304    0x304  buffer-queue.o [44]
      .text               ro code  0x00017608    0x150  mac-efr32.o [44]
      .text               ro code  0x00017758    0x25c  ip-mac-receive.o [44]
      .text               ro code  0x000179b4   0x10e8  dispatch.o [44]
      .text               ro code  0x00018a9c    0x12c  phy.o [44]
      .text               ro code  0x00018bc8     0x4c  thread-bookkeeping.o [1]
      .text               ro code  0x00018c14   0x150c  sensor-actuator-node-implementation.o [1]
      .text               ro code  0x0001a120    0x108  thread-callback-stubs.o [1]
      .text               ro code  0x0001a228    0xe0c  rip-neighbor.o [44]
      .text               ro code  0x0001b034    0x3b8  micro.o [19]
      .text               ro code  0x0001b3ec     0x58  address-configuration-debug.o [3]
      .text               ro code  0x0001b444     0xd8  slaac-client.o [30]
      .text               ro code  0x0001b51c     0xd4  dhcp-client.o [13]
      .text               ro code  0x0001b5f0    0x13a  context-table.o [44]
      .text               ro code  0x0001b72c     0x3a  ABImemset48.o [42]
      .text               ro code  0x0001b768    0x8d4  em_cmu.o [16]
      .text               ro code  0x0001c03c    0x132  I64DivMod.o [42]
      .text               ro code  0x0001c170    0x468  dmadrv.o [15]
      .text               ro code  0x0001c5d8     0xc8  gpiointerrupt.o [15]
      .text               ro code  0x0001c6a0     0x2e  register-access.o [38]
      .text               ro code  0x0001c6d0     0xdc  system-timer.o [38]
      .text               ro code  0x0001c7ac     0x26  crc.o [19]
      .text               ro code  0x0001c7d4    0x118  micro-common.o [19]
      .text               ro code  0x0001c8ec    0x190  micro-internal.o [38]
      .text               ro code  0x0001ca7c     0x42  strcmp_unaligned.o [42]
      .text               ro code  0x0001cac0    0x218  jit.o [44]
      .text               ro code  0x0001ccd8    0x28c  command.o [44]
      .text               ro code  0x0001cf64    0x4a4  scan.o [44]
      .text               ro code  0x0001d408     0x4c  random.o [19]
      .text               ro code  0x0001d454     0x48  mac-header-util.o [44]
      .text               ro code  0x0001d49c    0x384  ip-packet-header.o [44]
      .text               ro code  0x0001d820     0xa4  child-table.o [44]
      .text               ro code  0x0001d8c4    0x29c  child-aging.o [44]
      .text               ro code  0x0001db60    0xcac  6lowpan-header.o [44]
      .text               ro code  0x0001e80c    0x310  tls-record-util.o [44]
      .text               ro code  0x0001eb1c    0x280  connection.o [44]
      .text               ro code  0x0001ed9c    0x4dc  dtls.o [44]
      .text               ro code  0x0001f278     0x4e  udp-simple.o [44]
      .text               ro code  0x0001f2c8    0x9a4  dhcp.o [36]
      .text               ro code  0x0001fc6c    0x3e8  coap-stack.o [44]
      .text               ro code  0x00020054    0x8c4  diagnostic.o [14]
      .text               ro code  0x00020918     0x62  memcmp_unaligned.o [42]
      .text               ro code  0x0002097c    0x9d4  ecjpake.o [41]
      .text               ro code  0x00021350    0x124  buffer-malloc.o [44]
      .text               ro code  0x00021474   0x10c4  tls-handshake.o [44]
      .text               ro code  0x00022538    0x3a8  transport-header.o [44]
      .text               ro code  0x000228e0    0x408  sha256.o [44]
      .text               ro code  0x00022ce8    0x1ec  thread-key-stretch.o [44]
      .text               ro code  0x00022ed4    0x918  ip-mac-header.o [44]
      .text               ro code  0x000237ec    0x37c  network-fragmentation.o [44]
      .text               ro code  0x00023b68      0x6  ABImemclr.o [42]
      .text               ro code  0x00023b70    0x5e8  address-management.o [44]
      .text               ro code  0x00024158     0xd4  aes.o [44]
      .text               ro code  0x0002422c    0x224  scan-debug.o [27]
      .text               ro code  0x00024450    0x25c  router-selection.o [44]
      .text               ro code  0x000246ac    0xa68  ieee802154_phy.o [44]
      .text               ro code  0x00025114    0x7dc  radio.o [44]
      .text               ro code  0x000258f0      0x4  micro-common-internal.o [38]
      .text               ro code  0x000258f4     0x68  ieee802154_filtering.o [44]
      .text               ro code  0x0002595c    0x110  pti.o [44]
      .text               ro code  0x00025a6c    0x1e4  mfg-token.o [19]
      .text               ro code  0x00025c50     0x36  strlen.o [42]
      .text               ro code  0x00025c86     0x2c  strncmp.o [37]
      .text               ro code  0x00025cb4    0x43c  coap-diagnostic-stack.o [44]
      .text               ro code  0x000260f0     0x58  memchr.o [42]
      .text               ro code  0x00026148    0x198  sim-eeprom.o [29]
      .text               ro code  0x000262e0    0xb2c  sim-eeprom-internal.o [43]
      .text               ro code  0x00026e0c     0xc8  em_rmu.o [16]
      .text               ro code  0x00026ed4      0x4  antenna-stub.o [4]
      .text               ro code  0x00026ed8     0xd4  association.o [44]
      .text               ro code  0x00026fac    0x3b8  ip-header.o [44]
      .text               ro code  0x00027364     0xf6  icmp.o [44]
      .text               ro code  0x0002745a      0xe  tcp-stub.o [44]
      .text               ro code  0x00027468    0x100  icmp-debug.o [22]
      .text               ro code  0x00027568    0x14c  rf_rand.o [44]
      .text               ro code  0x000276b4     0x50  tempcal.o [44]
      .text               ro code  0x00027704    0x690  pa.o [44]
      .text               ro code  0x00027d94    0x37c  command-interpreter2-util.o [11]
      .text               ro code  0x00028110      0xa  heartbeat-node-type.o [20]
      .text               ro code  0x0002811c     0x14  tftp-bootload.o [32]
      .text               ro code  0x00028130     0x40  cli.o [8]
      .text               ro code  0x00028170     0xa8  idle-sleep.o [23]
      .text               ro code  0x00028218     0x44  snprintf.o [37]
      .text               ro code  0x0002825c    0x21c  em_adc.o [16]
      .text               ro code  0x00028478     0xb0  led.o [24]
      .text               ro code  0x00028528     0x84  graphics.o [18]
      .text               ro code  0x000285ac    0x1d0  glib.o [18]
      .text               ro code  0x0002877c     0x6c  strncpy_unaligned.o [42]
      .text               ro code  0x000287e8     0x4e  FltToDbl.o [40]
      .text               ro code  0x00028838    0x256  DblDiv.o [40]
      .text               ro code  0x00028a90     0x90  DblToFlt.o [40]
      .text               ro code  0x00028b20     0x34  sprintf.o [37]
      .text               ro code  0x00028b54    0x308  tftp-server.o [32]
      .text               ro code  0x00028e5c    0x340  tftp-bootloader-server.o [32]
      .text               ro code  0x0002919c    0xf10  spidrv.o [15]
      .text               ro code  0x0002a0ac    0x1b4  glib_string.o [18]
      .text               ro code  0x0002a260    0x2d8  dmd_display.o [18]
      .text               ro code  0x0002a538     0xa8  system_efr32mg1p.o [16]
      .text               ro code  0x0002a5e0    0x156  button.o [6]
      .text               ro code  0x0002a738    0x698  em_emu.o [16]
      .text               ro code  0x0002add0    0x538  rtcdriver.o [15]
      .text               ro code  0x0002b308    0x2d8  tempdrv.o [15]
      .text               ro code  0x0002b5e0    0x18c  sleep-efm32.o [19]
      .text               ro code  0x0002b76c    0x214  dhcp-client.o [36]
      .text               ro code  0x0002b980      0x2  I64DivZer.o [42]
      .text               ro code  0x0002b984    0x1b0  em_ldma.o [16]
      .text               ro code  0x0002bb34    0x194  ustimer.o [15]
      .text               ro code  0x0002bcc8     0x18  em_wdog.o [16]
      .text               ro code  0x0002bce0     0x8a  mpu.o [19]
      .text               ro code  0x0002bd6c    0x504  tls-ccm-record.o [44]
      .text               ro code  0x0002c270     0x38  log.o [44]
      .text               ro code  0x0002c2a8     0xac  coap-dispatch.o [10]
      .text               ro code  0x0002c354   0x1680  ecp.o [41]
      .text               ro code  0x0002d9d4   0x11b4  bignum.o [41]
      .text               ro code  0x0002eb88     0x44  md.o [41]
      .text               ro code  0x0002ebcc    0x488  ecp_curves.o [41]
      .text               ro code  0x0002f054     0x90  tls-session-state.o [44]
      .text               ro code  0x0002f0e4     0x64  tls-jpake.o [44]
      .text               ro code  0x0002f148    0x2d8  tls-handshake-crypto.o [44]
      .text               ro code  0x0002f420    0x15e  em_crypto.o [44]
      .text               ro code  0x0002f580     0x20  ieee802154_MRFSKFECWhiteningModeSwitch.o [44]
      .text               ro code  0x0002f5a0    0x2d0  synth.o [44]
      .text               ro code  0x0002f870     0x5e  ir_cal.o [44]
      .text               ro code  0x0002f8d0     0xa0  ieee802154_legacyphyconfig.o [44]
      .text               ro code  0x0002f970     0x34  em_system.o [16]
      .text               ro code  0x0002f9a4     0xc4  radio_cmu.o [44]
      .text               ro code  0x0002fa68     0x88  rf_test.o [44]
      .text               ro code  0x0002faf0     0x2a  phy_utils.o [44]
      Veneer              ro code  0x0002fb1c      0x8  - Linker created -
      Veneer              ro code  0x0002fb24      0x8  - Linker created -
      Veneer              ro code  0x0002fb2c      0x8  - Linker created -
      .text               ro code  0x0002fb34     0xc8  flash.o [38]
      .text               ro code  0x0002fbfc     0x8c  heartbeat-node-type-library.o [39]
      .text               ro code  0x0002fc88    0x314  command-interpreter2.o [11]
      .text               ro code  0x0002ff9c    0x4d8  xprintfsmall.o [37]
      .text               ro code  0x00030474     0x86  display.o [18]
      .text               ro code  0x000304fa     0x22  glib_rectangle.o [18]
      .text               ro code  0x0003051c    0x124  tftp.o [32]
      .text               ro code  0x00030640     0x4a  tftp-15-4.o [32]
      .text               ro code  0x0003068c    0x19c  xstoul.o [37]
      .text               ro code  0x00030828    0x17c  bootloader-interface-app.o [17]
      .text               ro code  0x000309a4     0xdc  tftp-bootloader.o [32]
      .text               ro code  0x00030a80    0x124  button-press.o [5]
      .text               ro code  0x00030ba4     0x78  em_rtcc.o [16]
      .text               ro code  0x00030c1c     0xf0  em_timer.o [16]
      .text               ro code  0x00030d0c     0x50  em_mpu.o [16]
      .text               ro code  0x00030d5c    0x688  sl_ecp.o [41]
      .text               ro code  0x000313e4    0x194  protimer.o [44]
      .text               ro code  0x00031578     0x28  em_msc.o [16]
      .text               ro code  0x000315a0    0x2b4  command-interpreter2-error.o [11]
      .text               ro code  0x00031854     0x16  strchr.o [42]
      .text               ro code  0x0003186c     0xe0  rand.o [37]
      .text               ro code  0x0003194c      0xc  errno.o [37]
      .text               ro code  0x00031958      0x2  xtls.o [37]
      .text               ro code  0x0003195c     0xc4  udp-cli.o [33]
      .text               ro code  0x00031a20     0x44  ember-ip-configuration.o [31]
      .text               ro code  0x00031a64    0x6d8  network-management-cli.o [26]
      .text               ro code  0x0003213c    0x128  icmp-cli.o [21]
      .text               ro code  0x00032264     0xae  icmp-simple.o [44]
      .text               ro code  0x00032314      0x2  faults-v7m.o [19]
      .text               ro code  0x00032318      0x2  faults-v7m.o [19]
      .text               ro code  0x0003231c      0x2  faults-v7m.o [19]
      .text               ro code  0x00032320      0x2  faults-v7m.o [19]
      .text               ro code  0x00032324      0x2  faults-v7m.o [19]
      .text               ro code  0x00032328      0x2  faults-v7m.o [19]
      .text               ro code  0x0003232c      0x2  faults-v7m.o [19]
      .text               ro code  0x00032330     0x70  faults-v7m.o [19]
      .text               ro code  0x000323a0      0x4  isr-stubs.o [19]
      .text               ro code  0x000323a4    0x1f4  displayls013b7dh03.o [18]
      .text               ro code  0x00032598    0x13c  displaypalemlib.o [18]
      .text               ro code  0x000326d4    0x1fc  udelay.o [18]
      .text               ro code  0x000328d0    0x1d8  coap-cli.o [9]
      .text               ro code  0x00032aa8    0x104  adc.o [2]
      .text               ro code  0x00032bac    0x180  cstartup-iar.o [38]
      .text               ro code  0x00032d2c    0x244  dhcp-server.o [36]
      .text               ro code  0x00032f70    0x2c4  sl_sha256.o [41]
      .text               ro code  0x00033234     0x22  fpinit_M.o [40]
      .text               ro code  0x00033256     0x50  md_wrap.o [41]
      .text               ro code  0x000332a6     0x36  sha256.o [41]
    .rodata               const    0x00033300    0xe4c  ieee802154_annotated.o [44]
    .rodata               const    0x0003414c     0x30  version-debug.o [34]
    .rodata               const    0x0003417c     0x10  ember-ip-configuration.o [31]
    .rodata               const    0x0003418c     0x24  sim-eeprom.o [29]
    .rodata               const    0x000341b0    0x124  micro.o [19]
    .rodata               const    0x000342d4    0x374  token-def.o [19]
    .rodata               const    0x00034648    0x330  glib_font_narrow_6x8.o [18]
    .rodata               const    0x00034978    0x330  glib_font_normal_8x8.o [18]
    .rodata               const    0x00034ca8    0x4e8  diagnostic.o [14]
    .rodata               const    0x00035190     0x84  command-interpreter2-error.o [11]
    .rodata               const    0x00035214     0x18  sensor-actuator-node-implementation.o [1]
    .rodata               const    0x0003522c    0x468  thread-cli.o [1]
    .rodata               const    0x00035694     0xdc  thread-coap-dispatch.o [1]
    .rodata               const    0x00035770     0x38  thread-events.o [1]
    .rodata               const    0x000357a8     0x28  ip-stack.o [44]
    .rodata               const    0x000357d0     0x20  global-prefix.o [44]
    .rodata               const    0x000357f0     0x6c  commission.o [44]
    .rodata               const    0x0003585c     0x34  join.o [44]
    .rodata               const    0x00035890     0x20  local-server-data.o [44]
    .rodata               const    0x000358b0     0x20  distributed-key-management.o [44]
    .rodata               const    0x000358d0     0x18  scan.o [44]
    .rodata               const    0x000358e8     0x30  ip-address.o [44]
    .rodata               const    0x00035918    0x2a8  coap.o [44]
    .rodata               const    0x00035bc0     0x10  address-cache.o [44]
    .rodata               const    0x00035bd0     0x10  rip-neighbor.o [44]
    .rodata               const    0x00035be0     0x20  network-data.o [44]
    .rodata               const    0x00035c00     0x1c  multicast.o [44]
    .rodata               const    0x00035c1c     0x1c  fragment.o [44]
    .rodata               const    0x00035c38     0x24  jit.o [44]
    .rodata               const    0x00035c5c     0x40  rip.o [44]
    .rodata               const    0x00035c9c     0x20  mac-indirect.o [44]
    .rodata               const    0x00035cbc     0x40  mle.o [44]
    .rodata               const    0x00035cfc     0x34  child-aging.o [44]
    .rodata               const    0x00035d30     0x18  retry.o [44]
    .rodata               const    0x00035d48     0x5c  commission-dataset.o [44]
    .rodata               const    0x00035da4     0x18  association.o [44]
    .rodata               const    0x00035dbc     0x20  unicast-table.o [44]
    .rodata               const    0x00035ddc     0x1c  mac.o [44]
    .rodata               const    0x00035df8     0x64  network-fragmentation.o [44]
    .rodata               const    0x00035e5c     0x24  router-selection.o [44]
    .rodata               const    0x00035e80     0x2c  dhcp.o [36]
    .rodata               const    0x00035eac     0x24  connection.o [44]
    .rodata               const    0x00035ed0     0x10  ecjpake.o [41]
    .rodata               const    0x00035ee0     0x24  tls-test-credentials.o [44]
    .rodata               const    0x00035f04    0x26c  ieee802154_legacyphyconfig.o [44]
    .rodata               const    0x00036170    0x250  ieee802154_configurator_out.o [44]
    .rodata               const    0x000363c0      0xc  ecp.o [41]
    .rodata               const    0x000363cc     0x70  md_wrap.o [41]
    .rodata               const    0x0003643c      0x8  mfg-token.o [19]
    .rodata               const    0x00036444      0x8  tls-ccm-record.o [44]
    .data_init                     0x0003644c    0xd04  <Block>
      Initializer bytes   const    0x0003644c    0xd04  <for .data-1>
    __DLIB_PERTHREAD_init
                                   0x00037150     0x90  <Block>
      Initializer bytes   const    0x00037150     0x90  <for DLIB_PERTHREAD_INITIALIZED_DATA-1>
                                 - 0x000371e0  0x330e0

"NVM&SIMEE":                                    0x2000
  SIMEE                            0x0003e000   0x2000  <Block>
    SIMEE                 uninit   0x0003e000   0x2000  sim-eeprom.o [29]
                                 - 0x00040000   0x2000

"Heap":                                         0x1770
  EMHEAP_overlay                   0x20000000   0x1770  <Overlay>
    part 1:
      EMHEAP                       0x20000000   0x1770  <Block>
        EMHEAP            uninit   0x20000000   0x1770  ember-ip-configuration.o [31]
    part 2:
      RESETINFO                    0x20000000     0x9c  <Block>
        RESETINFO         rw data  0x20000000      0x0  faults-v7m.o [19]
        RESETINFO         rw data  0x20000000      0x0  isr-stubs.o [19]
        RESETINFO         uninit   0x20000000     0x9c  cstartup-common.o [19]
                                 - 0x20001770   0x1770

"Guard":                                          0x20
  GUARD_REGION            uninit   0x20001780     0x20  cstartup-common.o [19]
                                 - 0x200017a0     0x20

"APP rw":                                       0x3666
  APPRW_block                      0x20004988   0x3666  <Block>
    ALIGN_CSTACK                   0x20004988    0xed8  <Block>
      CSTACK                       0x20004988    0xed8  <Block>
        CSTACK            rw data  0x20004988      0x0  faults-v7m.o [19]
        CSTACK            rw data  0x20004988      0x0  isr-stubs.o [19]
        CSTACK            uninit   0x20004988    0xed8  cstartup-common.o [19]
    .textrw                        0x20005860    0x204  <Block>
      .textrw-1                    0x20005860    0x204  <Init block>
        .textrw           inited   0x20005860    0x204  em_msc.o [16]
    .data                          0x20005a64    0xd04  <Block>
      .data-1                      0x20005a64    0xd01  <Init block>
        .data             inited   0x20005a64      0x4  ember-ip-configuration.o [31]
        .data             inited   0x20005a68      0x4  ember-ip-configuration.o [31]
        .data             inited   0x20005a6c      0x4  ember-ip-configuration.o [31]
        .data             inited   0x20005a70      0x4  ember-ip-configuration.o [31]
        .data             inited   0x20005a74      0x4  ember-ip-configuration.o [31]
        .data             inited   0x20005a78      0x4  ember-ip-configuration.o [31]
        .data             inited   0x20005a7c      0x4  ember-ip-configuration.o [31]
        .data             inited   0x20005a80      0x4  ember-ip-configuration.o [31]
        .data             inited   0x20005a84      0x4  ember-ip-configuration.o [31]
        .data             inited   0x20005a88     0x80  com.o [28]
        .data             inited   0x20005b08     0x80  com.o [28]
        .data             inited   0x20005b88     0x5c  com.o [28]
        .data             inited   0x20005be4     0x50  mpu.o [19]
        .data             inited   0x20005c34     0x3c  display.o [18]
        .data             inited   0x20005c70    0x804  displayls013b7dh03.o [18]
        .data             inited   0x20006474      0x4  udelay.o [18]
        .data             inited   0x20006478      0x4  em_cmu.o [16]
        .data             inited   0x2000647c      0xc  system_efr32mg1p.o [16]
        .data             inited   0x20006488     0x28  rtcdriver.o [15]
        .data             inited   0x200064b0     0x20  tempdrv.o [15]
        .data             inited   0x200064d0     0x20  tempdrv.o [15]
        .data             inited   0x200064f0      0x4  buffer-management.o [44]
        .data             inited   0x200064f4      0x8  ip-stack.o [44]
        .data             inited   0x200064fc      0xc  ip-stack.o [44]
        .data             inited   0x20006508      0xc  global-prefix.o [44]
        .data             inited   0x20006514      0xc  commission.o [44]
        .data             inited   0x20006520      0xc  commission.o [44]
        .data             inited   0x2000652c      0xc  commission.o [44]
        .data             inited   0x20006538     0x20  join.o [44]
        .data             inited   0x20006558      0xc  local-server-data.o [44]
        .data             inited   0x20006564      0xc  distributed-key-management.o [44]
        .data             inited   0x20006570     0x10  scan.o [44]
        .data             inited   0x20006580      0x4  micro-internal.o [38]
        .data             inited   0x20006584     0x20  ip-address.o [44]
        .data             inited   0x200065a4      0xc  address-cache.o [44]
        .data             inited   0x200065b0      0x4  rip-neighbor.o [44]
        .data             inited   0x200065b4      0x8  6lowpan-header.o [44]
        .data             inited   0x200065bc     0x10  network-data.o [44]
        .data             inited   0x200065cc      0xc  multicast.o [44]
        .data             inited   0x200065d8     0x10  fragment.o [44]
        .data             inited   0x200065e8      0xc  jit.o [44]
        .data             inited   0x200065f4     0x1c  rip.o [44]
        .data             inited   0x20006610      0xc  mac-indirect.o [44]
        .data             inited   0x2000661c     0x10  mle.o [44]
        .data             inited   0x2000662c      0x4  mle.o [44]
        .data             inited   0x20006630      0xc  mle.o [44]
        .data             inited   0x2000663c      0x8  child-aging.o [44]
        .data             inited   0x20006644     0x18  child-aging.o [44]
        .data             inited   0x2000665c      0xc  retry.o [44]
        .data             inited   0x20006668      0x4  commission-dataset.o [44]
        .data             inited   0x2000666c      0xc  commission-dataset.o [44]
        .data             inited   0x20006678      0xc  commission-dataset.o [44]
        .data             inited   0x20006684      0xc  association.o [44]
        .data             inited   0x20006690      0xc  unicast-table.o [44]
        .data             inited   0x2000669c      0xc  mac.o [44]
        .data             inited   0x200066a8      0x8  dhcp-address-table.o [36]
        .data             inited   0x200066b0     0x20  network-fragmentation.o [44]
        .data             inited   0x200066d0      0xc  network-fragmentation.o [44]
        .data             inited   0x200066dc     0x14  router-selection.o [44]
        .data             inited   0x200066f0      0xc  dhcp.o [36]
        .data             inited   0x200066fc      0xc  connection.o [44]
        .data             inited   0x20006708      0x4  synth.o [44]
        .data             inited   0x2000670c      0x4  tls-test-credentials.o [44]
        .data             inited   0x20006710      0x4  ecp_curves.o [41]
        .data             inited   0x20006714      0xa  tftp.o [32]
        .data             inited   0x2000671e      0x2  ember-ip-configuration.o [31]
        .data             inited   0x20006720      0x4  random.o [19]
        .data             inited   0x20006724      0x4  debug-print.o [12]
        .data             inited   0x20006728      0x2  transport-header.o [44]
        .data             inited   0x2000672a      0x2  dispatch.o [44]
        .data             inited   0x2000672c      0x2  dispatch.o [44]
        .data             inited   0x2000672e      0x4  join.o [44]
        .data             inited   0x20006732      0x8  dtls-join.o [44]
        .data             inited   0x2000673a      0xa  phy-common.o [44]
        .data             inited   0x20006744      0x2  phy.o [44]
        .data             inited   0x20006746      0x4  coap.o [44]
        .data             inited   0x2000674a      0x2  child-data.o [44]
        .data             inited   0x2000674c      0x2  dtls.o [44]
        .data             inited   0x2000674e      0x2  ieee802154_phy.o [44]
        .data             inited   0x20006750      0x1  ember-ip-configuration.o [31]
        .data             inited   0x20006751      0x1  ember-ip-configuration.o [31]
        .data             inited   0x20006752      0x1  ember-ip-configuration.o [31]
        .data             inited   0x20006753      0x1  ember-ip-configuration.o [31]
        .data             inited   0x20006754      0x1  ip-stack.o [44]
        .data             inited   0x20006755      0x1  phy-common.o [44]
        .data             inited   0x20006756      0x1  phy-common.o [44]
        .data             inited   0x20006757      0x1  phy-common.o [44]
        .data             inited   0x20006758      0x1  phy-common.o [44]
        .data             inited   0x20006759      0x1  phy-common.o [44]
        .data             inited   0x2000675a      0x1  pa.o [44]
        .data             inited   0x2000675b      0x1  phy.o [44]
        .data             inited   0x2000675c      0x1  phy.o [44]
        .data             inited   0x2000675d      0x1  rip-neighbor.o [44]
        .data             inited   0x2000675e      0x1  multicast.o [44]
        .data             inited   0x2000675f      0x1  mac-efr32.o [44]
        .data             inited   0x20006760      0x1  mac-arbiter.o [44]
        .data             inited   0x20006761      0x1  command.o [44]
        .data             inited   0x20006762      0x1  dhcp.o [36]
        .data             inited   0x20006763      0x1  ip-mac-header.o [44]
        .data             inited   0x20006764      0x1  ip-mac-header.o [44]
    DLIB_PERTHREAD_INITIALIZED_DATA
                                   0x20006768     0x90  <Block>
      DLIB_PERTHREAD_INITIALIZED_DATA-1
                                   0x20006768     0x90  <Init block>
        __DLIB_PERTHREAD  inited   0x20006768     0x8c  rand.o [37]
        __DLIB_PERTHREAD  inited   0x200067f4      0x4  errno.o [37]
    DLIB_PERTHREAD_ZERO_DATA
                                   0x200067f8      0x0  <Block>
    .bss                           0x200067f8   0x17f6  <Block>
      .bss                uninit   0x200067f8     0xa0  rtcdriver.o [15]
      .bss                uninit   0x20006898     0x14  tftp-bootloader-server.o [32]
      .bss                uninit   0x200068ac     0x10  tftp.o [32]
      .bss                uninit   0x200068bc     0x20  ember-ip-configuration.o [31]
      .bss                uninit   0x200068dc     0x24  ember-ip-configuration.o [31]
      .bss                uninit   0x20006900     0x88  ember-ip-configuration.o [31]
      .bss                uninit   0x20006988     0x40  ember-ip-configuration.o [31]
      .bss                uninit   0x200069c8     0x40  ember-ip-configuration.o [31]
      .bss                uninit   0x20006a08     0x40  ember-ip-configuration.o [31]
      .bss                uninit   0x20006a48     0x10  ember-ip-configuration.o [31]
      .bss                uninit   0x20006a58     0x20  ember-ip-configuration.o [31]
      .bss                uninit   0x20006a78     0x24  ember-ip-configuration.o [31]
      .bss                uninit   0x20006a9c     0x20  sim-eeprom.o [29]
      .bss                uninit   0x20006abc     0x48  com.o [28]
      .bss                uninit   0x20006b04     0x88  com.o [28]
      .bss                uninit   0x20006b8c     0x88  com.o [28]
      .bss                uninit   0x20006c14     0x88  com.o [28]
      .bss                uninit   0x20006c9c     0x9c  com.o [28]
      .bss                uninit   0x20006d38     0x70  com.o [28]
      .bss                uninit   0x20006da8      0x4  com.o [28]
      .bss                uninit   0x20006dac     0x18  main.o [25]
      .bss                uninit   0x20006dc4      0xa  cstartup-common.o [19]
      .bss                uninit   0x20006dce      0x2  tftp-bootloader.o [32]
      .bss                uninit   0x20006dd0      0xc  micro.o [19]
      .bss                uninit   0x20006ddc      0x4  sleep-efm32.o [19]
      .bss                uninit   0x20006de0      0x4  sleep-efm32.o [19]
      .bss                uninit   0x20006de4     0x4c  dmd_display.o [18]
      .bss                uninit   0x20006e30     0x2c  graphics.o [18]
      .bss                uninit   0x20006e5c      0xc  graphics.o [18]
      .bss                uninit   0x20006e68     0x18  bootloader-interface-app.o [17]
      .bss                uninit   0x20006e80    0x1e0  bootloader-interface-app.o [17]
      .bss                uninit   0x20007060      0x8  em_emu.o [16]
      .bss                uninit   0x20007068      0x4  em_emu.o [16]
      .bss                uninit   0x2000706c      0x4  em_int.o [16]
      .bss                uninit   0x20007070      0x4  system_efr32mg1p.o [16]
      .bss                uninit   0x20007074     0x80  dmadrv.o [15]
      .bss                uninit   0x200070f4    0x100  dmadrv.o [15]
      .bss                uninit   0x200071f4     0x40  gpiointerrupt.o [15]
      .bss                uninit   0x20007234     0x48  tempdrv.o [15]
      .bss                uninit   0x2000727c     0x30  tempdrv.o [15]
      .bss                uninit   0x200072ac     0x14  uartdrv.o [15]
      .bss                uninit   0x200072c0      0xc  ustimer.o [15]
      .bss                uninit   0x200072cc     0x94  command-interpreter2-util.o [11]
      .bss                uninit   0x20007360      0x8  button-press.o [5]
      .bss                uninit   0x20007368      0x8  button-press.o [5]
      .bss                uninit   0x20007370     0x1c  adc.o [2]
      .bss                uninit   0x2000738c     0x94  sensor-actuator-node-implementation.o [1]
      .bss                uninit   0x20007420     0x14  sensor-actuator-node-implementation.o [1]
      .bss                uninit   0x20007434      0x8  dispatch.o [44]
      .bss                uninit   0x2000743c      0x4  dispatch.o [44]
      .bss                uninit   0x20007440      0x8  dispatch.o [44]
      .bss                uninit   0x20007448     0x2c  buffer-management.o [44]
      .bss                uninit   0x20007474      0xc  log.o [44]
      .bss                uninit   0x20007480     0x18  ip-stack.o [44]
      .bss                uninit   0x20007498      0x4  ip-stack.o [44]
      .bss                uninit   0x2000749c     0x14  global-prefix.o [44]
      .bss                uninit   0x200074b0      0x4  sim-eeprom-internal.o [43]
      .bss                uninit   0x200074b4      0xc  debug.o [44]
      .bss                uninit   0x200074c0      0x8  debug.o [44]
      .bss                uninit   0x200074c8      0x8  system-timer.o [38]
      .bss                uninit   0x200074d0     0x30  commission.o [44]
      .bss                uninit   0x20007500     0x28  commission.o [44]
      .bss                uninit   0x20007528     0x50  join.o [44]
      .bss                uninit   0x20007578     0x48  join.o [44]
      .bss                uninit   0x200075c0     0x3c  join.o [44]
      .bss                uninit   0x200075fc     0x18  dtls-join.o [44]
      .bss                uninit   0x20007614     0x54  distributed-key-management.o [44]
      .bss                uninit   0x20007668     0x20  scan.o [44]
      .bss                uninit   0x20007688      0xc  heartbeat-node-type-library.o [39]
      .bss                uninit   0x20007694     0x44  phy-common.o [44]
      .bss                uninit   0x200076d8     0x90  phy-common.o [44]
      .bss                uninit   0x20007768      0xc  pa.o [44]
      .bss                uninit   0x20007774      0x8  pti.o [44]
      .bss                uninit   0x2000777c      0x8  ip-address.o [44]
      .bss                uninit   0x20007784      0x8  coap.o [44]
      .bss                uninit   0x2000778c      0xc  rip-neighbor.o [44]
      .bss                uninit   0x20007798      0xe  network-data.o [44]
      .bss                uninit   0x200077a6      0x2  button-press.o [5]
      .bss                uninit   0x200077a8      0x8  rip.o [44]
      .bss                uninit   0x200077b0    0x280  rip.o [44]
      .bss                uninit   0x20007a30      0x8  mac-efr32.o [44]
      .bss                uninit   0x20007a38      0x8  mac-indirect.o [44]
      .bss                uninit   0x20007a40      0xc  mle.o [44]
      .bss                uninit   0x20007a4c     0x10  mle.o [44]
      .bss                uninit   0x20007a5c      0x4  child-aging.o [44]
      .bss                uninit   0x20007a60     0x40  retry.o [44]
      .bss                uninit   0x20007aa0      0x8  retry.o [44]
      .bss                uninit   0x20007aa8     0x68  commission-dataset.o [44]
      .bss                uninit   0x20007b10      0x8  commission-dataset.o [44]
      .bss                uninit   0x20007b18      0x8  commission-dataset.o [44]
      .bss                uninit   0x20007b20     0x38  association.o [44]
      .bss                uninit   0x20007b58     0x14  unicast-table.o [44]
      .bss                uninit   0x20007b6c     0x10  ip-mac-receive.o [44]
      .bss                uninit   0x20007b7c      0x8  jpake-ecc-mbedtls.o [41]
      .bss                uninit   0x20007b84      0xc  eui64.o [44]
      .bss                uninit   0x20007b90      0x8  eui64.o [44]
      .bss                uninit   0x20007b98      0x4  802-15-4-ccm.o [44]
      .bss                uninit   0x20007b9c      0xc  network-fragmentation.o [44]
      .bss                uninit   0x20007ba8     0x14  network-fragmentation.o [44]
      .bss                uninit   0x20007bbc      0x8  dhcp.o [36]
      .bss                uninit   0x20007bc4      0x4  dhcp.o [36]
      .bss                uninit   0x20007bc8      0x4  connection.o [44]
      .bss                uninit   0x20007bcc      0xe  ieee802154_phy.o [44]
      .bss                uninit   0x20007bda      0x2  dispatch.o [44]
      .bss                uninit   0x20007bdc      0x4  ieee802154_phy.o [44]
      .bss                uninit   0x20007be0     0x3c  ieee802154_phy.o [44]
      .bss                uninit   0x20007c1c     0x10  ieee802154_phy.o [44]
      .bss                uninit   0x20007c2c      0x8  radio.o [44]
      .bss                uninit   0x20007c34     0x10  radio.o [44]
      .bss                uninit   0x20007c44     0x40  radio.o [44]
      .bss                uninit   0x20007c84    0x240  radio.o [44]
      .bss                uninit   0x20007ec4     0x24  rf_test.o [44]
      .bss                uninit   0x20007ee8     0x10  synth.o [44]
      .bss                uninit   0x20007ef8      0x8  buffer-malloc.o [44]
      .bss                uninit   0x20007f00      0x8  em_emu.o [16]
      .bss                uninit   0x20007f08      0x2  mark-list.o [44]
      .bss                uninit   0x20007f0a      0x4  sim-eeprom-internal.o [43]
      .bss                uninit   0x20007f0e      0x4  local-server-data.o [44]
      .bss                uninit   0x20007f12      0x2  child-data.o [44]
      .bss                uninit   0x20007f14      0x4  udp.o [44]
      .bss                uninit   0x20007f18      0x6  multicast.o [44]
      .bss                uninit   0x20007f1e      0x4  fragment.o [44]
      .bss                uninit   0x20007f22      0x4  fragment.o [44]
      .bss                uninit   0x20007f26      0x4  jit.o [44]
      .bss                uninit   0x20007f2a      0x4  mac-indirect.o [44]
      .bss                uninit   0x20007f2e      0xe  mac-arbiter.o [44]
      .bss                uninit   0x20007f3c     0x80  mac.o [44]
      .bss                uninit   0x20007fbc      0x2  network-fragmentation.o [44]
      .bss                uninit   0x20007fbe      0x2  radio.o [44]
      .bss                uninit   0x20007fc0      0x4  tls-session-state.o [44]
      .bss                uninit   0x20007fc4      0x2  token.o [19]
      .bss                uninit   0x20007fc6      0x1  dmd_display.o [18]
      .bss                uninit   0x20007fc7      0x1  dmadrv.o [15]
      .bss                uninit   0x20007fc8      0x1  spidrv.o [15]
      .bss                uninit   0x20007fc9      0x2  tempdrv.o [15]
      .bss                uninit   0x20007fcb      0x2  button.o [6]
      .bss                uninit   0x20007fcd      0x1  thread-callback-stubs.o [1]
      .bss                uninit   0x20007fce      0x2  event-control.o [44]
      .bss                uninit   0x20007fd0      0x1  global-prefix.o [44]
      .bss                uninit   0x20007fd1      0x1  debug.o [44]
      .bss                uninit   0x20007fd2      0x1  debug-jtag.o [44]
      .bss                uninit   0x20007fd3      0x1  debug-jtag.o [44]
      .bss                uninit   0x20007fd4      0x1  join.o [44]
      .bss                uninit   0x20007fd5      0x1  join.o [44]
      .bss                uninit   0x20007fd6      0x1  phy-common.o [44]
      .bss                uninit   0x20007fd7      0x1  phy-common.o [44]
      .bss                uninit   0x20007fd8      0x1  phy-common.o [44]
      .bss                uninit   0x20007fd9      0x2  phy.o [44]
      .bss                uninit   0x20007fdb      0x1  dhcp-client.o [36]
      .bss                uninit   0x20007fdc      0x3  rip.o [44]
      .bss                uninit   0x20007fdf      0x1  mac-efr32.o [44]
      .bss                uninit   0x20007fe0      0x1  mac-arbiter.o [44]
      .bss                uninit   0x20007fe1      0x1  mac-arbiter.o [44]
      .bss                uninit   0x20007fe2      0x2  mle.o [44]
      .bss                uninit   0x20007fe4      0x1  mle.o [44]
      .bss                uninit   0x20007fe5      0x2  mac.o [44]
      .bss                uninit   0x20007fe7      0x1  address-management.o [44]
      .bss                uninit   0x20007fe8      0x1  command.o [44]
      .bss                uninit   0x20007fe9      0x2  command.o [44]
      .bss                uninit   0x20007feb      0x2  router-selection.o [44]
      .bss                uninit   0x20007fed      0x1  dhcp.o [36]
                                 - 0x20007fee   0x3666

"DEBUGCHAN":                                      0x10
  DEBUG_CHANNEL                    0x20007ff0     0x10  <Block>
    DEBUG_CHANNEL         uninit   0x20007ff0     0x10  debug-jtag.o [44]
                                 - 0x20008000     0x10

Absolute sections:                                0x94
  .noinit                 uninit   0x21000f6c     0x18  radio.o [44]
  .noinit                 uninit   0x21000f84     0x18  radio.o [44]
  .noinit                 uninit   0x21000f9c     0x24  radio.o [44]
  .noinit                 uninit   0x21000fc0      0xc  radio.o [44]
  .noinit                 uninit   0x21000fcc     0x28  radio.o [44]
  .noinit                 uninit   0x21000ff4      0xc  radio.o [44]
                                 - 0x21001000     0x94



*******************************************************************************
*** MODULE SUMMARY
***

    Module                                    ro code  rw code  ro data  rw data  rw data
                                                                                   (abs)
    ------                                    -------  -------  -------  -------  -------
C:\Users\hites\SimplicityStudio\bb_workspace\sensor-actuator-node\IAR ARM - Default: [1]
    sensor-actuator-node-implementation.o       5 388                24      168
    thread-bookkeeping.o                           76
    thread-callback-stubs.o                       264                          1
    thread-cli.o                                                  1 128
    thread-coap-dispatch.o                                          220
    thread-events.o                                                  56
    -------------------------------------------------------------------------------------
    Total:                                      5 728             1 428      169

C:\Users\hites\SimplicityStudio\bb_workspace\sensor-actuator-node\IAR ARM - Default\adc\EFR32: [2]
    adc.o                                         260                         28
    -------------------------------------------------------------------------------------
    Total:                                        260                         28

C:\Users\hites\SimplicityStudio\bb_workspace\sensor-actuator-node\IAR ARM - Default\address-configuration-debug: [3]
    address-configuration-debug.o                  88
    -------------------------------------------------------------------------------------
    Total:                                         88

C:\Users\hites\SimplicityStudio\bb_workspace\sensor-actuator-node\IAR ARM - Default\antenna-stub: [4]
    antenna-stub.o                                  4
    -------------------------------------------------------------------------------------
    Total:                                          4

C:\Users\hites\SimplicityStudio\bb_workspace\sensor-actuator-node\IAR ARM - Default\button-press: [5]
    button-press.o                                292                         18
    -------------------------------------------------------------------------------------
    Total:                                        292                         18

C:\Users\hites\SimplicityStudio\bb_workspace\sensor-actuator-node\IAR ARM - Default\button\EFR32: [6]
    button.o                                      342                          2
    -------------------------------------------------------------------------------------
    Total:                                        342                          2

C:\Users\hites\SimplicityStudio\bb_workspace\sensor-actuator-node\IAR ARM - Default\buzzer\EFR32: [7]
    -------------------------------------------------------------------------------------
    Total:

C:\Users\hites\SimplicityStudio\bb_workspace\sensor-actuator-node\IAR ARM - Default\cli: [8]
    cli.o                                          64
    -------------------------------------------------------------------------------------
    Total:                                         64

C:\Users\hites\SimplicityStudio\bb_workspace\sensor-actuator-node\IAR ARM - Default\coap-cli: [9]
    coap-cli.o                                    472
    -------------------------------------------------------------------------------------
    Total:                                        472

C:\Users\hites\SimplicityStudio\bb_workspace\sensor-actuator-node\IAR ARM - Default\coap-dispatch: [10]
    coap-dispatch.o                               172
    -------------------------------------------------------------------------------------
    Total:                                        172

C:\Users\hites\SimplicityStudio\bb_workspace\sensor-actuator-node\IAR ARM - Default\command-interpreter2: [11]
    command-interpreter2-error.o                  692               132
    command-interpreter2-util.o                   892                        148
    command-interpreter2.o                        788
    -------------------------------------------------------------------------------------
    Total:                                      2 372               132      148

C:\Users\hites\SimplicityStudio\bb_workspace\sensor-actuator-node\IAR ARM - Default\debug-print: [12]
    debug-print.o                                 344                 4        4
    -------------------------------------------------------------------------------------
    Total:                                        344                 4        4

C:\Users\hites\SimplicityStudio\bb_workspace\sensor-actuator-node\IAR ARM - Default\dhcp-client: [13]
    dhcp-client.o                                 212
    -------------------------------------------------------------------------------------
    Total:                                        212

C:\Users\hites\SimplicityStudio\bb_workspace\sensor-actuator-node\IAR ARM - Default\diagnostic\EFR32: [14]
    diagnostic.o                                2 244             1 256
    -------------------------------------------------------------------------------------
    Total:                                      2 244             1 256

C:\Users\hites\SimplicityStudio\bb_workspace\sensor-actuator-node\IAR ARM - Default\emdrv: [15]
    dmadrv.o                                    1 128                        385
    gpiointerrupt.o                               200                         64
    rtcdriver.o                                 1 336                40      200
    spidrv.o                                    3 856                          1
    tempdrv.o                                     728                64      186
    uartdrv.o                                   4 328                         20
    ustimer.o                                     404                         12
    -------------------------------------------------------------------------------------
    Total:                                     11 980               104      868

C:\Users\hites\SimplicityStudio\bb_workspace\sensor-actuator-node\IAR ARM - Default\emlib: [16]
    em_adc.o                                      540
    em_cmu.o                                    2 260                 4        4
    em_emu.o                                    1 688                         20
    em_gpio.o                                     332
    em_int.o                                                                   4
    em_ldma.o                                     432
    em_leuart.o                                    42
    em_mpu.o                                       80
    em_msc.o                                       40      516      516
    em_rmu.o                                      200
    em_rtcc.o                                     120
    em_system.o                                    52
    em_timer.o                                    240
    em_usart.o                                    494
    em_wdog.o                                      24
    system_efr32mg1p.o                            168                12       16
    -------------------------------------------------------------------------------------
    Total:                                      6 712      516      532       44

C:\Users\hites\SimplicityStudio\bb_workspace\sensor-actuator-node\IAR ARM - Default\external-generated-files: [17]
    bootloader-interface-app.o                    380                        504
    -------------------------------------------------------------------------------------
    Total:                                        380                        504

C:\Users\hites\SimplicityStudio\bb_workspace\sensor-actuator-node\IAR ARM - Default\glib\EFR32: [18]
    display.o                                     134                60       60
    displayls013b7dh03.o                          500             2 052    2 052
    displaypalemlib.o                             316
    dmd_display.o                                 728                         77
    glib.o                                        464
    glib_font_narrow_6x8.o                                          816
    glib_font_normal_8x8.o                                          816
    glib_rectangle.o                               34
    glib_string.o                                 436
    graphics.o                                    132                         56
    udelay.o                                      508                 4        4
    -------------------------------------------------------------------------------------
    Total:                                      3 252             3 748    2 249

C:\Users\hites\SimplicityStudio\bb_workspace\sensor-actuator-node\IAR ARM - Default\hal-library\EFR32: [19]
    assert-crash-handlers.o                       496
    crc.o                                          38
    cstartup-common.o                             192               480    3 842
    faults-v7m.o                                  126
    isr-stubs.o                                     4
    mem-util.o                                    246
    mfg-token.o                                   484                 8
    micro-common.o                                280
    micro.o                                       952               292       12
    mpu.o                                         138                80       80
    random.o                                       76                 4        4
    sleep-efm32.o                                 396                          8
    token-def.o                                                     884
    token.o                                       308                          2
    -------------------------------------------------------------------------------------
    Total:                                      3 736             1 748    3 948

C:\Users\hites\SimplicityStudio\bb_workspace\sensor-actuator-node\IAR ARM - Default\heartbeat-node-type: [20]
    heartbeat-node-type.o                          10
    -------------------------------------------------------------------------------------
    Total:                                         10

C:\Users\hites\SimplicityStudio\bb_workspace\sensor-actuator-node\IAR ARM - Default\icmp-cli: [21]
    icmp-cli.o                                    296
    -------------------------------------------------------------------------------------
    Total:                                        296

C:\Users\hites\SimplicityStudio\bb_workspace\sensor-actuator-node\IAR ARM - Default\icmp-debug: [22]
    icmp-debug.o                                  256
    -------------------------------------------------------------------------------------
    Total:                                        256

C:\Users\hites\SimplicityStudio\bb_workspace\sensor-actuator-node\IAR ARM - Default\idle-sleep: [23]
    idle-sleep.o                                  168
    -------------------------------------------------------------------------------------
    Total:                                        168

C:\Users\hites\SimplicityStudio\bb_workspace\sensor-actuator-node\IAR ARM - Default\led\EFR32: [24]
    led.o                                         176
    -------------------------------------------------------------------------------------
    Total:                                        176

C:\Users\hites\SimplicityStudio\bb_workspace\sensor-actuator-node\IAR ARM - Default\main: [25]
    main.o                                        532                         24
    -------------------------------------------------------------------------------------
    Total:                                        532                         24

C:\Users\hites\SimplicityStudio\bb_workspace\sensor-actuator-node\IAR ARM - Default\network-management-cli: [26]
    network-management-cli.o                    1 752
    -------------------------------------------------------------------------------------
    Total:                                      1 752

C:\Users\hites\SimplicityStudio\bb_workspace\sensor-actuator-node\IAR ARM - Default\scan-debug: [27]
    scan-debug.o                                  548
    -------------------------------------------------------------------------------------
    Total:                                        548

C:\Users\hites\SimplicityStudio\bb_workspace\sensor-actuator-node\IAR ARM - Default\serial\EFR32: [28]
    com.o                                       2 264               348    1 100
    ember-printf.o                                732
    serial.o                                      212
    -------------------------------------------------------------------------------------
    Total:                                      3 208               348    1 100

C:\Users\hites\SimplicityStudio\bb_workspace\sensor-actuator-node\IAR ARM - Default\sim-eeprom1\EFR32: [29]
    sim-eeprom.o                                  408                36    8 224
    -------------------------------------------------------------------------------------
    Total:                                        408                36    8 224

C:\Users\hites\SimplicityStudio\bb_workspace\sensor-actuator-node\IAR ARM - Default\slaac-client: [30]
    slaac-client.o                                216
    -------------------------------------------------------------------------------------
    Total:                                        216

C:\Users\hites\SimplicityStudio\bb_workspace\sensor-actuator-node\IAR ARM - Default\stack\thread-stack: [31]
    ember-ip-configuration.o                       68                58      522
    -------------------------------------------------------------------------------------
    Total:                                         68                58      522

C:\Users\hites\SimplicityStudio\bb_workspace\sensor-actuator-node\IAR ARM - Default\tftp-bootload-target: [32]
    tftp-15-4.o                                    74
    tftp-bootload.o                                20
    tftp-bootloader-server.o                      832                         20
    tftp-bootloader.o                             220                          2
    tftp-server.o                                 776
    tftp.o                                        292                10       26
    -------------------------------------------------------------------------------------
    Total:                                      2 214                10       48

C:\Users\hites\SimplicityStudio\bb_workspace\sensor-actuator-node\IAR ARM - Default\udp-cli: [33]
    udp-cli.o                                     196
    -------------------------------------------------------------------------------------
    Total:                                        196

C:\Users\hites\SimplicityStudio\bb_workspace\sensor-actuator-node\IAR ARM - Default\version-debug: [34]
    version-debug.o                               168                48
    -------------------------------------------------------------------------------------
    Total:                                        168                48

command line: [35]
    -------------------------------------------------------------------------------------
    Total:

dhcp-library.a: [36]
    dhcp-address-table.o                          200                 8        8
    dhcp-client.o                                 532                          1
    dhcp-server.o                                 580
    dhcp.o                                      2 468                57       26
    -------------------------------------------------------------------------------------
    Total:                                      3 780                65       35

dl7M_tln.a: [37]
    errno.o                                        12                 4        4
    rand.o                                        224               140      140
    snprintf.o                                     68
    sprintf.o                                      52
    strncmp.o                                      44
    strnlen.o                                      22
    strrchr.o                                      24
    xprintfsmall.o                              1 240
    xsnprout.o                                     26
    xsprout.o                                      10
    xstoul.o                                      412
    xtls.o                                          2
    -------------------------------------------------------------------------------------
    Total:                                      2 136               144      144

hal-library.a: [38]
    cstartup-iar.o                                384
    flash.o                                       200
    micro-common-internal.o                         4
    micro-internal.o                              400                 4        4
    register-access.o                              46
    system-timer.o                                220                          8
    -------------------------------------------------------------------------------------
    Total:                                      1 254                 4       12

heartbeat-node-type-library.a: [39]
    heartbeat-node-type-library.o                 140                         12
    -------------------------------------------------------------------------------------
    Total:                                        140                         12

m7M_tls.a: [40]
    DblDiv.o                                      598
    DblToFlt.o                                    144
    FltToDbl.o                                     78
    fpinit_M.o                                     34
    -------------------------------------------------------------------------------------
    Total:                                        854

mbedtls-library.a: [41]
    bignum.o                                    4 532
    ecjpake.o                                   2 516                16
    ecp.o                                       5 760                12
    ecp_curves.o                                1 160                 4        4
    jpake-ecc-mbedtls.o                           696                          8
    md.o                                           68
    md_wrap.o                                      80               112
    sha256.o                                       54
    sl_ecp.o                                    1 672
    sl_sha256.o                                   708
    -------------------------------------------------------------------------------------
    Total:                                     17 246               144       12

rt7M_tl.a: [42]
    ABImemclr.o                                     6
    ABImemclr4.o                                    6
    ABImemcpy_unaligned.o                         118
    ABImemset.o                                   102
    ABImemset48.o                                  58
    I64DivMod.o                                   306
    I64DivZer.o                                     2
    memchr.o                                       88
    memcmp_unaligned.o                             98
    strchr.o                                       22
    strcmp_unaligned.o                             66
    strlen.o                                       54
    strncpy_unaligned.o                           108
    -------------------------------------------------------------------------------------
    Total:                                      1 034

sim-eeprom1-library.a: [43]
    sim-eeprom-internal.o                       2 860                          8
    -------------------------------------------------------------------------------------
    Total:                                      2 860                          8

thread-stack.a: [44]
    6lowpan-header.o                            3 244                 8        8
    802-15-4-ccm.o                              1 164                          4
    address-cache.o                               984                28       12
    address-management.o                        1 512                          1
    aes.o                                         212
    association.o                                 212                36       68
    buffer-malloc.o                               292                          8
    buffer-management.o                         3 188                 4       48
    buffer-queue.o                                772
    byte-utilities.o                              472
    child-aging.o                                 668                84       36
    child-data.o                                2 008                 2        4
    child-table.o                                 164
    coap-diagnostic-stack.o                     1 084
    coap-stack.o                                1 000
    coap.o                                      2 952               684       12
    command.o                                     652                 1        4
    commission-dataset.o                        3 832               120      148
    commission.o                                7 528               144      124
    connection.o                                  640                48       16
    context-table.o                               314
    debug-jtag.o                                  482                         18
    debug.o                                       668                         21
    dispatch.o                                  4 328                 4       26
    distributed-key-management.o                1 156                44       96
    dtls-join.o                                 1 540                 8       32
    dtls.o                                      1 244                 2        2
    em_crypto.o                                   350
    eui64.o                                        76                         20
    event-control.o                               420                          2
    event-queue.o                                 860
    fragment.o                                  2 076                44       24
    global-prefix.o                             1 350                44       33
    icmp-simple.o                                 174
    icmp.o                                        246
    ieee802154_MRFSKFECWhiteningModeSwitch.o       32
    ieee802154_annotated.o                                        3 660
    ieee802154_configurator_out.o                                   592
    ieee802154_filtering.o                        104
    ieee802154_legacyphyconfig.o                  160               620
    ieee802154_phy.o                            2 664                 2       96
    ip-address.o                                1 516                80       40
    ip-header.o                                   952
    ip-mac-header.o                             2 328                 2        2
    ip-mac-receive.o                              604                         16
    ip-packet-header.o                            900
    ip-stack.o                                  3 008                61       49
    ir_cal.o                                       94
    jit.o                                         536                48       16
    join.o                                      6 256                88      250
    local-server-data.o                         1 508                44       16
    log.o                                          56                         12
    mac-arbiter.o                                 976                 1       17
    mac-efr32.o                                   336                 1       10
    mac-header-util.o                              72
    mac-indirect.o                              1 404                44       24
    mac.o                                         560                40      142
    mark-list.o                                   196                          2
    mle.o                                       8 476                96       63
    multicast.o                                   640                41       19
    network-data.o                              4 096                48       30
    network-fragmentation.o                       892               144       78
    pa.o                                        1 680                 1       13
    phy-common.o                                2 600                15      230
    phy-util.o                                     18
    phy.o                                         300                 4        6
    phy_utils.o                                    42
    protimer.o                                    404
    pti.o                                         272                          8
    radio.o                                     2 012                        666      148
    radio_cmu.o                                   196
    retry.o                                       616                36       84
    rf_rand.o                                     332
    rf_test.o                                     136                         36
    rip-neighbor.o                              3 596                21       17
    rip.o                                       2 076                92      679
    router-selection.o                            604                56       22
    scan.o                                      1 188                40       48
    sha256.o                                    1 032
    synth.o                                       720                 4       20
    tcp-stub.o                                     14
    tempcal.o                                      80
    thread-key-stretch.o                          492
    tls-ccm-record.o                            1 284                 8
    tls-handshake-crypto.o                        728
    tls-handshake.o                             4 292
    tls-jpake.o                                   100
    tls-record-util.o                             784
    tls-session-state.o                           144                          4
    tls-test-credentials.o                                           40        4
    transport-header.o                            936                 2        2
    udp-simple.o                                   78
    udp.o                                         848                          4
    unicast-table.o                               128                44       32
    wakeup-stubs.o                                 14
    -------------------------------------------------------------------------------------
    Total:                                    113 976             7 280    3 524      148

    Gaps                                           74                36
    Linker created                                 24                 3    6 000
-----------------------------------------------------------------------------------------
    Grand Total:                              192 248      516   17 128   27 647      148


*******************************************************************************
*** ENTRY LIST
***

Entry                      Address    Size  Type      Object
-----                      -------    ----  ----      ------
[...]
secp256r1_b             0x0002efd4    0x20  Data  Lc  ecp_curves.o [41]
secp256r1_gx            0x0002eff4    0x20  Data  Lc  ecp_curves.o [41]
secp256r1_gy            0x0002f014    0x20  Data  Lc  ecp_curves.o [41]
secp256r1_n             0x0002f034    0x20  Data  Lc  ecp_curves.o [41]
secp256r1_p             0x0002efb4    0x20  Data  Lc  ecp_curves.o [41]
securityErrorsHandler   0x00025e37     0x6  Code  Lc  coap-diagnostic-stack.o [44]
seed0                   0x20006720     0x2  Data  Gb  random.o [19]
seed1                   0x20006722     0x2  Data  Gb  random.o [19]
sendAccept              0x0000e0cf   0x148  Code  Lc  mle.o [44]
sendChangeCipherSpec    0x00022055    0x24  Code  Lc  tls-handshake.o [44]
sendClientHelloHandler  0x00021741   0x16c  Code  Lc  tls-handshake.o [44]
sendClientKeyExchange   0x00021f7b    0xb8  Code  Lc  tls-handshake.o [44]
sendCommissionerStatus  0x000136fb    0xe0  Code  Lc  commission.o [44]
sendDhcpSolicit         0x0002b7ed    0xde  Code  Lc  dhcp-client.o [36]
sendDtlsRecords         0x0001edd3    0x50  Code  Lc  dtls.o [44]
sendFinished            0x00022079    0x42  Code  Lc  tls-handshake.o [44]
sendHelloRequest        0x0002171f    0x18  Code  Lc  tls-handshake.o [44]
sendKeepalive           0x00014d43    0x36  Code  Lc  commission.o [44]
sendManagementDataset   0x000159c5    0x60  Code  Lc  commission-dataset.o [44]
sendManagementDatasetChanged
                        0x00015a29    0x2c  Code  Lc  commission-dataset.o [44]
sendNextMleDiscovery    0x000111e1    0x4c  Code  Lc  join.o [44]
sendOkayToSend          0x00028e9b    0x3e  Code  Lc  tftp-bootloader-server.o [32]
sendOneHopMleMessage    0x0000e33d    0x26  Code  Lc  mle.o [44]
sendRecord              0x0002be31   0x10e  Code  Lc  tls-ccm-record.o [44]
sendResponse            0x0000b90b    0x60  Code  Lc  coap.o [44]
sendServerHello         0x00021c7b   0x136  Code  Lc  tls-handshake.o [44]
sendServerHelloDone     0x00021dd5    0x24  Code  Lc  tls-handshake.o [44]
sendServerKeyExchange   0x00021dc7     0xe  Code  Lc  tls-handshake.o [44]
sendSetResponse         0x00015359    0x34  Code  Lc  commission-dataset.o [44]
sendSimpleOneHopMleMessage
                        0x0000e363    0x22  Code  Lc  mle.o [44]
sendToLeaderWithHandlerData
                        0x00014485    0x5e  Code  Lc  commission.o [44]
seqMisc                 0x21000f6c    0x18  Data  Gb  radio.o [44]
seqNo                   0x200076d4     0x4  Data  Gb  phy-common.o [44]
seqPaConfig             0x21000fc0     0xc  Data  Gb  radio.o [44]
seqStack                0x21000fcc    0x28  Data  Gb  radio.o [44]
seqTimestamps           0x21000f84    0x18  Data  Gb  radio.o [44]
seqTiming               0x21000f9c    0x24  Data  Gb  radio.o [44]
seqVirtualReg           0x21000ff4     0xc  Data  Gb  radio.o [44]
sequenceNumber          0x20007fd3     0x1  Data  Lc  debug-jtag.o [44]
serverDataHandler       0x00023de9    0x46  Code  Lc  address-management.o [44]
servicesState           0x20007f0e     0x1  Data  Lc  local-server-data.o [44]
setActiveDataset        0x00015735    0x92  Code  Lc  commission-dataset.o [44]
setCustomMacExtendedId  0x00010c3d    0x24  Code  Lc  join.o [44]
setDatasetTlvs          0x00015dcb    0xd2  Code  Lc  commission-dataset.o [44]
setDestinationMode      0x0001d57f    0x20  Code  Lc  ip-packet-header.o [44]
setHfLeConfig           0x0001b79f    0x20  Code  Lc  em_cmu.o [16]
setLifetime             0x0001fa75    0x6e  Code  Lc  dhcp.o [36]
setMleAdvertisementDelay
                        0x0000cbbd    0x4e  Code  Lc  rip.o [44]
setNextStateWithDelay   0x00019627     0xc  Code  Lc  sensor-actuator-node-implementation.o [1]
setPendingDataset       0x000157cd    0x28  Code  Lc  commission-dataset.o [44]
setPendingIndirectFlag  0x000098fb    0x4c  Code  Lc  mac-indirect.o [44]
setPendingToActiveEvent
                        0x0001511f     0xa  Code  Lc  commission-dataset.o [44]
setUnreachabilityTimer  0x0000cc27    0x14  Code  Lc  rip.o [44]
sha224_clone_wrap       0x00033293     0x4  Code  Lc  md_wrap.o [41]
sha224_ctx_alloc        0x0003326b    0x16  Code  Lc  md_wrap.o [41]
sha224_ctx_free         0x00033281    0x12  Code  Lc  md_wrap.o [41]
sha224_finish_wrap      0x00033261     0x4  Code  Lc  md_wrap.o [41]
sha224_process_wrap     0x00033297     0x4  Code  Lc  md_wrap.o [41]
sha224_starts_wrap      0x00033257     0x6  Code  Lc  md_wrap.o [41]
sha224_update_wrap      0x0003325d     0x4  Code  Lc  md_wrap.o [41]
sha224_wrap             0x00033265     0x6  Code  Lc  md_wrap.o [41]
sha256_padding          0x000331f4    0x40  Data  Lc  sl_sha256.o [41]
sha256_starts_wrap      0x0003329b     0x6  Code  Lc  md_wrap.o [41]
sha256_wrap             0x000332a1     0x6  Code  Lc  md_wrap.o [41]
sharedKey               0x00035ee4    0x10  Data  Gb  tls-test-credentials.o [44]
sharedKeyName           0x00035ee0     0x1  Data  Gb  tls-test-credentials.o [44]
shift                   0x0001d423    0x10  Code  Lc  random.o [19]
simEe2offset            0x200074b0     0x4  Data  Gb  sim-eeprom-internal.o [43]
simEeErasePage          0x000263b7    0x16  Code  Lc  sim-eeprom-internal.o [43]
simEeSetDataActiveSemaphore
                        0x20007fc5     0x1  Data  Gb  token.o [19]
simulatedEepromStorage  0x0003e000  0x2000  Data  Gb  sim-eeprom.o [29]
sizeCache               0x000341a0    0x10  Data  Gb  sim-eeprom.o [29]
skipOverNotLive         0x00008a8b    0x16  Code  Lc  buffer-management.o [44]
sleepTimerInterruptOccurred
                        0x200074c8     0x1  Data  Lc  system-timer.o [38]
sleepyBroadcastEvent    0x200065e8     0xc  Data  Lc  jit.o [44]
sleepyBroadcastEventActions
                        0x00035c4c    0x10  Data  Lc  jit.o [44]
sleepyBroadcastEventHandler
                        0x0001cae7    0x18  Code  Lc  jit.o [44]
sniffBaudHz             0x20007778     0x4  Data  Lc  pti.o [44]
sniffMode               0x20007774     0x4  Data  Lc  pti.o [44]
snprintf                0x00028219    0x44  Code  Gb  snprintf.o [37]
sortTlvs                0x00016917    0x64  Code  Lc  network-data.o [44]
sourceAddressHandler    0x00025cb5    0x20  Code  Lc  coap-diagnostic-stack.o [44]
spidrvIsInitialized     0x20007fc8     0x1  Data  Lc  spidrv.o [15]
sprintf                 0x00028b21    0x34  Code  Gb  sprintf.o [37]
stackCoapMessageHandler
                        0x0001ffc1     0x4  Code  Lc  coap-stack.o [44]
stackEvents             0x000066d4     0x8  Data  Lc  ip-stack.o [44]
stackIsInitialized      0x20006dad     0x1  Data  Lc  main.o [25]
startAttach             0x00011cfd    0x96  Code  Lc  join.o [44]
startChannelScan        0x0001d2ed    0x82  Code  Lc  scan.o [44]
startDiscovery          0x0001322d    0x5a  Code  Lc  address-cache.o [44]
startFormActiveScan     0x00011b11    0x38  Code  Lc  join.o [44]
startFragmentIfJoinFails
                        0x20007580     0x1  Data  Lc  join.o [44]
startHostJoinClient     0x20007594     0x4  Data  Lc  join.o [44]
startJoin               0x0001100b    0x4e  Code  Lc  join.o [44]
startMessage            0x0000852b    0x14  Code  Lc  debug.o [44]
startMessageTimeout     0x0001ed9d    0x36  Code  Gb  dtls.o [44]
startTimerNestingLevel  0x2000649c     0x4  Data  Lc  rtcdriver.o [15]
state                   0x2000738e     0x1  Data  Lc  sensor-actuator-node-implementation.o [1]
stateActions            0x000223d0   0x168  Data  Lc  tls-handshake.o [44]
stateEventControl       0x200073a4     0x8  Data  Gb  sensor-actuator-node-implementation.o [1]
stateEventHandler       0x00019579    0xae  Code  Gb  sensor-actuator-node-implementation.o [1]
statsTable              0x200074b4     0xc  Data  Lc  debug.o [44]
statusMap               0x0000b3fc    0x20  Data  Lc  coap.o [44]
statusReports           0x0001ed94     0x8  Data  Lc  connection.o [44]
steeringData            0x200074d8    0x10  Data  Lc  commission.o [44]
steeringDataLength      0x200074d0     0x1  Data  Lc  commission.o [44]
steeringDataOp          0x00013439    0xb2  Code  Lc  commission.o [44]
stopReportCommand       0x000194b3    0x12  Code  Gb  sensor-actuator-node-implementation.o [1]
stopReportingTemperature
                        0x000194c9    0x2a  Code  Lc  sensor-actuator-node-implementation.o [1]
storeChildAddresses     0x0000d483    0x16  Code  Lc  mle.o [44]
storeCoapOption         0x0000b443    0x8c  Code  Lc  coap.o [44]
storeCounter            0x00025dbf    0x14  Code  Lc  coap-diagnostic-stack.o [44]
storeMulticastOption    0x00027007    0x38  Code  Lc  ip-header.o [44]
strchr                  0x00031855          Code  Gb  strchr.o [42]
stringToBytes           0x00004cdf   0x1b4  Code  Lc  ip-address.o [44]
strlen                  0x00025c51          Code  Gb  strlen.o [42]
strncmp                 0x00025c87    0x2c  Code  Gb  strncmp.o [37]
strnlen                 0x00006c57    0x16  Code  Gb  strnlen.o [37]
sub32                   0x0002ecc9    0x18  Code  Lc  ecp_curves.o [41]
submitCount             0x20007aa1     0x1  Data  Lc  retry.o [44]
submitMessage           0x0001fc6d    0x5c  Code  Lc  coap-stack.o [44]
subscribeHandler        0x00019031    0x54  Code  Gb  sensor-actuator-node-implementation.o [1]
subscriberAddress       0x200073fc    0x10  Data  Lc  sensor-actuator-node-implementation.o [1]
successTlv              0x00014234     0x4  Data  Lc  commission.o [44]
swoOutput               0x000080df    0xa8  Code  Lc  debug-jtag.o [44]
syncForMulticast        0x0001a7d1    0xb6  Code  Lc  rip-neighbor.o [44]
syncReg                 0x0001b87d    0x12  Code  Lc  em_cmu.o [16]
systemTimerId           0x200074cc     0x4  Data  Lc  system-timer.o [38]
tempdrvHighCallbacks    0x20007234    0x30  Data  Lc  tempdrv.o [15]
tempdrvLowCallbacks     0x2000727c    0x30  Data  Lc  tempdrv.o [15]
temperatureUri          0x0001927c    0x14  Data  Lc  sensor-actuator-node-implementation.o [1]
theAttachData           0x200075c0    0x3c  Data  Lc  join.o [44]
theJoinScanCache        0x20007578     0x4  Data  Lc  join.o [44]
theSharedKey            0x00035ef4    0x10  Data  Lc  tls-test-credentials.o [44]
threadKeys              0x20007628    0x20  Data  Lc  distributed-key-management.o [44]
timeElapsed             0x200072c0     0x1  Data  Lc  ustimer.o [15]
timeoutHandler          0x00025cff    0x12  Code  Lc  coap-diagnostic-stack.o [44]
timeoutPools            0x00009d0f    0xb2  Code  Lc  mac-indirect.o [44]
timer                   0x200067f8    0xa0  Data  Lc  rtcdriver.o [15]
tlvBit                  0x0000d201    0x14  Code  Lc  mle.o [44]
tlvData                 0x00013350    0xe8  Data  Lc  commission.o [44]
tlvData                 0x000151f4    0xa0  Data  Lc  commission-dataset.o [44]
tlvData                 0x000240ac    0x58  Data  Lc  address-management.o [44]
tlvMap                  0x000156f8    0x3c  Data  Gb  commission-dataset.o [44]
tlvRanges               0x00013348     0x8  Data  Lc  commission.o [44]
tlvRequested            0x0000d22b    0x16  Code  Lc  mle.o [44]
tokenArraySize          0x00034310    0x10  Data  Gb  token-def.o [19]
tokenCreators           0x000342d4    0x1c  Data  Gb  token-def.o [19]
tokenData               0x00015edc    0x48  Data  Lc  commission-dataset.o [44]
tokenDefaults           0x00034614    0x34  Data  Gb  token-def.o [19]
tokenIsCnt              0x000342f0    0x10  Data  Gb  token-def.o [19]
tokenPredicate          0x0000b21b    0x14  Code  Lc  coap.o [44]
tokenSize               0x00034300    0x10  Data  Gb  token-def.o [19]
tokensActive            0x20007fc4     0x1  Data  Gb  token.o [19]
tracePhase              0x2000744a     0x1  Data  Lc  buffer-management.o [44]
transmitBuffer          0x00005449    0x60  Code  Lc  com.o [28]
transmitCatchUp         0x000053bf    0x82  Code  Lc  com.o [28]
transmitComplete        0x00018565    0xc6  Code  Lc  dispatch.o [44]
transmitQueue           0x20007f38     0x2  Data  Lc  mac-arbiter.o [44]
trickleExponent         0x200065f4     0x1  Data  Lc  rip.o [44]
twoWayQualityFromCache  0x00011c8d    0x24  Code  Lc  join.o [44]
txBuffer                0x200074c4     0x4  Data  Lc  debug.o [44]
txBufferLength          0x200074c1     0x1  Data  Lc  debug.o [44]
txBufferSize            0x200074c0     0x1  Data  Lc  debug.o [44]
txCb                    0x20006dd4     0x4  Data  Lc  micro.o [19]
txHeaderLength          0x0002bdab    0x16  Code  Lc  tls-ccm-record.o [44]
txReq                   0x20006dd1     0x1  Data  Lc  micro.o [19]
txState                 0x20007698     0x1  Data  Gb  phy-common.o [44]
typeAndPortEnabled      0x0002c271    0x10  Code  Lc  log.o [44]
uartdrvHandle           0x200072b0    0x10  Data  Lc  uartdrv.o [15]
uartdrvHandleIsInitialized
                        0x200072ac     0x1  Data  Lc  uartdrv.o [15]
uarthandle              0x20005bd8     0xc  Data  Gb  com.o [28]
uarthandledata          0x20006c9c    0x9c  Data  Lc  com.o [28]
udpListenCommand        0x0003195d    0x34  Code  Gb  udp-cli.o [33]
udpSendCommand          0x00031991    0x52  Code  Gb  udp-cli.o [33]
udpStatusHandler        0x0000c18f    0x38  Code  Lc  dtls-join.o [44]
ulaPrefix               0x0001a0e4     0x8  Data  Lc  sensor-actuator-node-implementation.o [1]
unicastHead             0x20007b58     0x1  Data  Lc  unicast-table.o [44]
unicastTableEvent       0x20006690     0xc  Data  Lc  unicast-table.o [44]
unicastTableEventActions
                        0x00035dcc    0x10  Data  Lc  unicast-table.o [44]
unicastTableEventHandler
                        0x0000fbd1    0x1e  Code  Lc  unicast-table.o [44]
uninitializedIsr        0x0003232d          Code  Gb  faults-v7m.o [19]
unloadTxBuffer          0x00005387    0x2c  Code  Lc  com.o [28]
updateBuffer            0x00005267    0x32  Code  Gb  com.o [28]
updateCommissioningDatasets
                        0x0000d241    0xa0  Code  Lc  mle.o [44]
updateDisplayEventControl
                        0x200073ac     0x8  Data  Gb  sensor-actuator-node-implementation.o [1]
updateDisplayEventHandler
                        0x00019659    0xe4  Code  Gb  sensor-actuator-node-implementation.o [1]
updateInterrupts        0x0002b42d    0x9c  Code  Lc  tempdrv.o [15]
updateMacFrameCounter   0x0000f1c7    0x4a  Code  Lc  mle.o [44]
updateNetworkData       0x0000d2e1     0xa  Code  Lc  mle.o [44]
uriEquals               0x00025e9f    0x32  Code  Lc  coap-diagnostic-stack.o [44]
uriHandlers             0x00014374    0x9c  Data  Lc  commission.o [44]
uriHandlers             0x00015f24    0x48  Data  Lc  commission-dataset.o [44]
uriHandlers             0x00024104    0x54  Data  Lc  address-management.o [44]
use1MHzClock            0x2000737c     0x1  Data  Lc  adc.o [2]
userData                0x20007468     0x4  Data  Lc  buffer-management.o [44]
userDataCount           0x20007450     0x2  Data  Lc  buffer-management.o [44]
vcoGainPte              0x20007ee8     0x1  Data  Gb  synth.o [44]
verifyAppBlVersion      0x00030829    0x26  Code  Lc  bootloader-interface-app.o [17]
versionTypeNames        0x00004474    0x18  Data  Lc  version-debug.o [34]
voltageHandler          0x00025e43     0x6  Code  Lc  coap-diagnostic-stack.o [44]
wakeInfo                0x20006ddc     0x4  Data  Lc  sleep-efm32.o [19]
wallClockOverflowCnt    0x200064a0     0x4  Data  Lc  rtcdriver.o [15]
wallClockTimeBase       0x200064a4     0x4  Data  Lc  rtcdriver.o [15]
write16                 0x0002fb61    0x4c  Code  Gb  flash.o [38]
writeHelloStart         0x000216b7    0x48  Code  Lc  tls-handshake.o [44]
writePageCounters       0x00026a25    0x78  Code  Lc  sim-eeprom-internal.o [43]
writeSessionId          0x000216ff    0x20  Code  Lc  tls-handshake.o [44]
writeTlsRecordHeader    0x0002bd6d    0x3e  Code  Lc  tls-ccm-record.o [44]
writeTokenBlockData     0x00026319    0x54  Code  Lc  sim-eeprom-internal.o [43]
wrongMessage            0x0002215f     0x4  Code  Lc  tls-handshake.o [44]
xferCfg                 0x0001c5a4    0x10  Data  Gb  dmadrv.o [15]
xor16                   0x00022ce9    0x14  Code  Lc  thread-key-stretch.o [44]


[1] = C:\Users\hites\SimplicityStudio\bb_workspace\sensor-actuator-node\IAR ARM - Default
[2] = C:\Users\hites\SimplicityStudio\bb_workspace\sensor-actuator-node\IAR ARM - Default\adc\EFR32
[3] = C:\Users\hites\SimplicityStudio\bb_workspace\sensor-actuator-node\IAR ARM - Default\address-configuration-debug
[4] = C:\Users\hites\SimplicityStudio\bb_workspace\sensor-actuator-node\IAR ARM - Default\antenna-stub
[5] = C:\Users\hites\SimplicityStudio\bb_workspace\sensor-actuator-node\IAR ARM - Default\button-press
[6] = C:\Users\hites\SimplicityStudio\bb_workspace\sensor-actuator-node\IAR ARM - Default\button\EFR32
[7] = C:\Users\hites\SimplicityStudio\bb_workspace\sensor-actuator-node\IAR ARM - Default\buzzer\EFR32
[8] = C:\Users\hites\SimplicityStudio\bb_workspace\sensor-actuator-node\IAR ARM - Default\cli
[9] = C:\Users\hites\SimplicityStudio\bb_workspace\sensor-actuator-node\IAR ARM - Default\coap-cli
[10] = C:\Users\hites\SimplicityStudio\bb_workspace\sensor-actuator-node\IAR ARM - Default\coap-dispatch
[11] = C:\Users\hites\SimplicityStudio\bb_workspace\sensor-actuator-node\IAR ARM - Default\command-interpreter2
[12] = C:\Users\hites\SimplicityStudio\bb_workspace\sensor-actuator-node\IAR ARM - Default\debug-print
[13] = C:\Users\hites\SimplicityStudio\bb_workspace\sensor-actuator-node\IAR ARM - Default\dhcp-client
[14] = C:\Users\hites\SimplicityStudio\bb_workspace\sensor-actuator-node\IAR ARM - Default\diagnostic\EFR32
[15] = C:\Users\hites\SimplicityStudio\bb_workspace\sensor-actuator-node\IAR ARM - Default\emdrv
[16] = C:\Users\hites\SimplicityStudio\bb_workspace\sensor-actuator-node\IAR ARM - Default\emlib
[17] = C:\Users\hites\SimplicityStudio\bb_workspace\sensor-actuator-node\IAR ARM - Default\external-generated-files
[18] = C:\Users\hites\SimplicityStudio\bb_workspace\sensor-actuator-node\IAR ARM - Default\glib\EFR32
[19] = C:\Users\hites\SimplicityStudio\bb_workspace\sensor-actuator-node\IAR ARM - Default\hal-library\EFR32
[20] = C:\Users\hites\SimplicityStudio\bb_workspace\sensor-actuator-node\IAR ARM - Default\heartbeat-node-type
[21] = C:\Users\hites\SimplicityStudio\bb_workspace\sensor-actuator-node\IAR ARM - Default\icmp-cli
[22] = C:\Users\hites\SimplicityStudio\bb_workspace\sensor-actuator-node\IAR ARM - Default\icmp-debug
[23] = C:\Users\hites\SimplicityStudio\bb_workspace\sensor-actuator-node\IAR ARM - Default\idle-sleep
[24] = C:\Users\hites\SimplicityStudio\bb_workspace\sensor-actuator-node\IAR ARM - Default\led\EFR32
[25] = C:\Users\hites\SimplicityStudio\bb_workspace\sensor-actuator-node\IAR ARM - Default\main
[26] = C:\Users\hites\SimplicityStudio\bb_workspace\sensor-actuator-node\IAR ARM - Default\network-management-cli
[27] = C:\Users\hites\SimplicityStudio\bb_workspace\sensor-actuator-node\IAR ARM - Default\scan-debug
[28] = C:\Users\hites\SimplicityStudio\bb_workspace\sensor-actuator-node\IAR ARM - Default\serial\EFR32
[29] = C:\Users\hites\SimplicityStudio\bb_workspace\sensor-actuator-node\IAR ARM - Default\sim-eeprom1\EFR32
[30] = C:\Users\hites\SimplicityStudio\bb_workspace\sensor-actuator-node\IAR ARM - Default\slaac-client
[31] = C:\Users\hites\SimplicityStudio\bb_workspace\sensor-actuator-node\IAR ARM - Default\stack\thread-stack
[32] = C:\Users\hites\SimplicityStudio\bb_workspace\sensor-actuator-node\IAR ARM - Default\tftp-bootload-target
[33] = C:\Users\hites\SimplicityStudio\bb_workspace\sensor-actuator-node\IAR ARM - Default\udp-cli
[34] = C:\Users\hites\SimplicityStudio\bb_workspace\sensor-actuator-node\IAR ARM - Default\version-debug
[35] = command line
[36] = dhcp-library.a
[37] = dl7M_tln.a
[38] = hal-library.a
[39] = heartbeat-node-type-library.a
[40] = m7M_tls.a
[41] = mbedtls-library.a
[42] = rt7M_tl.a
[43] = sim-eeprom1-library.a
[44] = thread-stack.a

  192 248 bytes of readonly  code memory
      516 bytes of readwrite code memory
   17 128 bytes of readonly  data memory
   27 647 bytes of readwrite data memory (+ 148 absolute)

Errors: none
Warnings: none
