###############################################################################
#
# IAR ELF Linker V7.30.1.7746/W32 for ARM                 31/Oct/2016  19:34:32
# Copyright 2007-2014 IAR Systems AB.
#
#    Output file  =  client_2.out
#    Map file     =  
#        C:/Users/subh6068/SimplicityStudio/v4_workspace/client_2/IAR ARM -
#        Default/client_2.map
#    Command line =  
#        ./version-debug/version-debug.o ./udp-cli/udp-cli.o
#        ./tftp-bootload-target/tftp-15-4.o
#        ./tftp-bootload-target/tftp-bootload.o
#        ./tftp-bootload-target/tftp-bootloader-15-4.o
#        ./tftp-bootload-target/tftp-bootloader-server.o
#        ./tftp-bootload-target/tftp-bootloader.o
#        ./tftp-bootload-target/tftp-server.o ./tftp-bootload-target/tftp.o
#        ./stack/thread-stack/ember-ip-configuration.o
#        ./slaac-client/slaac-client.o ./sim-eeprom1/EFR32/sim-eeprom.o
#        ./serial/EFR32/com.o ./serial/EFR32/ember-printf.o
#        ./serial/EFR32/serial.o ./scan-debug/scan-debug.o
#        ./network-management-cli/network-management-cli.o ./main/main.o
#        ./led/EFR32/led.o ./idle-sleep/idle-sleep.o ./icmp-debug/icmp-debug.o
#        ./icmp-cli/icmp-cli.o ./heartbeat/heartbeat.o
#        ./hal-library/EFR32/assert-crash-handlers.o ./hal-library/EFR32/crc.o
#        ./hal-library/EFR32/cstartup-common.o ./hal-library/EFR32/endian.o
#        ./hal-library/EFR32/faults-v7m.o ./hal-library/EFR32/isr-stubs.o
#        ./hal-library/EFR32/mem-util.o ./hal-library/EFR32/mfg-token.o
#        ./hal-library/EFR32/micro-common.o ./hal-library/EFR32/micro.o
#        ./hal-library/EFR32/mpu.o ./hal-library/EFR32/random.o
#        ./hal-library/EFR32/sleep-efm32.o ./hal-library/EFR32/token-def.o
#        ./hal-library/EFR32/token.o
#        ./global-address-prefix-debug/global-address-prefix-debug.o
#        ./external-generated-files/bootloader-interface-app.o
#        ./external-generated-files/bootloader-interface.o ./emlib/em_adc.o
#        ./emlib/em_cmu.o ./emlib/em_emu.o ./emlib/em_gpio.o ./emlib/em_int.o
#        ./emlib/em_ldma.o ./emlib/em_leuart.o ./emlib/em_mpu.o
#        ./emlib/em_msc.o ./emlib/em_prs.o ./emlib/em_rmu.o ./emlib/em_rtcc.o
#        ./emlib/em_system.o ./emlib/em_timer.o ./emlib/em_usart.o
#        ./emlib/em_wdog.o ./emlib/system_efr32mg1p.o ./emdrv/dmadrv.o
#        ./emdrv/gpiointerrupt.o ./emdrv/rtcdriver.o ./emdrv/sleep.o
#        ./emdrv/spidrv.o ./emdrv/tempdrv.o ./emdrv/uartdrv.o ./emdrv/ustimer.o
#        ./diagnostic/EFR32/diagnostic.o ./dhcp-client/dhcp-client.o
#        ./debug-print/debug-print.o
#        ./command-interpreter2/command-interpreter2-error.o
#        ./command-interpreter2/command-interpreter2-util.o
#        ./command-interpreter2/command-interpreter2.o
#        ./coap-dispatch/coap-dispatch.o ./coap-cli/coap-cli.o ./cli/cli.o
#        ./buzzer/EFR32/buzzer.o ./button/EFR32/button.o
#        ./antenna-stub/antenna-stub.o
#        ./address-configuration-debug/address-configuration-debug.o
#        ./adc/EFR32/adc.o ./client-implementation.o ./thread-bookkeeping.o
#        ./thread-callback-stubs.o ./thread-callbacks.o ./thread-cli.o
#        ./thread-coap-dispatch.o ./thread-events.o -o client_2.out --config
#        C:/SiliconLabs/SimplicityStudio/v4/developer/stacks/thread/v2.0.0.0/platform/base/hal/micro/cortexm3/efm32/iar-cfg.icf
#        --config_def APP_BTL=1 --no_wrap_diagnostics
#        C:/SiliconLabs/SimplicityStudio/v4/developer/stacks/thread/v2.0.0.0//protocol/thread_2.0/build/mfglib-library-cortexm3-iar-efr32mg1p-efr32/mfglib-library.a
#        C:/SiliconLabs/SimplicityStudio/v4/developer/stacks/thread/v2.0.0.0//protocol/thread_2.0/build/thread-stack-cortexm3-iar-efr32mg1p-efr32/thread-stack.a
#        C:/SiliconLabs/SimplicityStudio/v4/developer/stacks/thread/v2.0.0.0//protocol/thread_2.0/build/dhcp-library-cortexm3-iar-efr32mg1p-efr32/dhcp-library.a
#        C:/SiliconLabs/SimplicityStudio/v4/developer/stacks/thread/v2.0.0.0//protocol/thread_2.0/build/mbedtls-library-cortexm3-iar-efr32mg1p-efr32/mbedtls-library.a
#        C:/SiliconLabs/SimplicityStudio/v4/developer/stacks/thread/v2.0.0.0//protocol/thread_2.0/build/sim-eeprom1-library-cortexm3-iar-efr32mg1p-efr32/sim-eeprom1-library.a
#        C:/SiliconLabs/SimplicityStudio/v4/developer/stacks/thread/v2.0.0.0//protocol/thread_2.0/build/hal-library-cortexm3-iar-efr32mg1p-efr32/hal-library.a
#        --entry halEntryPoint --map
#        "C:/Users/subh6068/SimplicityStudio/v4_workspace/client_2/IAR ARM -
#        Default/client_2.map" --log_file
#        "C:/Users/subh6068/SimplicityStudio/v4_workspace/client_2/IAR ARM -
#        Default/client_2.log" --log initialization,modules,sections,veneers
#        --diag_suppress=Lp012 --redirect _Printf=_PrintfSmall --redirect
#        _Scanf=_ScanfFull
#
###############################################################################

*******************************************************************************
*** RUNTIME MODEL ATTRIBUTES
***

CppFlavor       = *
__SystemLibrary = DLib


*******************************************************************************
*** PLACEMENT SUMMARY
***

"BAT": place at 0x00000000 { section BAT };
"HEADERS":
       place at start of [0x00004000-0x000040ff] { block HEADER_block };
"APP ro":
       place at start of [0x00004100-0x0003ffff] { block APPRO_block };
"NVM&SIMEE":
       place at end of [0x00004100-0x0003ffff] {
          zi section NVM, zi section SIMEE, zi section PSSTORE,
          zi section INTERNAL_STORAGE };
"DEBUGCHAN":
       place at start of [0x20007ff0-0x20007fff] { rw section DEBUG_CHANNEL };
"APP rw":
       place at end of [0x20000000-0x20007fef] { block APPRW_block };
"Heap":
       place at start of [0x20000000-0x20007fef] { overlay EMHEAP_overlay };
"Guard":
       place in [from 0x20000000 to 0x20007fef] { rw section GUARD_REGION };

  Section                 Kind        Address     Size  Object
  -------                 ----        -------     ----  ------
"BAT":                                            0x54
  BAT                     uninit   0x00000000     0x54  cstartup-common.o [18]
                                 - 0x00000054     0x54

"HEADERS":                                        0xac
  HEADER_block                     0x00004000     0xac  <Block>
    AAT                   const    0x00004000     0xac  cstartup-common.o [18]
                                 - 0x000040ac     0xac

"APP ro":                                      0x2e968
  APPRO_block                      0x00004100  0x2e968  <Block>
    .intvec               const    0x00004100     0xe0  cstartup-common.o [18]
    .textrw_init                   0x000041e0    0x200  <Block>
      Initializer bytes   ro data  0x000041e0    0x200  <for .textrw-1>
    .text                          0x000043e0  0x2b6f0  <Block>
      .text               ro code  0x000043e0     0xa8  version-debug.o [33]
      .text               ro code  0x00004488    0x158  debug-print.o [11]
      .text               ro code  0x000045e0    0x2dc  ember-printf.o [27]
      .text               ro code  0x000048bc    0x5ec  ip-address.o [42]
      .text               ro code  0x00004ea8     0xd4  serial.o [27]
      .text               ro code  0x00004f7c    0x8f0  com.o [27]
      .text               ro code  0x0000586c     0xf6  mem-util.o [18]
      .text               ro code  0x00005964    0x1d8  byte-utilities.o [42]
      .text               ro code  0x00005b3c    0xbc0  ip-stack.o [42]
      .text               ro code  0x000066fc    0x546  global-prefix.o [42]
      .text               ro code  0x00006c44      0x6  ABImemclr4.o [40]
      .text               ro code  0x00006c4a     0x16  strnlen.o [36]
      .text               ro code  0x00006c60     0x18  strrchr.o [36]
      .text               ro code  0x00006c78     0x76  ABImemcpy_unaligned.o [40]
      .text               ro code  0x00006cf0    0x13a  em_usart.o [15]
      .text               ro code  0x00006e2c     0x2a  em_leuart.o [15]
      .text               ro code  0x00006e58   0x1024  uartdrv.o [14]
      .text               ro code  0x00007e7c    0x1e2  debug-jtag.o [42]
      .text               ro code  0x00008060    0x14c  em_gpio.o [15]
      .text               ro code  0x000081ac    0x29c  debug.o [42]
      .text               ro code  0x00008448     0x66  ABImemset.o [40]
      .text               ro code  0x000084b0    0x1e8  assert-crash-handlers.o [18]
      .text               ro code  0x00008698    0xc74  buffer-management.o [42]
      .text               ro code  0x0000930c    0x3d0  mac-arbiter.o [42]
      .text               ro code  0x000096dc    0x57c  mac-indirect.o [42]
      .text               ro code  0x00009c58    0x268  retry.o [42]
      .text               ro code  0x00009ec0    0x81c  fragment.o [42]
      .text               ro code  0x0000a6dc    0x350  udp.o [42]
      .text               ro code  0x0000aa2c      0xe  wakeup-stubs.o [42]
      .text               ro code  0x0000aa3c    0x218  main.o [24]
      .text               ro code  0x0000ac54     0xc8  dhcp-address-table.o [35]
      .text               ro code  0x0000ad1c    0x35c  event-queue.o [42]
      .text               ro code  0x0000b078    0xb88  coap.o [42]
      .text               ro code  0x0000bc00    0x2b8  jpake-ecc-mbedtls.o [39]
      .text               ro code  0x0000beb8     0xc4  mark-list.o [42]
      .text               ro code  0x0000bf7c    0x604  dtls-join.o [42]
      .text               ro code  0x0000c580    0x230  mac.o [42]
      .text               ro code  0x0000c7b0    0x81c  rip.o [42]
      .text               ro code  0x0000cfcc   0x211c  mle.o [42]
      .text               ro code  0x0000f0e8    0x484  distributed-key-management.o [42]
      .text               ro code  0x0000f56c    0x48c  802-15-4-ccm.o [42]
      .text               ro code  0x0000f9f8     0x80  unicast-table.o [42]
      .text               ro code  0x0000fa78    0x7d8  child-data.o [42]
      .text               ro code  0x00010250    0x280  multicast.o [42]
      .text               ro code  0x000104d0    0x5e4  local-server-data.o [42]
      .text               ro code  0x00010ab4   0x1870  join.o [42]
      .text               ro code  0x00012324    0xa28  phy-common.o [42]
      .text               ro code  0x00012d4c     0x12  phy-util.o [42]
      .text               ro code  0x00012d60     0x4c  eui64.o [42]
      .text               ro code  0x00012dac    0x3d8  address-cache.o [42]
      .text               ro code  0x00013184   0x1d68  commission.o [42]
      .text               ro code  0x00014eec    0xef8  commission-dataset.o [42]
      .text               ro code  0x00015de4   0x1000  network-data.o [42]
      .text               ro code  0x00016de4    0x134  token.o [18]
      .text               ro code  0x00016f18    0x1a4  event-control.o [42]
      .text               ro code  0x000170bc     0xc0  cstartup-common.o [18]
      .text               ro code  0x0001717c    0x304  buffer-queue.o [42]
      .text               ro code  0x00017480    0x150  mac-efr32.o [42]
      .text               ro code  0x000175d0    0x25c  ip-mac-receive.o [42]
      .text               ro code  0x0001782c   0x10e8  dispatch.o [42]
      .text               ro code  0x00018914    0x12c  phy.o [42]
      .text               ro code  0x00018a40     0x4c  thread-bookkeeping.o [1]
      .text               ro code  0x00018a8c     0x78  global-address-prefix-debug.o [17]
      .text               ro code  0x00018b04    0xe0c  rip-neighbor.o [42]
      .text               ro code  0x00019910    0x778  client-implementation.o [1]
      .text               ro code  0x0001a088    0x3b4  micro.o [18]
      .text               ro code  0x0001a43c     0x58  address-configuration-debug.o [3]
      .text               ro code  0x0001a494     0xd4  slaac-client.o [29]
      .text               ro code  0x0001a568     0xd0  dhcp-client.o [12]
      .text               ro code  0x0001a638    0x13a  context-table.o [42]
      .text               ro code  0x0001a774     0x32  ABImemset48.o [40]
      .text               ro code  0x0001a7a8    0x7c0  em_cmu.o [15]
      .text               ro code  0x0001af68    0x3d0  dmadrv.o [14]
      .text               ro code  0x0001b338     0xc8  gpiointerrupt.o [14]
      .text               ro code  0x0001b400     0x2e  register-access.o [37]
      .text               ro code  0x0001b430     0xdc  system-timer.o [37]
      .text               ro code  0x0001b50c     0x24  crc.o [18]
      .text               ro code  0x0001b530    0x11c  micro-common.o [18]
      .text               ro code  0x0001b64c    0x190  micro-internal.o [37]
      .text               ro code  0x0001b7dc     0x42  strcmp_unaligned.o [40]
      .text               ro code  0x0001b820    0x110  thread-callback-stubs.o [1]
      .text               ro code  0x0001b930    0x218  jit.o [42]
      .text               ro code  0x0001bb48    0x28c  command.o [42]
      .text               ro code  0x0001bdd4    0x4a4  scan.o [42]
      .text               ro code  0x0001c278     0x48  random.o [18]
      .text               ro code  0x0001c2c0     0x48  mac-header-util.o [42]
      .text               ro code  0x0001c308    0x384  ip-packet-header.o [42]
      .text               ro code  0x0001c68c     0xa4  child-table.o [42]
      .text               ro code  0x0001c730    0x29c  child-aging.o [42]
      .text               ro code  0x0001c9cc    0xcac  6lowpan-header.o [42]
      .text               ro code  0x0001d678    0x310  tls-record-util.o [42]
      .text               ro code  0x0001d988    0x280  connection.o [42]
      .text               ro code  0x0001dc08    0x4dc  dtls.o [42]
      .text               ro code  0x0001e0e4     0x4e  udp-simple.o [42]
      .text               ro code  0x0001e134    0x9a4  dhcp.o [35]
      .text               ro code  0x0001ead8    0x3e8  coap-stack.o [42]
      .text               ro code  0x0001eec0    0x8c4  diagnostic.o [13]
      .text               ro code  0x0001f784     0x62  memcmp_unaligned.o [40]
      .text               ro code  0x0001f7e8    0x9d4  ecjpake.o [39]
      .text               ro code  0x000201bc    0x124  buffer-malloc.o [42]
      .text               ro code  0x000202e0   0x10c4  tls-handshake.o [42]
      .text               ro code  0x000213a4    0x3a8  transport-header.o [42]
      .text               ro code  0x0002174c    0x408  sha256.o [42]
      .text               ro code  0x00021b54    0x1ec  thread-key-stretch.o [42]
      .text               ro code  0x00021d40    0x918  ip-mac-header.o [42]
      .text               ro code  0x00022658    0x37c  network-fragmentation.o [42]
      .text               ro code  0x000229d4      0x6  ABImemclr.o [40]
      .text               ro code  0x000229dc    0x5e8  address-management.o [42]
      .text               ro code  0x00022fc4     0xd4  aes.o [42]
      .text               ro code  0x00023098    0x224  scan-debug.o [26]
      .text               ro code  0x000232bc    0x25c  router-selection.o [42]
      .text               ro code  0x00023518    0xa68  ieee802154_phy.o [42]
      .text               ro code  0x00023f80    0x7dc  radio.o [42]
      .text               ro code  0x0002475c      0x4  micro-common-internal.o [37]
      .text               ro code  0x00024760     0x68  ieee802154_filtering.o [42]
      .text               ro code  0x000247c8    0x110  pti.o [42]
      .text               ro code  0x000248d8    0x1e4  mfg-token.o [18]
      .text               ro code  0x00024abc     0x36  strlen.o [40]
      .text               ro code  0x00024af2     0x2a  strncmp.o [36]
      .text               ro code  0x00024b1c    0x43c  coap-diagnostic-stack.o [42]
      .text               ro code  0x00024f58     0x58  memchr.o [40]
      .text               ro code  0x00024fb0    0x198  sim-eeprom.o [28]
      .text               ro code  0x00025148    0xb2c  sim-eeprom-internal.o [41]
      .text               ro code  0x00025c74     0xc8  em_rmu.o [15]
      .text               ro code  0x00025d3c      0x4  antenna-stub.o [4]
      .text               ro code  0x00025d40     0xd4  association.o [42]
      .text               ro code  0x00025e14    0x3b8  ip-header.o [42]
      .text               ro code  0x000261cc     0xf6  icmp.o [42]
      .text               ro code  0x000262c2      0xe  tcp-stub.o [42]
      .text               ro code  0x000262d0    0x104  icmp-debug.o [21]
      .text               ro code  0x000263d4    0x14c  rf_rand.o [42]
      .text               ro code  0x00026520     0x50  tempcal.o [42]
      .text               ro code  0x00026570    0x690  pa.o [42]
      .text               ro code  0x00026c00    0x384  command-interpreter2-util.o [10]
      .text               ro code  0x00026f84     0x14  tftp-bootload.o [31]
      .text               ro code  0x00026f98     0x34  cli.o [7]
      .text               ro code  0x00026fcc     0x20  heartbeat.o [19]
      .text               ro code  0x00026fec     0xa8  idle-sleep.o [22]
      .text               ro code  0x00027094    0x2f4  tempdrv.o [14]
      .text               ro code  0x00027388    0x304  tftp-server.o [31]
      .text               ro code  0x0002768c    0x324  tftp-bootloader-server.o [31]
      .text               ro code  0x000279b0     0xa8  system_efr32mg1p.o [15]
      .text               ro code  0x00027a58     0x6c  led.o [23]
      .text               ro code  0x00027ac4    0x156  button.o [5]
      .text               ro code  0x00027c1c    0x6b4  em_emu.o [15]
      .text               ro code  0x000282d0    0x54c  rtcdriver.o [14]
      .text               ro code  0x0002881c    0x190  sleep-efm32.o [18]
      .text               ro code  0x000289ac    0x214  dhcp-client.o [35]
      .text               ro code  0x00028bc0    0x16c  em_ldma.o [15]
      .text               ro code  0x00028d2c    0x1a4  ustimer.o [14]
      .text               ro code  0x00028ed0     0x18  em_wdog.o [15]
      .text               ro code  0x00028ee8     0x8a  mpu.o [18]
      .text               ro code  0x00028f74    0x504  tls-ccm-record.o [42]
      .text               ro code  0x00029478     0x38  log.o [42]
      .text               ro code  0x000294b0     0xac  coap-dispatch.o [9]
      .text               ro code  0x0002955c   0x1680  ecp.o [39]
      .text               ro code  0x0002abdc   0x11b4  bignum.o [39]
      .text               ro code  0x0002bd90     0x44  md.o [39]
      .text               ro code  0x0002bdd4    0x488  ecp_curves.o [39]
      .text               ro code  0x0002c25c     0x90  tls-session-state.o [42]
      .text               ro code  0x0002c2ec     0x64  tls-jpake.o [42]
      .text               ro code  0x0002c350    0x2d8  tls-handshake-crypto.o [42]
      .text               ro code  0x0002c628    0x15e  em_crypto.o [42]
      .text               ro code  0x0002c788     0x20  ieee802154_MRFSKFECWhiteningModeSwitch.o [42]
      .text               ro code  0x0002c7a8    0x2d0  synth.o [42]
      .text               ro code  0x0002ca78     0x5e  ir_cal.o [42]
      .text               ro code  0x0002cad8     0xa0  ieee802154_legacyphyconfig.o [42]
      .text               ro code  0x0002cb78     0x34  em_system.o [15]
      .text               ro code  0x0002cbac     0xc4  radio_cmu.o [42]
      .text               ro code  0x0002cc70     0x88  rf_test.o [42]
      .text               ro code  0x0002ccf8     0x2a  phy_utils.o [42]
      .text               ro code  0x0002cd24    0x132  I64DivMod.o [40]
      Veneer              ro code  0x0002ce58      0x8  - Linker created -
      Veneer              ro code  0x0002ce60      0x8  - Linker created -
      Veneer              ro code  0x0002ce68      0x8  - Linker created -
      .text               ro code  0x0002ce70     0xc8  flash.o [37]
      .text               ro code  0x0002cf38    0x330  command-interpreter2.o [10]
      .text               ro code  0x0002d268    0x110  tftp.o [31]
      .text               ro code  0x0002d378     0x4a  tftp-15-4.o [31]
      .text               ro code  0x0002d3c4    0x19c  xstoul.o [36]
      .text               ro code  0x0002d560    0x178  bootloader-interface-app.o [16]
      .text               ro code  0x0002d6d8     0xdc  tftp-bootloader.o [31]
      .text               ro code  0x0002d7b4     0x70  em_rtcc.o [15]
      .text               ro code  0x0002d824     0xee  em_timer.o [15]
      .text               ro code  0x0002d914     0x50  em_mpu.o [15]
      .text               ro code  0x0002d964    0x688  sl_ecp.o [39]
      .text               ro code  0x0002dfec    0x194  protimer.o [42]
      .text               ro code  0x0002e180      0x2  I64DivZer.o [40]
      .text               ro code  0x0002e184     0x28  em_msc.o [15]
      .text               ro code  0x0002e1ac    0x2b4  command-interpreter2-error.o [10]
      .text               ro code  0x0002e460     0xe0  rand.o [36]
      .text               ro code  0x0002e540      0xc  errno.o [36]
      .text               ro code  0x0002e54c      0x2  xtls.o [36]
      .text               ro code  0x0002e550     0xc4  udp-cli.o [32]
      .text               ro code  0x0002e614     0x44  ember-ip-configuration.o [30]
      .text               ro code  0x0002e658    0x6b0  network-management-cli.o [25]
      .text               ro code  0x0002ed08    0x128  icmp-cli.o [20]
      .text               ro code  0x0002ee30     0xae  icmp-simple.o [42]
      .text               ro code  0x0002eee0      0x2  faults-v7m.o [18]
      .text               ro code  0x0002eee4      0x2  faults-v7m.o [18]
      .text               ro code  0x0002eee8      0x2  faults-v7m.o [18]
      .text               ro code  0x0002eeec      0x2  faults-v7m.o [18]
      .text               ro code  0x0002eef0      0x2  faults-v7m.o [18]
      .text               ro code  0x0002eef4      0x2  faults-v7m.o [18]
      .text               ro code  0x0002eef8      0x2  faults-v7m.o [18]
      .text               ro code  0x0002eefc     0x70  faults-v7m.o [18]
      .text               ro code  0x0002ef6c      0x4  isr-stubs.o [18]
      .text               ro code  0x0002ef70    0x14c  em_adc.o [15]
      .text               ro code  0x0002f0bc    0x1dc  coap-cli.o [8]
      .text               ro code  0x0002f298    0x108  adc.o [2]
      .text               ro code  0x0002f3a0    0x180  cstartup-iar.o [37]
      .text               ro code  0x0002f520    0x244  dhcp-server.o [35]
      .text               ro code  0x0002f764    0x2c4  sl_sha256.o [39]
      .text               ro code  0x0002fa28     0x22  fpinit_M.o [38]
      .text               ro code  0x0002fa4a     0x50  md_wrap.o [39]
      .text               ro code  0x0002fa9a     0x36  sha256.o [39]
    .rodata               const    0x0002fb00    0xe4c  ieee802154_annotated.o [42]
    .rodata               const    0x0003094c     0x30  version-debug.o [33]
    .rodata               const    0x0003097c     0x10  ember-ip-configuration.o [30]
    .rodata               const    0x0003098c     0x24  sim-eeprom.o [28]
    .rodata               const    0x000309b0    0x124  micro.o [18]
    .rodata               const    0x00030ad4    0x374  token-def.o [18]
    .rodata               const    0x00030e48    0x4e8  diagnostic.o [13]
    .rodata               const    0x00031330     0x84  command-interpreter2-error.o [10]
    .rodata               const    0x000313b4    0x450  thread-cli.o [1]
    .rodata               const    0x00031804     0x34  thread-coap-dispatch.o [1]
    .rodata               const    0x00031838     0x18  thread-events.o [1]
    .rodata               const    0x00031850     0x28  ip-stack.o [42]
    .rodata               const    0x00031878     0x20  global-prefix.o [42]
    .rodata               const    0x00031898     0x6c  commission.o [42]
    .rodata               const    0x00031904     0x34  join.o [42]
    .rodata               const    0x00031938     0x20  local-server-data.o [42]
    .rodata               const    0x00031958     0x20  distributed-key-management.o [42]
    .rodata               const    0x00031978     0x18  scan.o [42]
    .rodata               const    0x00031990     0x30  ip-address.o [42]
    .rodata               const    0x000319c0    0x2a8  coap.o [42]
    .rodata               const    0x00031c68     0x10  address-cache.o [42]
    .rodata               const    0x00031c78     0x10  rip-neighbor.o [42]
    .rodata               const    0x00031c88     0x20  network-data.o [42]
    .rodata               const    0x00031ca8     0x1c  multicast.o [42]
    .rodata               const    0x00031cc4     0x1c  fragment.o [42]
    .rodata               const    0x00031ce0     0x24  jit.o [42]
    .rodata               const    0x00031d04     0x40  rip.o [42]
    .rodata               const    0x00031d44     0x20  mac-indirect.o [42]
    .rodata               const    0x00031d64     0x40  mle.o [42]
    .rodata               const    0x00031da4     0x34  child-aging.o [42]
    .rodata               const    0x00031dd8     0x18  retry.o [42]
    .rodata               const    0x00031df0     0x5c  commission-dataset.o [42]
    .rodata               const    0x00031e4c     0x18  association.o [42]
    .rodata               const    0x00031e64     0x20  unicast-table.o [42]
    .rodata               const    0x00031e84     0x1c  mac.o [42]
    .rodata               const    0x00031ea0     0x64  network-fragmentation.o [42]
    .rodata               const    0x00031f04     0x24  router-selection.o [42]
    .rodata               const    0x00031f28     0x2c  dhcp.o [35]
    .rodata               const    0x00031f54     0x24  connection.o [42]
    .rodata               const    0x00031f78     0x10  ecjpake.o [39]
    .rodata               const    0x00031f88     0x24  tls-test-credentials.o [42]
    .rodata               const    0x00031fac    0x26c  ieee802154_legacyphyconfig.o [42]
    .rodata               const    0x00032218    0x250  ieee802154_configurator_out.o [42]
    .rodata               const    0x00032468      0xc  ecp.o [39]
    .rodata               const    0x00032474     0x70  md_wrap.o [39]
    .rodata               const    0x000324e4      0x8  mfg-token.o [18]
    .rodata               const    0x000324ec      0x8  tls-ccm-record.o [42]
    .data_init                     0x000324f4    0x4e4  <Block>
      Initializer bytes   ro data  0x000324f4    0x4e4  <for .data-1> (used: 0x4e0)
    __DLIB_PERTHREAD_init
                                   0x000329d8     0x90  <Block>
      Initializer bytes   ro data  0x000329d8     0x90  <for DLIB_PERTHREAD_INITIALIZED_DATA-1>
                                 - 0x00032a68  0x2e968

"NVM&SIMEE":                                    0x2000
  SIMEE                            0x0003e000   0x2000  <Block>
    SIMEE                 uninit   0x0003e000   0x2000  sim-eeprom.o [28]
                                 - 0x00040000   0x2000

"Heap":                                         0x1780
  EMHEAP_overlay                   0x20000000   0x1770  <Overlay>
    part 1:
      EMHEAP                       0x20000000   0x1770  <Block>
        EMHEAP            uninit   0x20000000   0x1770  ember-ip-configuration.o [30]
    part 2:
      RESETINFO                    0x20000000     0x9c  <Block>
        RESETINFO         const    0x20000000      0x0  faults-v7m.o [18]
        RESETINFO         const    0x20000000      0x0  isr-stubs.o [18]
        RESETINFO         uninit   0x20000000     0x9c  cstartup-common.o [18]
                                 - 0x20001770   0x1770

"Guard":                                          0x20
  GUARD_REGION            uninit   0x20001780     0x20  cstartup-common.o [18]
                                 - 0x200017a0     0x20

"APP rw":                                       0x2d26
  APPRW_block                      0x200052c8   0x2d26  <Block>
    ALIGN_CSTACK                   0x200052c8    0xed8  <Block>
      CSTACK                       0x200052c8    0xed8  <Block>
        CSTACK            const    0x200052c8      0x0  faults-v7m.o [18]
        CSTACK            const    0x200052c8      0x0  isr-stubs.o [18]
        CSTACK            uninit   0x200052c8    0xed8  cstartup-common.o [18]
    .textrw                        0x200061a0    0x200  <Block>
      .textrw-1                    0x200061a0    0x200  <Init block>
        .textrw           inited   0x200061a0    0x200  em_msc.o [15]
    .data                          0x200063a0    0x4e0  <Block>
      .data-1                      0x200063a0    0x4e0  <Init block>
        .data             inited   0x200063a0      0xa  tftp.o [31]
        .data             inited   0x200063aa      0x1  ember-ip-configuration.o [30]
        .data             inited   0x200063ac      0x4  ember-ip-configuration.o [30]
        .data             inited   0x200063b0      0x4  ember-ip-configuration.o [30]
        .data             inited   0x200063b4      0x4  ember-ip-configuration.o [30]
        .data             inited   0x200063b8      0x4  ember-ip-configuration.o [30]
        .data             inited   0x200063bc      0x4  ember-ip-configuration.o [30]
        .data             inited   0x200063c0      0x4  ember-ip-configuration.o [30]
        .data             inited   0x200063c4      0x4  ember-ip-configuration.o [30]
        .data             inited   0x200063c8      0x4  ember-ip-configuration.o [30]
        .data             inited   0x200063cc      0x1  ember-ip-configuration.o [30]
        .data             inited   0x200063ce      0x2  ember-ip-configuration.o [30]
        .data             inited   0x200063d0      0x4  ember-ip-configuration.o [30]
        .data             inited   0x200063d4      0x1  ember-ip-configuration.o [30]
        .data             inited   0x200063d5      0x1  ember-ip-configuration.o [30]
        .data             inited   0x200063d8     0x80  com.o [27]
        .data             inited   0x20006458     0x80  com.o [27]
        .data             inited   0x200064d8     0x5c  com.o [27]
        .data             inited   0x20006534     0x50  mpu.o [18]
        .data             inited   0x20006584      0x4  random.o [18]
        .data             inited   0x20006588      0x4  em_cmu.o [15]
        .data             inited   0x2000658c      0xc  system_efr32mg1p.o [15]
        .data             inited   0x20006598     0x28  rtcdriver.o [14]
        .data             inited   0x200065c0     0x20  tempdrv.o [14]
        .data             inited   0x200065e0     0x20  tempdrv.o [14]
        .data             inited   0x20006600      0x4  debug-print.o [11]
        .data             inited   0x20006604      0x2  transport-header.o [42]
        .data             inited   0x20006606      0x2  dispatch.o [42]
        .data             inited   0x20006608      0x2  dispatch.o [42]
        .data             inited   0x2000660c      0x4  buffer-management.o [42]
        .data             inited   0x20006610      0x1  ip-stack.o [42]
        .data             inited   0x20006614      0x8  ip-stack.o [42]
        .data             inited   0x2000661c      0xc  ip-stack.o [42]
        .data             inited   0x20006628      0xc  global-prefix.o [42]
        .data             inited   0x20006634      0xc  commission.o [42]
        .data             inited   0x20006640      0xc  commission.o [42]
        .data             inited   0x2000664c      0xc  commission.o [42]
        .data             inited   0x20006658      0x4  join.o [42]
        .data             inited   0x2000665c     0x20  join.o [42]
        .data             inited   0x2000667c      0xc  local-server-data.o [42]
        .data             inited   0x20006688      0x8  dtls-join.o [42]
        .data             inited   0x20006690      0xc  distributed-key-management.o [42]
        .data             inited   0x2000669c     0x10  scan.o [42]
        .data             inited   0x200066ac      0xa  phy-common.o [42]
        .data             inited   0x200066b6      0x1  phy-common.o [42]
        .data             inited   0x200066b7      0x1  phy-common.o [42]
        .data             inited   0x200066b8      0x1  phy-common.o [42]
        .data             inited   0x200066b9      0x1  phy-common.o [42]
        .data             inited   0x200066ba      0x1  phy-common.o [42]
        .data             inited   0x200066bc      0x4  micro-internal.o [37]
        .data             inited   0x200066c0      0x1  pa.o [42]
        .data             inited   0x200066c1      0x1  phy.o [42]
        .data             inited   0x200066c2      0x2  phy.o [42]
        .data             inited   0x200066c4      0x1  phy.o [42]
        .data             inited   0x200066c8     0x20  ip-address.o [42]
        .data             inited   0x200066e8      0x4  coap.o [42]
        .data             inited   0x200066ec      0xc  address-cache.o [42]
        .data             inited   0x200066f8      0x1  rip-neighbor.o [42]
        .data             inited   0x200066fc      0x4  rip-neighbor.o [42]
        .data             inited   0x20006700      0x8  6lowpan-header.o [42]
        .data             inited   0x20006708      0x2  child-data.o [42]
        .data             inited   0x2000670c     0x10  network-data.o [42]
        .data             inited   0x2000671c      0x1  multicast.o [42]
        .data             inited   0x20006720      0xc  multicast.o [42]
        .data             inited   0x2000672c     0x10  fragment.o [42]
        .data             inited   0x2000673c      0xc  jit.o [42]
        .data             inited   0x20006748     0x1c  rip.o [42]
        .data             inited   0x20006764      0x1  mac-efr32.o [42]
        .data             inited   0x20006768      0xc  mac-indirect.o [42]
        .data             inited   0x20006774      0x1  mac-arbiter.o [42]
        .data             inited   0x20006778     0x10  mle.o [42]
        .data             inited   0x20006788      0x4  mle.o [42]
        .data             inited   0x2000678c      0xc  mle.o [42]
        .data             inited   0x20006798      0x8  child-aging.o [42]
        .data             inited   0x200067a0     0x18  child-aging.o [42]
        .data             inited   0x200067b8      0xc  retry.o [42]
        .data             inited   0x200067c4      0x4  commission-dataset.o [42]
        .data             inited   0x200067c8      0xc  commission-dataset.o [42]
        .data             inited   0x200067d4      0xc  commission-dataset.o [42]
        .data             inited   0x200067e0      0xc  association.o [42]
        .data             inited   0x200067ec      0xc  unicast-table.o [42]
        .data             inited   0x200067f8      0xc  mac.o [42]
        .data             inited   0x20006804      0x8  dhcp-address-table.o [35]
        .data             inited   0x2000680c      0x2  dtls.o [42]
        .data             inited   0x2000680e      0x1  command.o [42]
        .data             inited   0x20006810     0x20  network-fragmentation.o [42]
        .data             inited   0x20006830      0xc  network-fragmentation.o [42]
        .data             inited   0x2000683c     0x14  router-selection.o [42]
        .data             inited   0x20006850      0x1  dhcp.o [35]
        .data             inited   0x20006854      0xc  dhcp.o [35]
        .data             inited   0x20006860      0xc  connection.o [42]
        .data             inited   0x2000686c      0x2  ieee802154_phy.o [42]
        .data             inited   0x20006870      0x4  synth.o [42]
        .data             inited   0x20006874      0x1  ip-mac-header.o [42]
        .data             inited   0x20006875      0x1  ip-mac-header.o [42]
        .data             inited   0x20006878      0x4  tls-test-credentials.o [42]
        .data             inited   0x2000687c      0x4  ecp_curves.o [39]
    DLIB_PERTHREAD_INITIALIZED_DATA
                                   0x20006880     0x90  <Block>
      DLIB_PERTHREAD_INITIALIZED_DATA-1
                                   0x20006880     0x90  <Init block>
        __DLIB_PERTHREAD  inited   0x20006880     0x8c  rand.o [36]
        __DLIB_PERTHREAD  inited   0x2000690c      0x4  errno.o [36]
    DLIB_PERTHREAD_ZERO_DATA
                                   0x20006910      0x0  <Block>
    .bss                           0x20006910   0x16de  <Block>
      .bss                uninit   0x20006910     0xa0  rtcdriver.o [14]
      .bss                uninit   0x200069b0     0x14  tftp-bootloader-server.o [31]
      .bss                uninit   0x200069c4     0x10  tftp.o [31]
      .bss                uninit   0x200069d4     0x20  ember-ip-configuration.o [30]
      .bss                uninit   0x200069f4     0x24  ember-ip-configuration.o [30]
      .bss                uninit   0x20006a18     0x88  ember-ip-configuration.o [30]
      .bss                uninit   0x20006aa0     0x40  ember-ip-configuration.o [30]
      .bss                uninit   0x20006ae0     0x40  ember-ip-configuration.o [30]
      .bss                uninit   0x20006b20     0x40  ember-ip-configuration.o [30]
      .bss                uninit   0x20006b60     0x10  ember-ip-configuration.o [30]
      .bss                uninit   0x20006b70     0x20  ember-ip-configuration.o [30]
      .bss                uninit   0x20006b90     0x24  ember-ip-configuration.o [30]
      .bss                uninit   0x20006bb4     0x20  sim-eeprom.o [28]
      .bss                uninit   0x20006bd4     0x48  com.o [27]
      .bss                uninit   0x20006c1c     0x88  com.o [27]
      .bss                uninit   0x20006ca4     0x88  com.o [27]
      .bss                uninit   0x20006d2c     0x88  com.o [27]
      .bss                uninit   0x20006db4     0x9c  com.o [27]
      .bss                uninit   0x20006e50     0x70  com.o [27]
      .bss                uninit   0x20006ec0      0x4  com.o [27]
      .bss                uninit   0x20006ec4     0x18  main.o [24]
      .bss                uninit   0x20006edc      0x4  heartbeat.o [19]
      .bss                uninit   0x20006ee0      0xa  cstartup-common.o [18]
      .bss                uninit   0x20006eea      0x2  tftp-bootloader.o [31]
      .bss                uninit   0x20006eec      0xc  micro.o [18]
      .bss                uninit   0x20006ef8      0x4  sleep-efm32.o [18]
      .bss                uninit   0x20006efc      0x4  sleep-efm32.o [18]
      .bss                uninit   0x20006f00     0x18  bootloader-interface-app.o [16]
      .bss                uninit   0x20006f18    0x1e0  bootloader-interface-app.o [16]
      .bss                uninit   0x200070f8      0x8  em_emu.o [15]
      .bss                uninit   0x20007100      0x4  em_emu.o [15]
      .bss                uninit   0x20007104      0x4  em_int.o [15]
      .bss                uninit   0x20007108      0x4  system_efr32mg1p.o [15]
      .bss                uninit   0x2000710c     0x80  dmadrv.o [14]
      .bss                uninit   0x2000718c    0x100  dmadrv.o [14]
      .bss                uninit   0x2000728c     0x40  gpiointerrupt.o [14]
      .bss                uninit   0x200072cc     0x48  tempdrv.o [14]
      .bss                uninit   0x20007314     0x30  tempdrv.o [14]
      .bss                uninit   0x20007344     0x14  uartdrv.o [14]
      .bss                uninit   0x20007358      0xc  ustimer.o [14]
      .bss                uninit   0x20007364     0x94  command-interpreter2-util.o [10]
      .bss                uninit   0x200073f8     0x1c  adc.o [2]
      .bss                uninit   0x20007414     0x1c  client-implementation.o [1]
      .bss                uninit   0x20007430     0x14  client-implementation.o [1]
      .bss                uninit   0x20007444      0x8  dispatch.o [42]
      .bss                uninit   0x2000744c      0x4  dispatch.o [42]
      .bss                uninit   0x20007450      0x8  dispatch.o [42]
      .bss                uninit   0x20007458     0x2c  buffer-management.o [42]
      .bss                uninit   0x20007484      0xc  log.o [42]
      .bss                uninit   0x20007490     0x18  ip-stack.o [42]
      .bss                uninit   0x200074a8      0x4  ip-stack.o [42]
      .bss                uninit   0x200074ac     0x14  global-prefix.o [42]
      .bss                uninit   0x200074c0      0x4  sim-eeprom-internal.o [41]
      .bss                uninit   0x200074c4      0xc  debug.o [42]
      .bss                uninit   0x200074d0      0x8  debug.o [42]
      .bss                uninit   0x200074d8      0x8  system-timer.o [37]
      .bss                uninit   0x200074e0     0x30  commission.o [42]
      .bss                uninit   0x20007510     0x28  commission.o [42]
      .bss                uninit   0x20007538     0x50  join.o [42]
      .bss                uninit   0x20007588     0x48  join.o [42]
      .bss                uninit   0x200075d0     0x3c  join.o [42]
      .bss                uninit   0x2000760c     0x18  dtls-join.o [42]
      .bss                uninit   0x20007624     0x54  distributed-key-management.o [42]
      .bss                uninit   0x20007678     0x20  scan.o [42]
      .bss                uninit   0x20007698     0x44  phy-common.o [42]
      .bss                uninit   0x200076dc     0x90  phy-common.o [42]
      .bss                uninit   0x2000776c      0xc  pa.o [42]
      .bss                uninit   0x20007778      0x8  pti.o [42]
      .bss                uninit   0x20007780      0x8  ip-address.o [42]
      .bss                uninit   0x20007788      0x8  coap.o [42]
      .bss                uninit   0x20007790      0xc  rip-neighbor.o [42]
      .bss                uninit   0x2000779c      0xe  network-data.o [42]
      .bss                uninit   0x200077aa      0x2  dispatch.o [42]
      .bss                uninit   0x200077ac      0x8  rip.o [42]
      .bss                uninit   0x200077b4    0x280  rip.o [42]
      .bss                uninit   0x20007a34      0x8  mac-efr32.o [42]
      .bss                uninit   0x20007a3c      0x8  mac-indirect.o [42]
      .bss                uninit   0x20007a44      0xc  mle.o [42]
      .bss                uninit   0x20007a50     0x10  mle.o [42]
      .bss                uninit   0x20007a60      0x4  child-aging.o [42]
      .bss                uninit   0x20007a64     0x40  retry.o [42]
      .bss                uninit   0x20007aa4      0x8  retry.o [42]
      .bss                uninit   0x20007aac     0x68  commission-dataset.o [42]
      .bss                uninit   0x20007b14      0x8  commission-dataset.o [42]
      .bss                uninit   0x20007b1c      0x8  commission-dataset.o [42]
      .bss                uninit   0x20007b24     0x38  association.o [42]
      .bss                uninit   0x20007b5c     0x14  unicast-table.o [42]
      .bss                uninit   0x20007b70     0x10  ip-mac-receive.o [42]
      .bss                uninit   0x20007b80      0x8  jpake-ecc-mbedtls.o [39]
      .bss                uninit   0x20007b88      0xc  eui64.o [42]
      .bss                uninit   0x20007b94      0x8  eui64.o [42]
      .bss                uninit   0x20007b9c      0x4  802-15-4-ccm.o [42]
      .bss                uninit   0x20007ba0      0xc  network-fragmentation.o [42]
      .bss                uninit   0x20007bac     0x14  network-fragmentation.o [42]
      .bss                uninit   0x20007bc0      0x8  dhcp.o [35]
      .bss                uninit   0x20007bc8      0x4  dhcp.o [35]
      .bss                uninit   0x20007bcc      0x4  connection.o [42]
      .bss                uninit   0x20007bd0      0xe  ieee802154_phy.o [42]
      .bss                uninit   0x20007bde      0x2  mark-list.o [42]
      .bss                uninit   0x20007be0      0x4  ieee802154_phy.o [42]
      .bss                uninit   0x20007be4     0x3c  ieee802154_phy.o [42]
      .bss                uninit   0x20007c20     0x10  ieee802154_phy.o [42]
      .bss                uninit   0x20007c30      0x8  radio.o [42]
      .bss                uninit   0x20007c38     0x10  radio.o [42]
      .bss                uninit   0x20007c48     0x40  radio.o [42]
      .bss                uninit   0x20007c88    0x240  radio.o [42]
      .bss                uninit   0x20007ec8     0x24  rf_test.o [42]
      .bss                uninit   0x20007eec     0x10  synth.o [42]
      .bss                uninit   0x20007efc      0x8  buffer-malloc.o [42]
      .bss                uninit   0x20007f04      0x8  em_emu.o [15]
      .bss                uninit   0x20007f0c      0x4  sim-eeprom-internal.o [41]
      .bss                uninit   0x20007f10      0x4  local-server-data.o [42]
      .bss                uninit   0x20007f14      0x2  child-data.o [42]
      .bss                uninit   0x20007f16      0x4  udp.o [42]
      .bss                uninit   0x20007f1a      0x6  multicast.o [42]
      .bss                uninit   0x20007f20      0x4  fragment.o [42]
      .bss                uninit   0x20007f24      0x4  fragment.o [42]
      .bss                uninit   0x20007f28      0x4  jit.o [42]
      .bss                uninit   0x20007f2c      0x4  mac-indirect.o [42]
      .bss                uninit   0x20007f30      0xe  mac-arbiter.o [42]
      .bss                uninit   0x20007f3e     0x80  mac.o [42]
      .bss                uninit   0x20007fbe      0x2  network-fragmentation.o [42]
      .bss                uninit   0x20007fc0      0x2  radio.o [42]
      .bss                uninit   0x20007fc2      0x4  tls-session-state.o [42]
      .bss                uninit   0x20007fc6      0x2  token.o [18]
      .bss                uninit   0x20007fc8      0x1  dmadrv.o [14]
      .bss                uninit   0x20007fc9      0x2  tempdrv.o [14]
      .bss                uninit   0x20007fcb      0x2  button.o [5]
      .bss                uninit   0x20007fcd      0x1  thread-callback-stubs.o [1]
      .bss                uninit   0x20007fce      0x2  event-control.o [42]
      .bss                uninit   0x20007fd0      0x1  global-prefix.o [42]
      .bss                uninit   0x20007fd1      0x1  debug.o [42]
      .bss                uninit   0x20007fd2      0x1  debug-jtag.o [42]
      .bss                uninit   0x20007fd3      0x1  debug-jtag.o [42]
      .bss                uninit   0x20007fd4      0x1  join.o [42]
      .bss                uninit   0x20007fd5      0x1  join.o [42]
      .bss                uninit   0x20007fd6      0x1  phy-common.o [42]
      .bss                uninit   0x20007fd7      0x1  phy-common.o [42]
      .bss                uninit   0x20007fd8      0x1  phy-common.o [42]
      .bss                uninit   0x20007fd9      0x2  phy.o [42]
      .bss                uninit   0x20007fdb      0x1  dhcp-client.o [35]
      .bss                uninit   0x20007fdc      0x3  rip.o [42]
      .bss                uninit   0x20007fdf      0x1  mac-efr32.o [42]
      .bss                uninit   0x20007fe0      0x1  mac-arbiter.o [42]
      .bss                uninit   0x20007fe1      0x1  mac-arbiter.o [42]
      .bss                uninit   0x20007fe2      0x2  mle.o [42]
      .bss                uninit   0x20007fe4      0x1  mle.o [42]
      .bss                uninit   0x20007fe5      0x2  mac.o [42]
      .bss                uninit   0x20007fe7      0x1  address-management.o [42]
      .bss                uninit   0x20007fe8      0x1  command.o [42]
      .bss                uninit   0x20007fe9      0x2  command.o [42]
      .bss                uninit   0x20007feb      0x2  router-selection.o [42]
      .bss                uninit   0x20007fed      0x1  dhcp.o [35]
                                 - 0x20007fee   0x2d26

"DEBUGCHAN":                                      0x10
  DEBUG_CHANNEL                    0x20007ff0     0x10  <Block>
    DEBUG_CHANNEL         uninit   0x20007ff0     0x10  debug-jtag.o [42]
                                 - 0x20008000     0x10

Absolute sections:                                0x94
  .noinit                 uninit   0x21000f6c     0x18  radio.o [42]
  .noinit                 uninit   0x21000f84     0x18  radio.o [42]
  .noinit                 uninit   0x21000f9c     0x24  radio.o [42]
  .noinit                 uninit   0x21000fc0      0xc  radio.o [42]
  .noinit                 uninit   0x21000fcc     0x28  radio.o [42]
  .noinit                 uninit   0x21000ff4      0xc  radio.o [42]
                                 - 0x21001000     0x94



*******************************************************************************
*** MODULE SUMMARY
***

    Module                                    ro code  rw code  ro data  rw data  rw data
                                                                                   (abs)
    ------                                    -------  -------  -------  -------  -------
C:\Users\subh6068\SimplicityStudio\v4_workspace\client_2\IAR ARM - Default: [1]
    client-implementation.o                     1 912                         48
    thread-bookkeeping.o                           76
    thread-callback-stubs.o                       272                          1
    thread-cli.o                                                  1 104
    thread-coap-dispatch.o                                           52
    thread-events.o                                                  24
    -------------------------------------------------------------------------------------
    Total:                                      2 260             1 180       49

C:\Users\subh6068\SimplicityStudio\v4_workspace\client_2\IAR ARM - Default\adc\EFR32: [2]
    adc.o                                         264                         28
    -------------------------------------------------------------------------------------
    Total:                                        264                         28

C:\Users\subh6068\SimplicityStudio\v4_workspace\client_2\IAR ARM - Default\address-configuration-debug: [3]
    address-configuration-debug.o                  88
    -------------------------------------------------------------------------------------
    Total:                                         88

C:\Users\subh6068\SimplicityStudio\v4_workspace\client_2\IAR ARM - Default\antenna-stub: [4]
    antenna-stub.o                                  4
    -------------------------------------------------------------------------------------
    Total:                                          4

C:\Users\subh6068\SimplicityStudio\v4_workspace\client_2\IAR ARM - Default\button\EFR32: [5]
    button.o                                      342                          2
    -------------------------------------------------------------------------------------
    Total:                                        342                          2

C:\Users\subh6068\SimplicityStudio\v4_workspace\client_2\IAR ARM - Default\buzzer\EFR32: [6]
    -------------------------------------------------------------------------------------
    Total:

C:\Users\subh6068\SimplicityStudio\v4_workspace\client_2\IAR ARM - Default\cli: [7]
    cli.o                                          52
    -------------------------------------------------------------------------------------
    Total:                                         52

C:\Users\subh6068\SimplicityStudio\v4_workspace\client_2\IAR ARM - Default\coap-cli: [8]
    coap-cli.o                                    476
    -------------------------------------------------------------------------------------
    Total:                                        476

C:\Users\subh6068\SimplicityStudio\v4_workspace\client_2\IAR ARM - Default\coap-dispatch: [9]
    coap-dispatch.o                               172
    -------------------------------------------------------------------------------------
    Total:                                        172

C:\Users\subh6068\SimplicityStudio\v4_workspace\client_2\IAR ARM - Default\command-interpreter2: [10]
    command-interpreter2-error.o                  692               132
    command-interpreter2-util.o                   900                        148
    command-interpreter2.o                        816
    -------------------------------------------------------------------------------------
    Total:                                      2 408               132      148

C:\Users\subh6068\SimplicityStudio\v4_workspace\client_2\IAR ARM - Default\debug-print: [11]
    debug-print.o                                 344                 4        4
    -------------------------------------------------------------------------------------
    Total:                                        344                 4        4

C:\Users\subh6068\SimplicityStudio\v4_workspace\client_2\IAR ARM - Default\dhcp-client: [12]
    dhcp-client.o                                 208
    -------------------------------------------------------------------------------------
    Total:                                        208

C:\Users\subh6068\SimplicityStudio\v4_workspace\client_2\IAR ARM - Default\diagnostic\EFR32: [13]
    diagnostic.o                                2 244             1 256
    -------------------------------------------------------------------------------------
    Total:                                      2 244             1 256

C:\Users\subh6068\SimplicityStudio\v4_workspace\client_2\IAR ARM - Default\emdrv: [14]
    dmadrv.o                                      976                        385
    gpiointerrupt.o                               200                         64
    rtcdriver.o                                 1 356                40      200
    tempdrv.o                                     756                64      186
    uartdrv.o                                   4 132                         20
    ustimer.o                                     420                         12
    -------------------------------------------------------------------------------------
    Total:                                      7 840               104      867

C:\Users\subh6068\SimplicityStudio\v4_workspace\client_2\IAR ARM - Default\emlib: [15]
    em_adc.o                                      332
    em_cmu.o                                    1 984                 4        4
    em_emu.o                                    1 716                         20
    em_gpio.o                                     332
    em_int.o                                                                   4
    em_ldma.o                                     364
    em_leuart.o                                    42
    em_mpu.o                                       80
    em_msc.o                                       40      512      512
    em_rmu.o                                      200
    em_rtcc.o                                     112
    em_system.o                                    52
    em_timer.o                                    238
    em_usart.o                                    314
    em_wdog.o                                      24
    system_efr32mg1p.o                            168                12       16
    -------------------------------------------------------------------------------------
    Total:                                      5 998      512      528       44

C:\Users\subh6068\SimplicityStudio\v4_workspace\client_2\IAR ARM - Default\external-generated-files: [16]
    bootloader-interface-app.o                    376                        504
    -------------------------------------------------------------------------------------
    Total:                                        376                        504

C:\Users\subh6068\SimplicityStudio\v4_workspace\client_2\IAR ARM - Default\global-address-prefix-debug: [17]
    global-address-prefix-debug.o                 120
    -------------------------------------------------------------------------------------
    Total:                                        120

C:\Users\subh6068\SimplicityStudio\v4_workspace\client_2\IAR ARM - Default\hal-library\EFR32: [18]
    assert-crash-handlers.o                       488
    crc.o                                          36
    cstartup-common.o                             192               396    3 926
    faults-v7m.o                                  126
    isr-stubs.o                                     4
    mem-util.o                                    246
    mfg-token.o                                   484                 8
    micro-common.o                                284
    micro.o                                       948               292       12
    mpu.o                                         138                80       80
    random.o                                       72                 4        4
    sleep-efm32.o                                 400                          8
    token-def.o                                                     884
    token.o                                       308                          2
    -------------------------------------------------------------------------------------
    Total:                                      3 726             1 664    4 032

C:\Users\subh6068\SimplicityStudio\v4_workspace\client_2\IAR ARM - Default\heartbeat: [19]
    heartbeat.o                                    32                          4
    -------------------------------------------------------------------------------------
    Total:                                         32                          4

C:\Users\subh6068\SimplicityStudio\v4_workspace\client_2\IAR ARM - Default\icmp-cli: [20]
    icmp-cli.o                                    296
    -------------------------------------------------------------------------------------
    Total:                                        296

C:\Users\subh6068\SimplicityStudio\v4_workspace\client_2\IAR ARM - Default\icmp-debug: [21]
    icmp-debug.o                                  260
    -------------------------------------------------------------------------------------
    Total:                                        260

C:\Users\subh6068\SimplicityStudio\v4_workspace\client_2\IAR ARM - Default\idle-sleep: [22]
    idle-sleep.o                                  168
    -------------------------------------------------------------------------------------
    Total:                                        168

C:\Users\subh6068\SimplicityStudio\v4_workspace\client_2\IAR ARM - Default\led\EFR32: [23]
    led.o                                         108
    -------------------------------------------------------------------------------------
    Total:                                        108

C:\Users\subh6068\SimplicityStudio\v4_workspace\client_2\IAR ARM - Default\main: [24]
    main.o                                        536                         24
    -------------------------------------------------------------------------------------
    Total:                                        536                         24

C:\Users\subh6068\SimplicityStudio\v4_workspace\client_2\IAR ARM - Default\network-management-cli: [25]
    network-management-cli.o                    1 712
    -------------------------------------------------------------------------------------
    Total:                                      1 712

C:\Users\subh6068\SimplicityStudio\v4_workspace\client_2\IAR ARM - Default\scan-debug: [26]
    scan-debug.o                                  548
    -------------------------------------------------------------------------------------
    Total:                                        548

C:\Users\subh6068\SimplicityStudio\v4_workspace\client_2\IAR ARM - Default\serial\EFR32: [27]
    com.o                                       2 288               350    1 100
    ember-printf.o                                732
    serial.o                                      212
    -------------------------------------------------------------------------------------
    Total:                                      3 232               350    1 100

C:\Users\subh6068\SimplicityStudio\v4_workspace\client_2\IAR ARM - Default\sim-eeprom1\EFR32: [28]
    sim-eeprom.o                                  408                36    8 224
    -------------------------------------------------------------------------------------
    Total:                                        408                36    8 224

C:\Users\subh6068\SimplicityStudio\v4_workspace\client_2\IAR ARM - Default\slaac-client: [29]
    slaac-client.o                                212
    -------------------------------------------------------------------------------------
    Total:                                        212

C:\Users\subh6068\SimplicityStudio\v4_workspace\client_2\IAR ARM - Default\stack\thread-stack: [30]
    ember-ip-configuration.o                       68                60      522
    -------------------------------------------------------------------------------------
    Total:                                         68                60      522

C:\Users\subh6068\SimplicityStudio\v4_workspace\client_2\IAR ARM - Default\tftp-bootload-target: [31]
    tftp-15-4.o                                    74
    tftp-bootload.o                                20
    tftp-bootloader-server.o                      804                         20
    tftp-bootloader.o                             220                          2
    tftp-server.o                                 772
    tftp.o                                        272                10       26
    -------------------------------------------------------------------------------------
    Total:                                      2 162                10       48

C:\Users\subh6068\SimplicityStudio\v4_workspace\client_2\IAR ARM - Default\udp-cli: [32]
    udp-cli.o                                     196
    -------------------------------------------------------------------------------------
    Total:                                        196

C:\Users\subh6068\SimplicityStudio\v4_workspace\client_2\IAR ARM - Default\version-debug: [33]
    version-debug.o                               168                48
    -------------------------------------------------------------------------------------
    Total:                                        168                48

command line: [34]
    -------------------------------------------------------------------------------------
    Total:

dhcp-library.a: [35]
    dhcp-address-table.o                          200                 8        8
    dhcp-client.o                                 532                          1
    dhcp-server.o                                 580
    dhcp.o                                      2 468                60       26
    -------------------------------------------------------------------------------------
    Total:                                      3 780                68       35

dl7M_tln.a: [36]
    errno.o                                        12                 4        4
    rand.o                                        224               140      140
    strncmp.o                                      42
    strnlen.o                                      22
    strrchr.o                                      24
    xstoul.o                                      412
    xtls.o                                          2
    -------------------------------------------------------------------------------------
    Total:                                        738               144      144

hal-library.a: [37]
    cstartup-iar.o                                384
    flash.o                                       200
    micro-common-internal.o                         4
    micro-internal.o                              400                 5        4
    register-access.o                              46
    system-timer.o                                220                          8
    -------------------------------------------------------------------------------------
    Total:                                      1 254                 5       12

m7M_tlv.a: [38]
    fpinit_M.o                                     34
    -------------------------------------------------------------------------------------
    Total:                                         34

mbedtls-library.a: [39]
    bignum.o                                    4 532
    ecjpake.o                                   2 516                16
    ecp.o                                       5 760                12
    ecp_curves.o                                1 160                 4        4
    jpake-ecc-mbedtls.o                           696                          8
    md.o                                           68
    md_wrap.o                                      80               112
    sha256.o                                       54
    sl_ecp.o                                    1 672
    sl_sha256.o                                   708
    -------------------------------------------------------------------------------------
    Total:                                     17 246               144       12

rt7M_tl.a: [40]
    ABImemclr.o                                     6
    ABImemclr4.o                                    6
    ABImemcpy_unaligned.o                         118
    ABImemset.o                                   102
    ABImemset48.o                                  50
    I64DivMod.o                                   306
    I64DivZer.o                                     2
    memchr.o                                       88
    memcmp_unaligned.o                             98
    strcmp_unaligned.o                             66
    strlen.o                                       54
    -------------------------------------------------------------------------------------
    Total:                                        896

sim-eeprom1-library.a: [41]
    sim-eeprom-internal.o                       2 860                          8
    -------------------------------------------------------------------------------------
    Total:                                      2 860                          8

thread-stack.a: [42]
    6lowpan-header.o                            3 244                 8        8
    802-15-4-ccm.o                              1 164                          4
    address-cache.o                               984                28       12
    address-management.o                        1 512                          1
    aes.o                                         212
    association.o                                 212                36       68
    buffer-malloc.o                               292                          8
    buffer-management.o                         3 188                 6       48
    buffer-queue.o                                772
    byte-utilities.o                              472
    child-aging.o                                 668                84       36
    child-data.o                                2 008                 2        4
    child-table.o                                 164
    coap-diagnostic-stack.o                     1 084
    coap-stack.o                                1 000
    coap.o                                      2 952               684       12
    command.o                                     652                 1        4
    commission-dataset.o                        3 832               120      148
    commission.o                                7 528               144      124
    connection.o                                  640                48       16
    context-table.o                               314
    debug-jtag.o                                  482                         18
    debug.o                                       668                         21
    dispatch.o                                  4 328                 4       26
    distributed-key-management.o                1 156                44       96
    dtls-join.o                                 1 540                 8       32
    dtls.o                                      1 244                 2        2
    em_crypto.o                                   350
    eui64.o                                        76                         20
    event-control.o                               420                          2
    event-queue.o                                 860
    fragment.o                                  2 076                44       24
    global-prefix.o                             1 350                44       33
    icmp-simple.o                                 174
    icmp.o                                        246
    ieee802154_MRFSKFECWhiteningModeSwitch.o       32
    ieee802154_annotated.o                                        3 660
    ieee802154_configurator_out.o                                   592
    ieee802154_filtering.o                        104
    ieee802154_legacyphyconfig.o                  160               620
    ieee802154_phy.o                            2 664                 2       96
    ip-address.o                                1 516                83       40
    ip-header.o                                   952
    ip-mac-header.o                             2 328                 2        2
    ip-mac-receive.o                              604                         16
    ip-packet-header.o                            900
    ip-stack.o                                  3 008                64       49
    ir_cal.o                                       94
    jit.o                                         536                48       16
    join.o                                      6 256                88      250
    local-server-data.o                         1 508                44       16
    log.o                                          56                         12
    mac-arbiter.o                                 976                 1       17
    mac-efr32.o                                   336                 1       10
    mac-header-util.o                              72
    mac-indirect.o                              1 404                47       24
    mac.o                                         560                40      142
    mark-list.o                                   196                          2
    mle.o                                       8 476                99       63
    multicast.o                                   640                44       19
    network-data.o                              4 096                50       30
    network-fragmentation.o                       892               145       78
    pa.o                                        1 680                 1       13
    phy-common.o                                2 600                15      230
    phy-util.o                                     18
    phy.o                                         300                 4        6
    phy_utils.o                                    42
    protimer.o                                    404
    pti.o                                         272                          8
    radio.o                                     2 012                        666      148
    radio_cmu.o                                   196
    retry.o                                       616                36       84
    rf_rand.o                                     332
    rf_test.o                                     136                         36
    rip-neighbor.o                              3 596                24       17
    rip.o                                       2 076                92      679
    router-selection.o                            604                56       22
    scan.o                                      1 188                40       48
    sha256.o                                    1 032
    synth.o                                       720                 6       20
    tcp-stub.o                                     14
    tempcal.o                                      80
    thread-key-stretch.o                          492
    tls-ccm-record.o                            1 284                 8
    tls-handshake-crypto.o                        728
    tls-handshake.o                             4 292
    tls-jpake.o                                   100
    tls-record-util.o                             784
    tls-session-state.o                           144                          4
    tls-test-credentials.o                                           42        4
    transport-header.o                            936                 2        2
    udp-simple.o                                   78
    udp.o                                         848                          4
    unicast-table.o                               128                44       32
    wakeup-stubs.o                                 14
    -------------------------------------------------------------------------------------
    Total:                                    113 976             7 307    3 524      148

    Gaps                                           68                48       35
    Linker created                                 24                 4    6 000
-----------------------------------------------------------------------------------------
    Grand Total:                              177 904      512   13 092   25 370      148


*******************************************************************************
*** ENTRY LIST
***

Entry                      Address    Size  Type      Object
-----                      -------    ----  ----      ------
.bss$$Base              0x20006910           --   Gb  - Linker created -
.bss$$Length            0x000016de           --   Gb  - Linker created -
.bss$$Limit             0x20007fee           --   Gb  - Linker created -
.data$$Base             0x200063a0           --   Gb  - Linker created -
.data$$Limit            0x20006880           --   Gb  - Linker created -
.data_init$$Base        0x000324f4           --   Gb  - Linker created -
.data_init$$Length      0x000004e4           --   Gb  - Linker created -
.data_init$$Limit       0x000329d8           --   Gb  - Linker created -
.noinit$$Base           0x00000000           --   Gb  - Linker created -
.text$$Base             0x000043e0           --   Gb  - Linker created -
.text$$Limit            0x0002fad0           --   Gb  - Linker created -
.textrw$$Base           0x200061a0           --   Gb  - Linker created -
.textrw$$Limit          0x200063a0           --   Gb  - Linker created -
.textrw_init$$Base      0x000041e0           --   Gb  - Linker created -
.textrw_init$$Length    0x00000200           --   Gb  - Linker created -
.textrw_init$$Limit     0x000043e0           --   Gb  - Linker created -
ACMP0_IRQHandler        0x0002ef6d          Code  Wk  isr-stubs.o [18]
ADC0_IRQHandler         0x0002f303    0x76  Code  Gb  adc.o [2]
ADC_InitSingle          0x0002f003    0xaa  Code  Gb  em_adc.o [15]
ADC_LoadDevinfoCal      0x0002ef7f    0x7e  Code  Lc  em_adc.o [15]
AGC_IRQCallback         0x00023c19     0xe  Code  Lc  ieee802154_phy.o [42]
AGC_IRQHandler          0x000242ad     0x8  Code  Gb  radio.o [42]
ALIGN_CSTACK$$Base      0x200052c8           --   Gb  - Linker created -
ALIGN_CSTACK$$Limit     0x200061a0           --   Gb  - Linker created -
APPRO_block$$Base       0x00004100           --   Gb  - Linker created -
APPRO_block$$Limit      0x00032a68           --   Gb  - Linker created -
APPRW_block$$Base       0x200052c8           --   Gb  - Linker created -
APPRW_block$$Limit      0x20007fee           --   Gb  - Linker created -
APP_RAM$$Base           0x00000000           --   Gb  - Linker created -
APP_RAM$$Length         0x00000000           --   Gb  - Linker created -
BUFC_IRQHandler         0x000242bd     0x8  Code  Gb  radio.o [42]
BUS_RegBitRead          0x0001a7b7     0xe  Code  Lc  em_cmu.o [15]
BUS_RegBitRead          0x00027c2b     0xe  Code  Lc  em_emu.o [15]
BUS_RegBitWrite         0x0001b531     0xe  Code  Lc  micro-common.o [18]
BUS_RegBitWrite         0x0002ef71     0xe  Code  Lc  em_adc.o [15]
BUS_RegBitWrite         0x0001a7a9     0xe  Code  Lc  em_cmu.o [15]
BUS_RegBitWrite         0x00027c1d     0xe  Code  Lc  em_emu.o [15]
BUS_RegBitWrite         0x00008061     0xe  Code  Lc  em_gpio.o [15]
BUS_RegBitWrite         0x00006e59     0xe  Code  Lc  uartdrv.o [14]
BUS_RegBitWrite         0x00012347     0xe  Code  Lc  phy-common.o [42]
BUS_RegBitWrite         0x0001b64d     0xe  Code  Lc  micro-internal.o [37]
BUS_RegBitWrite         0x0002352d     0xe  Code  Lc  ieee802154_phy.o [42]
BUS_RegBitWrite         0x00023f81     0xe  Code  Lc  radio.o [42]
BUS_RegBitWrite         0x000263d5     0xe  Code  Lc  rf_rand.o [42]
BUS_RegBitWrite         0x00022fc5     0xe  Code  Lc  aes.o [42]
BUS_RegBitWrite         0x0002c629     0xe  Code  Lc  em_crypto.o [42]
BUS_RegBitWrite         0x0002e001     0xe  Code  Lc  protimer.o [42]
BUS_RegMaskedClear      0x00028bc1     0x8  Code  Lc  em_ldma.o [15]
BUS_RegMaskedRead       0x00027c39     0x6  Code  Lc  em_emu.o [15]
BUS_RegMaskedWrite      0x0001a7c5     0xe  Code  Lc  em_cmu.o [15]
BUS_RegMaskedWrite      0x0000806f     0xe  Code  Lc  em_gpio.o [15]
CMU_ClockEnable         0x0001a8cf    0x68  Code  Gb  em_cmu.o [15]
CMU_ClockFreqGet        0x0001a937    0xe2  Code  Gb  em_cmu.o [15]
CMU_ClockPrescGet       0x0001aa1d    0x68  Code  Gb  em_cmu.o [15]
CMU_ClockSelectGet      0x0001aa85    0x90  Code  Gb  em_cmu.o [15]
CMU_ClockSelectSet      0x0001ab15    0xfa  Code  Gb  em_cmu.o [15]
CMU_HFXOInit            0x0001ac0f    0x94  Code  Gb  em_cmu.o [15]
CMU_IRQHandler          0x0002ef6d          Code  Wk  isr-stubs.o [18]
CMU_Log2ToDiv           0x0001a7d3     0x8  Code  Lc  em_cmu.o [15]
CMU_OscillatorEnable    0x0001aca9    0xfe  Code  Gb  em_cmu.o [15]
CMU_OscillatorTuningGet
                        0x0001adaf    0x36  Code  Gb  em_cmu.o [15]
CMU_OscillatorTuningOptimize
                        0x0001aecd    0x22  Code  Gb  em_cmu.o [15]
CMU_OscillatorTuningSet
                        0x0001aded    0x98  Code  Gb  em_cmu.o [15]
CMU_OscillatorTuningWait
                        0x0001ae89    0x40  Code  Gb  em_cmu.o [15]
[...]
rxNextBuffer            0x000052ab    0x42  Code  Lc  com.o [27]
rxReq                   0x20006eee     0x1  Data  Lc  micro.o [18]
rxWarmTimeUs            0x20007fc0     0x2  Data  Lc  radio.o [42]
savedAssertInfo         0x20006ee0     0x8  Data  Lc  cstartup-common.o [18]
savedResetCause         0x20006ee8     0x2  Data  Lc  cstartup-common.o [18]
savedScanType           0x2000767a     0x1  Data  Lc  scan.o [42]
scanChannelMask         0x20007694     0x4  Data  Lc  scan.o [42]
scanDuration            0x2000767b     0x1  Data  Lc  scan.o [42]
scanEventActions        0x00031980    0x10  Data  Lc  scan.o [42]
scanEventHandler        0x0001bf8f   0x122  Code  Lc  scan.o [42]
scanFrameCounter        0x20007688     0x4  Data  Lc  scan.o [42]
scanResultDestination   0x20007528    0x10  Data  Lc  commission.o [42]
scanReturn              0x0001bf61    0x2e  Code  Lc  scan.o [42]
scanStartTime           0x2000768c     0x4  Data  Lc  scan.o [42]
scanTransmitRetries     0x2000767c     0x1  Data  Lc  scan.o [42]
scheduleEvent           0x0001c7c1    0x50  Code  Lc  child-aging.o [42]
scheduleKeyRotation     0x0000f447    0x2c  Code  Lc  distributed-key-management.o [42]
secp256r1_b             0x0002c1dc    0x20  Data  Lc  ecp_curves.o [39]
secp256r1_gx            0x0002c1fc    0x20  Data  Lc  ecp_curves.o [39]
secp256r1_gy            0x0002c21c    0x20  Data  Lc  ecp_curves.o [39]
secp256r1_n             0x0002c23c    0x20  Data  Lc  ecp_curves.o [39]
secp256r1_p             0x0002c1bc    0x20  Data  Lc  ecp_curves.o [39]
securityErrorsHandler   0x00024c9f     0x6  Code  Lc  coap-diagnostic-stack.o [42]
seed0                   0x20006584     0x2  Data  Gb  random.o [18]
seed1                   0x20006586     0x2  Data  Gb  random.o [18]
sendAccept              0x0000df47   0x148  Code  Lc  mle.o [42]
sendChangeCipherSpec    0x00020ec1    0x24  Code  Lc  tls-handshake.o [42]
sendClientHelloHandler  0x000205ad   0x16c  Code  Lc  tls-handshake.o [42]
sendClientKeyExchange   0x00020de7    0xb8  Code  Lc  tls-handshake.o [42]
sendCommissionerStatus  0x00013573    0xe0  Code  Lc  commission.o [42]
sendDhcpSolicit         0x00028a2d    0xde  Code  Lc  dhcp-client.o [35]
sendDtlsRecords         0x0001dc3f    0x50  Code  Lc  dtls.o [42]
sendFinished            0x00020ee5    0x42  Code  Lc  tls-handshake.o [42]
sendHelloRequest        0x0002058b    0x18  Code  Lc  tls-handshake.o [42]
sendKeepalive           0x00014bbb    0x36  Code  Lc  commission.o [42]
sendManagementDataset   0x0001583d    0x60  Code  Lc  commission-dataset.o [42]
sendManagementDatasetChanged
                        0x000158a1    0x2c  Code  Lc  commission-dataset.o [42]
sendNextMleDiscovery    0x00011059    0x4c  Code  Lc  join.o [42]
sendOkayToSend          0x000276cb    0x3a  Code  Lc  tftp-bootloader-server.o [31]
sendOneHopMleMessage    0x0000e1b5    0x26  Code  Lc  mle.o [42]
sendRecord              0x00029039   0x10e  Code  Lc  tls-ccm-record.o [42]
sendResponse            0x0000b783    0x60  Code  Lc  coap.o [42]
sendServerHello         0x00020ae7   0x136  Code  Lc  tls-handshake.o [42]
sendServerHelloDone     0x00020c41    0x24  Code  Lc  tls-handshake.o [42]
sendServerKeyExchange   0x00020c33     0xe  Code  Lc  tls-handshake.o [42]
sendSetResponse         0x000151d1    0x34  Code  Lc  commission-dataset.o [42]
sendSimpleOneHopMleMessage
                        0x0000e1db    0x22  Code  Lc  mle.o [42]
sendToLeaderWithHandlerData
                        0x000142fd    0x5e  Code  Lc  commission.o [42]
seqMisc                 0x21000f6c    0x18  Data  Gb  radio.o [42]
seqNo                   0x200076d8     0x4  Data  Gb  phy-common.o [42]
seqPaConfig             0x21000fc0     0xc  Data  Gb  radio.o [42]
seqStack                0x21000fcc    0x28  Data  Gb  radio.o [42]
seqTimestamps           0x21000f84    0x18  Data  Gb  radio.o [42]
seqTiming               0x21000f9c    0x24  Data  Gb  radio.o [42]
seqVirtualReg           0x21000ff4     0xc  Data  Gb  radio.o [42]
sequenceNumber          0x20007fd3     0x1  Data  Lc  debug-jtag.o [42]
server                  0x20007420    0x10  Data  Lc  client-implementation.o [1]
serverAdvertiseHandler  0x00019b2d    0x32  Code  Gb  client-implementation.o [1]
serverDataHandler       0x00022c55    0x46  Code  Lc  address-management.o [42]
servicesState           0x20007f10     0x1  Data  Lc  local-server-data.o [42]
setActiveDataset        0x000155ad    0x92  Code  Lc  commission-dataset.o [42]
setCustomMacExtendedId  0x00010ab5    0x24  Code  Lc  join.o [42]
setDatasetTlvs          0x00015c43    0xd2  Code  Lc  commission-dataset.o [42]
setDestinationMode      0x0001c3eb    0x20  Code  Lc  ip-packet-header.o [42]
setHfLeConfig           0x0001a7db    0x20  Code  Lc  em_cmu.o [15]
setLifetime             0x0001e8e1    0x6e  Code  Lc  dhcp.o [35]
setMleAdvertisementDelay
                        0x0000ca35    0x4e  Code  Lc  rip.o [42]
setNextStateWithDelay   0x00019de1     0xa  Code  Lc  client-implementation.o [1]
setPendingDataset       0x00015645    0x28  Code  Lc  commission-dataset.o [42]
setPendingIndirectFlag  0x0000976f    0x4c  Code  Lc  mac-indirect.o [42]
setPendingToActiveEvent
                        0x00014f97     0xa  Code  Lc  commission-dataset.o [42]
setUnreachabilityTimer  0x0000ca9f    0x14  Code  Lc  rip.o [42]
sha224_clone_wrap       0x0002fa87     0x4  Code  Lc  md_wrap.o [39]
sha224_ctx_alloc        0x0002fa5f    0x16  Code  Lc  md_wrap.o [39]
sha224_ctx_free         0x0002fa75    0x12  Code  Lc  md_wrap.o [39]
sha224_finish_wrap      0x0002fa55     0x4  Code  Lc  md_wrap.o [39]
sha224_process_wrap     0x0002fa8b     0x4  Code  Lc  md_wrap.o [39]
sha224_starts_wrap      0x0002fa4b     0x6  Code  Lc  md_wrap.o [39]
sha224_update_wrap      0x0002fa51     0x4  Code  Lc  md_wrap.o [39]
sha224_wrap             0x0002fa59     0x6  Code  Lc  md_wrap.o [39]
sha256_padding          0x0002f9e8    0x40  Data  Lc  sl_sha256.o [39]
sha256_starts_wrap      0x0002fa8f     0x6  Code  Lc  md_wrap.o [39]
sha256_wrap             0x0002fa95     0x6  Code  Lc  md_wrap.o [39]
sharedKey               0x00031f8c    0x10  Data  Gb  tls-test-credentials.o [42]
sharedKeyName           0x00031f88     0x1  Data  Gb  tls-test-credentials.o [42]
shift                   0x0001c291    0x10  Code  Lc  random.o [18]
simEe2offset            0x200074c0     0x4  Data  Gb  sim-eeprom-internal.o [41]
simEeErasePage          0x0002521f    0x16  Code  Lc  sim-eeprom-internal.o [41]
simEeSetDataActiveSemaphore
                        0x20007fc7     0x1  Data  Gb  token.o [18]
simulatedEepromStorage  0x0003e000  0x2000  Data  Gb  sim-eeprom.o [28]
sizeCache               0x000309a0    0x10  Data  Gb  sim-eeprom.o [28]
skipOverNotLive         0x000088ff    0x16  Code  Lc  buffer-management.o [42]
sleepTimerInterruptOccurred
                        0x200074d8     0x1  Data  Lc  system-timer.o [37]
sleepyBroadcastEvent    0x2000673c     0xc  Data  Lc  jit.o [42]
sleepyBroadcastEventActions
                        0x00031cf4    0x10  Data  Lc  jit.o [42]
sleepyBroadcastEventHandler
                        0x0001b957    0x18  Code  Lc  jit.o [42]
sniffBaudHz             0x2000777c     0x4  Data  Lc  pti.o [42]
sniffMode               0x20007778     0x4  Data  Lc  pti.o [42]
sortTlvs                0x0001678f    0x64  Code  Lc  network-data.o [42]
sourceAddressHandler    0x00024b1d    0x20  Code  Lc  coap-diagnostic-stack.o [42]
stackCoapMessageHandler
                        0x0001ee2d     0x4  Code  Lc  coap-stack.o [42]
stackEvents             0x000066d0     0x8  Data  Lc  ip-stack.o [42]
stackIsInitialized      0x20006ec5     0x1  Data  Lc  main.o [24]
startAttach             0x00011b75    0x96  Code  Lc  join.o [42]
startChannelScan        0x0001c15d    0x82  Code  Lc  scan.o [42]
startDiscovery          0x000130a5    0x5a  Code  Lc  address-cache.o [42]
startFormActiveScan     0x00011989    0x38  Code  Lc  join.o [42]
startFragmentIfJoinFails
                        0x20007590     0x1  Data  Lc  join.o [42]
startHostJoinClient     0x200075a4     0x4  Data  Lc  join.o [42]
startJoin               0x00010e83    0x4e  Code  Lc  join.o [42]
startMessage            0x000083a7    0x14  Code  Lc  debug.o [42]
startMessageTimeout     0x0001dc09    0x36  Code  Gb  dtls.o [42]
startTimerNestingLevel  0x200065ac     0x4  Data  Lc  rtcdriver.o [14]
state                   0x20007415     0x1  Data  Lc  client-implementation.o [1]
stateActions            0x0002123c   0x168  Data  Lc  tls-handshake.o [42]
stateEventControl       0x20007418     0x8  Data  Gb  client-implementation.o [1]
stateEventHandler       0x00019d6d    0x74  Code  Gb  client-implementation.o [1]
statsTable              0x200074c4     0xc  Data  Lc  debug.o [42]
statusMap               0x0000b274    0x20  Data  Lc  coap.o [42]
statusReports           0x0001dc00     0x8  Data  Lc  connection.o [42]
steeringData            0x200074e8    0x10  Data  Lc  commission.o [42]
steeringDataLength      0x200074e0     0x1  Data  Lc  commission.o [42]
steeringDataOp          0x000132b1    0xb2  Code  Lc  commission.o [42]
storeChildAddresses     0x0000d2fb    0x16  Code  Lc  mle.o [42]
storeCoapOption         0x0000b2bb    0x8c  Code  Lc  coap.o [42]
storeCounter            0x00024c27    0x14  Code  Lc  coap-diagnostic-stack.o [42]
storeMulticastOption    0x00025e6f    0x38  Code  Lc  ip-header.o [42]
stringToBytes           0x00004cdb   0x1b4  Code  Lc  ip-address.o [42]
strlen                  0x00024abd          Code  Gb  strlen.o [40]
strncmp                 0x00024af3    0x2a  Code  Gb  strncmp.o [36]
strnlen                 0x00006c4b    0x16  Code  Gb  strnlen.o [36]
sub32                   0x0002bed1    0x18  Code  Lc  ecp_curves.o [39]
submitCount             0x20007aa5     0x1  Data  Lc  retry.o [42]
submitMessage           0x0001ead9    0x5c  Code  Lc  coap-stack.o [42]
successTlv              0x000140ac     0x4  Data  Lc  commission.o [42]
swoOutput               0x00007f5b    0xa8  Code  Lc  debug-jtag.o [42]
syncForMulticast        0x000190ad    0xb6  Code  Lc  rip-neighbor.o [42]
syncReg                 0x0001a8bd    0x12  Code  Lc  em_cmu.o [15]
systemTimerId           0x200074dc     0x4  Data  Lc  system-timer.o [37]
tempdrvHighCallbacks    0x200072cc    0x30  Data  Lc  tempdrv.o [14]
tempdrvLowCallbacks     0x20007314    0x30  Data  Lc  tempdrv.o [14]
theAttachData           0x200075d0    0x3c  Data  Lc  join.o [42]
theJoinScanCache        0x20007588     0x4  Data  Lc  join.o [42]
theSharedKey            0x00031f9c    0x10  Data  Lc  tls-test-credentials.o [42]
threadKeys              0x20007638    0x20  Data  Lc  distributed-key-management.o [42]
timeElapsed             0x20007358     0x1  Data  Lc  ustimer.o [14]
timeoutHandler          0x00024b67    0x12  Code  Lc  coap-diagnostic-stack.o [42]
timeoutPools            0x00009b83    0xb2  Code  Lc  mac-indirect.o [42]
timer                   0x20006910    0xa0  Data  Lc  rtcdriver.o [14]
tlvBit                  0x0000d079    0x14  Code  Lc  mle.o [42]
tlvData                 0x000131c8    0xe8  Data  Lc  commission.o [42]
tlvData                 0x0001506c    0xa0  Data  Lc  commission-dataset.o [42]
tlvData                 0x00022f18    0x58  Data  Lc  address-management.o [42]
tlvMap                  0x00015570    0x3c  Data  Gb  commission-dataset.o [42]
tlvRanges               0x000131c0     0x8  Data  Lc  commission.o [42]
tlvRequested            0x0000d0a3    0x16  Code  Lc  mle.o [42]
tokenArraySize          0x00030b10    0x10  Data  Gb  token-def.o [18]
tokenCreators           0x00030ad4    0x1c  Data  Gb  token-def.o [18]
tokenData               0x00015d54    0x48  Data  Lc  commission-dataset.o [42]
tokenDefaults           0x00030e14    0x34  Data  Gb  token-def.o [18]
tokenIsCnt              0x00030af0    0x10  Data  Gb  token-def.o [18]
tokenPredicate          0x0000b093    0x14  Code  Lc  coap.o [42]
tokenSize               0x00030b00    0x10  Data  Gb  token-def.o [18]
tokensActive            0x20007fc6     0x1  Data  Gb  token.o [18]
tracePhase              0x2000745a     0x1  Data  Lc  buffer-management.o [42]
transmitBuffer          0x0000545f    0x64  Code  Lc  com.o [27]
transmitCatchUp         0x000053d5    0x82  Code  Lc  com.o [27]
transmitComplete        0x000183dd    0xc6  Code  Lc  dispatch.o [42]
transmitQueue           0x20007f3a     0x2  Data  Lc  mac-arbiter.o [42]
trickleExponent         0x20006748     0x1  Data  Lc  rip.o [42]
twoWayQualityFromCache  0x00011b05    0x24  Code  Lc  join.o [42]
txBuffer                0x200074d4     0x4  Data  Lc  debug.o [42]
txBufferLength          0x200074d1     0x1  Data  Lc  debug.o [42]
txBufferSize            0x200074d0     0x1  Data  Lc  debug.o [42]
txCb                    0x20006ef0     0x4  Data  Lc  micro.o [18]
txHeaderLength          0x00028fb3    0x16  Code  Lc  tls-ccm-record.o [42]
txReq                   0x20006eed     0x1  Data  Lc  micro.o [18]
txState                 0x2000769c     0x1  Data  Gb  phy-common.o [42]
typeAndPortEnabled      0x00029479    0x10  Code  Lc  log.o [42]
uartdrvHandle           0x20007348    0x10  Data  Lc  uartdrv.o [14]
uartdrvHandleIsInitialized
                        0x20007344     0x1  Data  Lc  uartdrv.o [14]
uarthandle              0x20006528     0xc  Data  Gb  com.o [27]
uarthandledata          0x20006db4    0x9c  Data  Lc  com.o [27]
udpListenCommand        0x0002e551    0x34  Code  Gb  udp-cli.o [32]
udpSendCommand          0x0002e585    0x52  Code  Gb  udp-cli.o [32]
udpStatusHandler        0x0000c007    0x38  Code  Lc  dtls-join.o [42]
unicastHead             0x20007b5c     0x1  Data  Lc  unicast-table.o [42]
unicastTableEvent       0x200067ec     0xc  Data  Lc  unicast-table.o [42]
unicastTableEventActions
                        0x00031e74    0x10  Data  Lc  unicast-table.o [42]
unicastTableEventHandler
                        0x0000fa49    0x1e  Code  Lc  unicast-table.o [42]
uninitializedIsr        0x0002eef9          Code  Gb  faults-v7m.o [18]
unloadTxBuffer          0x0000539d    0x2c  Code  Lc  com.o [27]
updateBuffer            0x00005277    0x34  Code  Gb  com.o [27]
updateCommissioningDatasets
                        0x0000d0b9    0xa0  Code  Lc  mle.o [42]
updateInterrupts        0x000271cb    0xa2  Code  Lc  tempdrv.o [14]
updateMacFrameCounter   0x0000f03f    0x4a  Code  Lc  mle.o [42]
updateNetworkData       0x0000d159     0xa  Code  Lc  mle.o [42]
uriEquals               0x00024d07    0x32  Code  Lc  coap-diagnostic-stack.o [42]
uriHandlers             0x000141ec    0x9c  Data  Lc  commission.o [42]
uriHandlers             0x00015d9c    0x48  Data  Lc  commission-dataset.o [42]
uriHandlers             0x00022f70    0x54  Data  Lc  address-management.o [42]
use1MHzClock            0x20007404     0x1  Data  Lc  adc.o [2]
userData                0x20007478     0x4  Data  Lc  buffer-management.o [42]
userDataCount           0x20007460     0x2  Data  Lc  buffer-management.o [42]
vcoGainPte              0x20007eec     0x1  Data  Gb  synth.o [42]
verifyAppBlVersion      0x0002d561    0x26  Code  Lc  bootloader-interface-app.o [16]
versionTypeNames        0x00004470    0x18  Data  Lc  version-debug.o [33]
voltageHandler          0x00024cab     0x6  Code  Lc  coap-diagnostic-stack.o [42]
wakeInfo                0x20006ef8     0x4  Data  Lc  sleep-efm32.o [18]
wallClockOverflowCnt    0x200065b0     0x4  Data  Lc  rtcdriver.o [14]
wallClockTimeBase       0x200065b4     0x4  Data  Lc  rtcdriver.o [14]
write16                 0x0002ce9d    0x4c  Code  Gb  flash.o [37]
writeHelloStart         0x00020523    0x48  Code  Lc  tls-handshake.o [42]
writePageCounters       0x0002588d    0x78  Code  Lc  sim-eeprom-internal.o [41]
writeSessionId          0x0002056b    0x20  Code  Lc  tls-handshake.o [42]
writeTlsRecordHeader    0x00028f75    0x3e  Code  Lc  tls-ccm-record.o [42]
writeTokenBlockData     0x00025181    0x54  Code  Lc  sim-eeprom-internal.o [41]
wrongMessage            0x00020fcb     0x4  Code  Lc  tls-handshake.o [42]
xor16                   0x00021b55    0x14  Code  Lc  thread-key-stretch.o [42]


[1] = C:\Users\subh6068\SimplicityStudio\v4_workspace\client_2\IAR ARM - Default
[2] = C:\Users\subh6068\SimplicityStudio\v4_workspace\client_2\IAR ARM - Default\adc\EFR32
[3] = C:\Users\subh6068\SimplicityStudio\v4_workspace\client_2\IAR ARM - Default\address-configuration-debug
[4] = C:\Users\subh6068\SimplicityStudio\v4_workspace\client_2\IAR ARM - Default\antenna-stub
[5] = C:\Users\subh6068\SimplicityStudio\v4_workspace\client_2\IAR ARM - Default\button\EFR32
[6] = C:\Users\subh6068\SimplicityStudio\v4_workspace\client_2\IAR ARM - Default\buzzer\EFR32
[7] = C:\Users\subh6068\SimplicityStudio\v4_workspace\client_2\IAR ARM - Default\cli
[8] = C:\Users\subh6068\SimplicityStudio\v4_workspace\client_2\IAR ARM - Default\coap-cli
[9] = C:\Users\subh6068\SimplicityStudio\v4_workspace\client_2\IAR ARM - Default\coap-dispatch
[10] = C:\Users\subh6068\SimplicityStudio\v4_workspace\client_2\IAR ARM - Default\command-interpreter2
[11] = C:\Users\subh6068\SimplicityStudio\v4_workspace\client_2\IAR ARM - Default\debug-print
[12] = C:\Users\subh6068\SimplicityStudio\v4_workspace\client_2\IAR ARM - Default\dhcp-client
[13] = C:\Users\subh6068\SimplicityStudio\v4_workspace\client_2\IAR ARM - Default\diagnostic\EFR32
[14] = C:\Users\subh6068\SimplicityStudio\v4_workspace\client_2\IAR ARM - Default\emdrv
[15] = C:\Users\subh6068\SimplicityStudio\v4_workspace\client_2\IAR ARM - Default\emlib
[16] = C:\Users\subh6068\SimplicityStudio\v4_workspace\client_2\IAR ARM - Default\external-generated-files
[17] = C:\Users\subh6068\SimplicityStudio\v4_workspace\client_2\IAR ARM - Default\global-address-prefix-debug
[18] = C:\Users\subh6068\SimplicityStudio\v4_workspace\client_2\IAR ARM - Default\hal-library\EFR32
[19] = C:\Users\subh6068\SimplicityStudio\v4_workspace\client_2\IAR ARM - Default\heartbeat
[20] = C:\Users\subh6068\SimplicityStudio\v4_workspace\client_2\IAR ARM - Default\icmp-cli
[21] = C:\Users\subh6068\SimplicityStudio\v4_workspace\client_2\IAR ARM - Default\icmp-debug
[22] = C:\Users\subh6068\SimplicityStudio\v4_workspace\client_2\IAR ARM - Default\idle-sleep
[23] = C:\Users\subh6068\SimplicityStudio\v4_workspace\client_2\IAR ARM - Default\led\EFR32
[24] = C:\Users\subh6068\SimplicityStudio\v4_workspace\client_2\IAR ARM - Default\main
[25] = C:\Users\subh6068\SimplicityStudio\v4_workspace\client_2\IAR ARM - Default\network-management-cli
[26] = C:\Users\subh6068\SimplicityStudio\v4_workspace\client_2\IAR ARM - Default\scan-debug
[27] = C:\Users\subh6068\SimplicityStudio\v4_workspace\client_2\IAR ARM - Default\serial\EFR32
[28] = C:\Users\subh6068\SimplicityStudio\v4_workspace\client_2\IAR ARM - Default\sim-eeprom1\EFR32
[29] = C:\Users\subh6068\SimplicityStudio\v4_workspace\client_2\IAR ARM - Default\slaac-client
[30] = C:\Users\subh6068\SimplicityStudio\v4_workspace\client_2\IAR ARM - Default\stack\thread-stack
[31] = C:\Users\subh6068\SimplicityStudio\v4_workspace\client_2\IAR ARM - Default\tftp-bootload-target
[32] = C:\Users\subh6068\SimplicityStudio\v4_workspace\client_2\IAR ARM - Default\udp-cli
[33] = C:\Users\subh6068\SimplicityStudio\v4_workspace\client_2\IAR ARM - Default\version-debug
[34] = command line
[35] = dhcp-library.a
[36] = dl7M_tln.a
[37] = hal-library.a
[38] = m7M_tlv.a
[39] = mbedtls-library.a
[40] = rt7M_tl.a
[41] = sim-eeprom1-library.a
[42] = thread-stack.a

  177 904 bytes of readonly  code memory
      512 bytes of readwrite code memory
   13 092 bytes of readonly  data memory
   25 370 bytes of readwrite data memory (+ 148 absolute)

Errors: none
Warnings: none
