                                 - faults-v7m -                       Page    1

    1                           //--------------------------------------------
                                ----------------------------------
    2                           // @file hal/micro/cortexm3/faults-v7m.s79
    3                           // @brief PRIV
    4                           // 
    5                           //
    6                           // Copyright 2016 Silicon Laboratories, Inc.
                                 All rights reserved.           *80*
    7                           //--------------------------------------------
                                ----------------------------------
    8                           
    9                           #include "../compiler/asm.h"
   10                           
   11                                   __IMPORT__ halInternalCrashHandler
   12                                   __IMPORT__ halInternalSysReset
   13                           
   14                           // define the values the link register can
                                 have on entering an exception
   15                           __EQU__(EXC_RETURN_HANDLER_MSP, 0xFFFFFFF1)
   16                           __EQU__(EXC_RETURN_THREAD_MSP,  0xFFFFFFF9)
   17                           __EQU__(EXC_RETURN_THREAD_PSP,  0xFFFFFFFD)
   18                           
   19                           // define stack bytes needed by halCrashHandle
                                r()
   20                           __EQU__(CRASH_STACK_SIZE, 64)
   21                           
   22                           //--------------------------------------------
                                ----------------------------------
   23                           //
   24                           // Various types of crashes generate NMIs,
                                 hard, bus, memory, usage and debug 
   25                           // monitor faults that vector to the routines
                                 defined here. 
   26                           //
   27                           // Although all of these could vector directly
                                 to the common fault handler,
   28                           // each is given its own entry point to allow
                                 setting a breakpoint for a 
   29                           // particular type of crash.
   30                           //
   31                           //--------------------------------------------
                                ----------------------------------
   32                           
   33                           
   34                           #ifndef EMBER_INTERRUPT_TEST
   35                                   __CODE__
   36                                   __THUMB__
   37                                   __EXPORT__ halNmiIsr
   38                           halNmiIsr:
   39    00000000 ....                  b.n fault
   40                           #endif
   41                           
   42                           
   43                           #ifndef EMBER_ACCESS_TEST
   44                                   __CODE__
   45                                   __THUMB__
   46                                   __EXPORT__ halHardFaultIsr
   47                           halHardFaultIsr:
   48    00000000 ....                  b.n fault
   49                           
   50                                   __CODE__
   51                                   __THUMB__
   52                                   __EXPORT__ halBusFaultIsr
   53                           halBusFaultIsr:
   54    00000000 ....                  b.n fault
   55                           
   56                                   __CODE__
   57                                   __THUMB__
   58                                   __EXPORT__ halMemoryFaultIsr
   59                           halMemoryFaultIsr:
   60    00000000 ....                  b.n fault
   61                           
   62                                   __CODE__
   63                                   __THUMB__
   64                                   __EXPORT__ halUsageFaultIsr
   65                           halUsageFaultIsr:
   66    00000000 ....                  b.n fault
   67                           #endif
                                 - faults-v7m -                       Page    2

   68                           
   69                                   __CODE__
   70                                   __THUMB__
   71                                   __EXPORT__ halDebugMonitorIsr
   72                           halDebugMonitorIsr:
   73    00000000 ....                  b.n fault
   74                           
   75                                   __CODE__
   76                                   __THUMB__
   77                                   __EXPORT__ uninitializedIsr
   78                           uninitializedIsr:
   79    00000000 ....                  b.n fault
   80                           
   81                           
   82                           //--------------------------------------------
                                ----------------------------------
   83                           // Common fault handler prolog processing
   84                           //
   85                           //   determines which of the three possible
                                 EXC_RETURN values is in lr,
   86                           //   then uses lr to save processor registers
                                 r0-r12 to the crash info area
   87                           //
   88                           //   restores lr's value, and then saves lr,
                                 msp and psp to the crash info area
   89                           //
   90                           //   checks the stack pointer to see if it is
                                 valid and won't overwrite the crash
   91                           //   info area - if needed, resets the stack
                                 pointer to the top of the stack
   92                           //   
   93                           //   calls halInternalCrashHandler() to
                                 continue saving crash data. This 
   94                           //   C function can finish crash processing
                                 without risking further faults.
   95                           //   It returns the fault reason, and this is
                                 passed to halInternalSysReset() 
   96                           //   that forces a processor reset.
   97                           //
   98                           //--------------------------------------------
                                ----------------------------------
   99                                   __CODE__
  100                                   __THUMB__
  101                                   __EXPORT__ fault
  102                           fault:
  103    00000000 72B6                  cpsid   i               // in case the
                                                 fault priority is low
  104    00000002 1EF0080F              tst     lr, #8          // test
                                                 EXC_RETURN for handler vs
                                                 thread mode
  105    00000006 08D0                  beq.n   fault_handler_msp
  106    00000008 1EF0040F              tst     lr, #4          // thread mode:
                                                 test for msp versus psp
  107    0000000C 0BD0                  beq.n   fault_thread_msp
  108                           
  109                           fault_thread_psp:
  110    0000000E DFF848E0              ldr     lr, =__BEGIN_RESETINFO__(4)
  111    00000012 AEE8FF1F              stmia.w lr!, {r0-r12}
  112    00000016 1148                  ldr     r0, =EXC_RETURN_THREAD_PSP
  113    00000018 0AE0                  b.n     fault_continue
  114                           
  115                           fault_handler_msp:
  116    0000001A DFF83CE0              ldr     lr, =__BEGIN_RESETINFO__(4)
  117    0000001E AEE8FF1F              stmia.w lr!, {r0-r12}
  118    00000022 0F48                  ldr     r0, =EXC_RETURN_HANDLER_MSP
  119    00000024 04E0                  b.n     fault_continue
  120                           
  121                           fault_thread_msp:
  122    00000026 DFF830E0              ldr     lr, =__BEGIN_RESETINFO__(4)
  123    0000002A AEE8FF1F              stmia.w lr!, {r0-r12}
  124    0000002E 0D48                  ldr     r0, =EXC_RETURN_THREAD_MSP
  125                           //        b.n     fault_continue
  126                           
  127                           fault_continue:
  128    00000030 6946                  mov     r1, sp
  129    00000032 EFF30982              mrs     r2, PSP
  130    00000036 8EE80700              stm     lr, {r0-r2}     // save lr, msp
                                                 and psp
                                 - faults-v7m -                       Page    3

  131    0000003A 8646                  mov     lr, r0          // restore
                                                 lr
  132                           
  133                           fault_check_sp:
  134                                   //  make sure that the current stack
                                 pointer is within the minimum region
  135                                   //  that must be occupied by the stack
                                 and that there is some headroom
  136                                   //  for the crash handler's stack.
  137    0000003C 0A48                  ldr     r0, =__BEGIN_STACK__(CRASH_STAC
                                                K_SIZE)
  138    0000003E 0B4C                  ldr     r4, =__END_STACK__(0)
  139    00000040 8545                  cmp     sp, r0
  140    00000042 01D3                  blo.n   fault_fix_sp
  141                                   // compare to make sure SP otherwise
                                 looks valid
  142    00000044 A545                  cmp     sp, r4
  143    00000046 01D3                  blo.n   fault_sp_okay
  144                           fault_fix_sp:
  145    00000048 84F30888              msr     msp, r4
  146                           fault_sp_okay:
  147    0000004C ........              bl.w    halInternalCrashHandler //
                                            saves rest of data, returns
                                            reason
  148    00000050 84F30888              msr     msp, r4                 // set
                                                 sp to top of stack segment
  149    00000054 ........              bl.w    halInternalSysReset     // call
                                            with reset reason in R0    
                                            
  150                           
  150.1                                  TABLE
  150.2  00000058 ........              Reference on line 110,116,122
  150.3  0000005C FDFFFFFF              Reference on line 112
  150.4  00000060 F1FFFFFF              Reference on line 118
  150.5  00000064 F9FFFFFF              Reference on line 124
  150.6  00000068 ........              Reference on line 137
  150.7  0000006C ........              Reference on line 138
  151                                   __END__
##############################
#           CRC:0            #
#        Errors:   0         #
#        Warnings: 0         #
#         Bytes: 126         #
##############################



