###############################################################################
#
# IAR ELF Linker V7.30.1.7746/W32 for ARM                 28/Oct/2016  22:34:59
# Copyright 2007-2014 IAR Systems AB.
#
#    Output file  =  server.out
#    Map file     =  
#        C:/Users/subh6068/SimplicityStudio/v4_workspace/server/IAR ARM -
#        Default/server.map
#    Command line =  
#        ./version-debug/version-debug.o ./udp-cli/udp-cli.o
#        ./tftp-bootload-target/tftp-15-4.o
#        ./tftp-bootload-target/tftp-bootload.o
#        ./tftp-bootload-target/tftp-bootloader-15-4.o
#        ./tftp-bootload-target/tftp-bootloader-server.o
#        ./tftp-bootload-target/tftp-bootloader.o
#        ./tftp-bootload-target/tftp-server.o ./tftp-bootload-target/tftp.o
#        ./stack/thread-stack/ember-ip-configuration.o
#        ./slaac-client/slaac-client.o ./sim-eeprom1/EFR32/sim-eeprom.o
#        ./serial/EFR32/com.o ./serial/EFR32/ember-printf.o
#        ./serial/EFR32/serial.o ./scan-debug/scan-debug.o
#        ./network-management-cli/network-management-cli.o ./main/main.o
#        ./led/EFR32/led.o ./idle-sleep/idle-sleep.o ./icmp-debug/icmp-debug.o
#        ./icmp-cli/icmp-cli.o ./heartbeat/heartbeat.o
#        ./hal-library/EFR32/assert-crash-handlers.o ./hal-library/EFR32/crc.o
#        ./hal-library/EFR32/cstartup-common.o ./hal-library/EFR32/endian.o
#        ./hal-library/EFR32/faults-v7m.o ./hal-library/EFR32/isr-stubs.o
#        ./hal-library/EFR32/mem-util.o ./hal-library/EFR32/mfg-token.o
#        ./hal-library/EFR32/micro-common.o ./hal-library/EFR32/micro.o
#        ./hal-library/EFR32/mpu.o ./hal-library/EFR32/random.o
#        ./hal-library/EFR32/sleep-efm32.o ./hal-library/EFR32/token-def.o
#        ./hal-library/EFR32/token.o
#        ./global-address-prefix-debug/global-address-prefix-debug.o
#        ./external-generated-files/bootloader-interface-app.o
#        ./external-generated-files/bootloader-interface.o ./emlib/em_adc.o
#        ./emlib/em_cmu.o ./emlib/em_emu.o ./emlib/em_gpio.o ./emlib/em_int.o
#        ./emlib/em_ldma.o ./emlib/em_leuart.o ./emlib/em_mpu.o
#        ./emlib/em_msc.o ./emlib/em_prs.o ./emlib/em_rmu.o ./emlib/em_rtcc.o
#        ./emlib/em_system.o ./emlib/em_timer.o ./emlib/em_usart.o
#        ./emlib/em_wdog.o ./emlib/system_efr32mg1p.o ./emdrv/dmadrv.o
#        ./emdrv/gpiointerrupt.o ./emdrv/rtcdriver.o ./emdrv/sleep.o
#        ./emdrv/spidrv.o ./emdrv/tempdrv.o ./emdrv/uartdrv.o ./emdrv/ustimer.o
#        ./diagnostic/EFR32/diagnostic.o ./dhcp-client/dhcp-client.o
#        ./debug-print/debug-print.o
#        ./command-interpreter2/command-interpreter2-error.o
#        ./command-interpreter2/command-interpreter2-util.o
#        ./command-interpreter2/command-interpreter2.o
#        ./coap-dispatch/coap-dispatch.o ./coap-cli/coap-cli.o ./cli/cli.o
#        ./buzzer/EFR32/buzzer.o ./button/EFR32/button.o
#        ./antenna-stub/antenna-stub.o
#        ./address-configuration-debug/address-configuration-debug.o
#        ./adc/EFR32/adc.o ./server-implementation.o ./thread-bookkeeping.o
#        ./thread-callback-stubs.o ./thread-callbacks.o ./thread-cli.o
#        ./thread-coap-dispatch.o ./thread-events.o -o server.out --config
#        C:/SiliconLabs/SimplicityStudio/v4/developer/stacks/thread/v2.0.0.0/platform/base/hal/micro/cortexm3/efm32/iar-cfg.icf
#        --config_def APP_BTL=1 --no_wrap_diagnostics
#        C:/SiliconLabs/SimplicityStudio/v4/developer/stacks/thread/v2.0.0.0//protocol/thread_2.0/build/mfglib-library-cortexm3-iar-efr32mg1p-efr32/mfglib-library.a
#        C:/SiliconLabs/SimplicityStudio/v4/developer/stacks/thread/v2.0.0.0//protocol/thread_2.0/build/thread-stack-cortexm3-iar-efr32mg1p-efr32/thread-stack.a
#        C:/SiliconLabs/SimplicityStudio/v4/developer/stacks/thread/v2.0.0.0//protocol/thread_2.0/build/dhcp-library-cortexm3-iar-efr32mg1p-efr32/dhcp-library.a
#        C:/SiliconLabs/SimplicityStudio/v4/developer/stacks/thread/v2.0.0.0//protocol/thread_2.0/build/mbedtls-library-cortexm3-iar-efr32mg1p-efr32/mbedtls-library.a
#        C:/SiliconLabs/SimplicityStudio/v4/developer/stacks/thread/v2.0.0.0//protocol/thread_2.0/build/sim-eeprom1-library-cortexm3-iar-efr32mg1p-efr32/sim-eeprom1-library.a
#        C:/SiliconLabs/SimplicityStudio/v4/developer/stacks/thread/v2.0.0.0//protocol/thread_2.0/build/hal-library-cortexm3-iar-efr32mg1p-efr32/hal-library.a
#        --entry halEntryPoint --map
#        "C:/Users/subh6068/SimplicityStudio/v4_workspace/server/IAR ARM -
#        Default/server.map" --log_file
#        "C:/Users/subh6068/SimplicityStudio/v4_workspace/server/IAR ARM -
#        Default/server.log" --log initialization,modules,sections,veneers
#        --diag_suppress=Lp012 --redirect _Printf=_PrintfSmall --redirect
#        _Scanf=_ScanfFull
#
###############################################################################

*******************************************************************************
*** RUNTIME MODEL ATTRIBUTES
***

CppFlavor       = *
__SystemLibrary = DLib


*******************************************************************************
*** PLACEMENT SUMMARY
***

"BAT": place at 0x00000000 { section BAT };
"HEADERS":
       place at start of [0x00004000-0x000040ff] { block HEADER_block };
"APP ro":
       place at start of [0x00004100-0x0003ffff] { block APPRO_block };
"NVM&SIMEE":
       place at end of [0x00004100-0x0003ffff] {
          zi section NVM, zi section SIMEE, zi section PSSTORE,
          zi section INTERNAL_STORAGE };
"DEBUGCHAN":
       place at start of [0x20007ff0-0x20007fff] { rw section DEBUG_CHANNEL };
"APP rw":
       place at end of [0x20000000-0x20007fef] { block APPRW_block };
"Heap":
       place at start of [0x20000000-0x20007fef] { overlay EMHEAP_overlay };
"Guard":
       place in [from 0x20000000 to 0x20007fef] { rw section GUARD_REGION };

  Section                 Kind        Address     Size  Object
  -------                 ----        -------     ----  ------
"BAT":                                            0x54
  BAT                     uninit   0x00000000     0x54  cstartup-common.o [18]
                                 - 0x00000054     0x54

"HEADERS":                                        0xac
  HEADER_block                     0x00004000     0xac  <Block>
    AAT                   const    0x00004000     0xac  cstartup-common.o [18]
                                 - 0x000040ac     0xac

"APP ro":                                      0x2ea88
  APPRO_block                      0x00004100  0x2ea88  <Block>
    .intvec               const    0x00004100     0xe0  cstartup-common.o [18]
    .textrw_init                   0x000041e0    0x200  <Block>
      Initializer bytes   ro data  0x000041e0    0x200  <for .textrw-1>
    .text                          0x000043e0  0x2b7cc  <Block>
      .text               ro code  0x000043e0     0xa8  version-debug.o [33]
      .text               ro code  0x00004488    0x190  debug-print.o [11]
      .text               ro code  0x00004618    0x2dc  ember-printf.o [27]
      .text               ro code  0x000048f4    0x5ec  ip-address.o [42]
      .text               ro code  0x00004ee0     0xd4  serial.o [27]
      .text               ro code  0x00004fb4    0x8f0  com.o [27]
      .text               ro code  0x000058a4     0xf6  mem-util.o [18]
      .text               ro code  0x0000599c    0x1d8  byte-utilities.o [42]
      .text               ro code  0x00005b74    0xbc0  ip-stack.o [42]
      .text               ro code  0x00006734    0x546  global-prefix.o [42]
      .text               ro code  0x00006c7c      0x6  ABImemclr4.o [40]
      .text               ro code  0x00006c82     0x16  strnlen.o [36]
      .text               ro code  0x00006c98     0x18  strrchr.o [36]
      .text               ro code  0x00006cb0     0x76  ABImemcpy_unaligned.o [40]
      .text               ro code  0x00006d28    0x13a  em_usart.o [15]
      .text               ro code  0x00006e64     0x2a  em_leuart.o [15]
      .text               ro code  0x00006e90   0x1024  uartdrv.o [14]
      .text               ro code  0x00007eb4    0x1e2  debug-jtag.o [42]
      .text               ro code  0x00008098    0x14c  em_gpio.o [15]
      .text               ro code  0x000081e4    0x29c  debug.o [42]
      .text               ro code  0x00008480     0x66  ABImemset.o [40]
      .text               ro code  0x000084e8    0x1e8  assert-crash-handlers.o [18]
      .text               ro code  0x000086d0    0xc74  buffer-management.o [42]
      .text               ro code  0x00009344    0x3d0  mac-arbiter.o [42]
      .text               ro code  0x00009714    0x57c  mac-indirect.o [42]
      .text               ro code  0x00009c90    0x268  retry.o [42]
      .text               ro code  0x00009ef8    0x81c  fragment.o [42]
      .text               ro code  0x0000a714    0x350  udp.o [42]
      .text               ro code  0x0000aa64      0xe  wakeup-stubs.o [42]
      .text               ro code  0x0000aa74    0x218  main.o [24]
      .text               ro code  0x0000ac8c     0xc8  dhcp-address-table.o [35]
      .text               ro code  0x0000ad54    0x35c  event-queue.o [42]
      .text               ro code  0x0000b0b0    0xb88  coap.o [42]
      .text               ro code  0x0000bc38    0x2b8  jpake-ecc-mbedtls.o [39]
      .text               ro code  0x0000bef0     0xc4  mark-list.o [42]
      .text               ro code  0x0000bfb4    0x604  dtls-join.o [42]
      .text               ro code  0x0000c5b8    0x230  mac.o [42]
      .text               ro code  0x0000c7e8    0x81c  rip.o [42]
      .text               ro code  0x0000d004   0x211c  mle.o [42]
      .text               ro code  0x0000f120    0x484  distributed-key-management.o [42]
      .text               ro code  0x0000f5a4    0x48c  802-15-4-ccm.o [42]
      .text               ro code  0x0000fa30     0x80  unicast-table.o [42]
      .text               ro code  0x0000fab0    0x7d8  child-data.o [42]
      .text               ro code  0x00010288    0x280  multicast.o [42]
      .text               ro code  0x00010508    0x5e4  local-server-data.o [42]
      .text               ro code  0x00010aec   0x1870  join.o [42]
      .text               ro code  0x0001235c    0xa28  phy-common.o [42]
      .text               ro code  0x00012d84     0x12  phy-util.o [42]
      .text               ro code  0x00012d98     0x4c  eui64.o [42]
      .text               ro code  0x00012de4    0x3d8  address-cache.o [42]
      .text               ro code  0x000131bc   0x1d68  commission.o [42]
      .text               ro code  0x00014f24    0xef8  commission-dataset.o [42]
      .text               ro code  0x00015e1c   0x1000  network-data.o [42]
      .text               ro code  0x00016e1c    0x134  token.o [18]
      .text               ro code  0x00016f50    0x1a4  event-control.o [42]
      .text               ro code  0x000170f4     0xc0  cstartup-common.o [18]
      .text               ro code  0x000171b4    0x304  buffer-queue.o [42]
      .text               ro code  0x000174b8    0x150  mac-efr32.o [42]
      .text               ro code  0x00017608    0x25c  ip-mac-receive.o [42]
      .text               ro code  0x00017864   0x10e8  dispatch.o [42]
      .text               ro code  0x0001894c    0x12c  phy.o [42]
      .text               ro code  0x00018a78     0x4c  thread-bookkeeping.o [1]
      .text               ro code  0x00018ac4     0x78  global-address-prefix-debug.o [17]
      .text               ro code  0x00018b3c    0xe0c  rip-neighbor.o [42]
      .text               ro code  0x00019948    0x828  server-implementation.o [1]
      .text               ro code  0x0001a170    0x3b4  micro.o [18]
      .text               ro code  0x0001a524     0x58  address-configuration-debug.o [3]
      .text               ro code  0x0001a57c     0xd4  slaac-client.o [29]
      .text               ro code  0x0001a650     0xd0  dhcp-client.o [12]
      .text               ro code  0x0001a720    0x13a  context-table.o [42]
      .text               ro code  0x0001a85c     0x32  ABImemset48.o [40]
      .text               ro code  0x0001a890    0x7c0  em_cmu.o [15]
      .text               ro code  0x0001b050    0x3d0  dmadrv.o [14]
      .text               ro code  0x0001b420     0xc8  gpiointerrupt.o [14]
      .text               ro code  0x0001b4e8     0x2e  register-access.o [37]
      .text               ro code  0x0001b518     0xdc  system-timer.o [37]
      .text               ro code  0x0001b5f4     0x24  crc.o [18]
      .text               ro code  0x0001b618    0x11c  micro-common.o [18]
      .text               ro code  0x0001b734    0x190  micro-internal.o [37]
      .text               ro code  0x0001b8c4     0x42  strcmp_unaligned.o [40]
      .text               ro code  0x0001b908    0x108  thread-callback-stubs.o [1]
      .text               ro code  0x0001ba10    0x218  jit.o [42]
      .text               ro code  0x0001bc28    0x28c  command.o [42]
      .text               ro code  0x0001beb4    0x4a4  scan.o [42]
      .text               ro code  0x0001c358     0x48  random.o [18]
      .text               ro code  0x0001c3a0     0x48  mac-header-util.o [42]
      .text               ro code  0x0001c3e8    0x384  ip-packet-header.o [42]
      .text               ro code  0x0001c76c     0xa4  child-table.o [42]
      .text               ro code  0x0001c810    0x29c  child-aging.o [42]
      .text               ro code  0x0001caac    0xcac  6lowpan-header.o [42]
      .text               ro code  0x0001d758    0x310  tls-record-util.o [42]
      .text               ro code  0x0001da68    0x280  connection.o [42]
      .text               ro code  0x0001dce8    0x4dc  dtls.o [42]
      .text               ro code  0x0001e1c4     0x4e  udp-simple.o [42]
      .text               ro code  0x0001e214    0x9a4  dhcp.o [35]
      .text               ro code  0x0001ebb8    0x3e8  coap-stack.o [42]
      .text               ro code  0x0001efa0    0x8c4  diagnostic.o [13]
      .text               ro code  0x0001f864     0x62  memcmp_unaligned.o [40]
      .text               ro code  0x0001f8c8    0x9d4  ecjpake.o [39]
      .text               ro code  0x0002029c    0x124  buffer-malloc.o [42]
      .text               ro code  0x000203c0   0x10c4  tls-handshake.o [42]
      .text               ro code  0x00021484    0x3a8  transport-header.o [42]
      .text               ro code  0x0002182c    0x408  sha256.o [42]
      .text               ro code  0x00021c34    0x1ec  thread-key-stretch.o [42]
      .text               ro code  0x00021e20    0x918  ip-mac-header.o [42]
      .text               ro code  0x00022738    0x37c  network-fragmentation.o [42]
      .text               ro code  0x00022ab4      0x6  ABImemclr.o [40]
      .text               ro code  0x00022abc    0x5e8  address-management.o [42]
      .text               ro code  0x000230a4     0xd4  aes.o [42]
      .text               ro code  0x00023178    0x224  scan-debug.o [26]
      .text               ro code  0x0002339c    0x25c  router-selection.o [42]
      .text               ro code  0x000235f8    0xa68  ieee802154_phy.o [42]
      .text               ro code  0x00024060    0x7dc  radio.o [42]
      .text               ro code  0x0002483c      0x4  micro-common-internal.o [37]
      .text               ro code  0x00024840     0x68  ieee802154_filtering.o [42]
      .text               ro code  0x000248a8    0x110  pti.o [42]
      .text               ro code  0x000249b8    0x1e4  mfg-token.o [18]
      .text               ro code  0x00024b9c     0x36  strlen.o [40]
      .text               ro code  0x00024bd2     0x2a  strncmp.o [36]
      .text               ro code  0x00024bfc    0x43c  coap-diagnostic-stack.o [42]
      .text               ro code  0x00025038     0x58  memchr.o [40]
      .text               ro code  0x00025090    0x198  sim-eeprom.o [28]
      .text               ro code  0x00025228    0xb2c  sim-eeprom-internal.o [41]
      .text               ro code  0x00025d54     0xc8  em_rmu.o [15]
      .text               ro code  0x00025e1c      0x4  antenna-stub.o [4]
      .text               ro code  0x00025e20     0xd4  association.o [42]
      .text               ro code  0x00025ef4    0x3b8  ip-header.o [42]
      .text               ro code  0x000262ac     0xf6  icmp.o [42]
      .text               ro code  0x000263a2      0xe  tcp-stub.o [42]
      .text               ro code  0x000263b0    0x104  icmp-debug.o [21]
      .text               ro code  0x000264b4    0x14c  rf_rand.o [42]
      .text               ro code  0x00026600     0x50  tempcal.o [42]
      .text               ro code  0x00026650    0x690  pa.o [42]
      .text               ro code  0x00026ce0    0x384  command-interpreter2-util.o [10]
      .text               ro code  0x00027064     0x14  tftp-bootload.o [31]
      .text               ro code  0x00027078     0x30  cli.o [7]
      .text               ro code  0x000270a8     0x20  heartbeat.o [19]
      .text               ro code  0x000270c8     0xa8  idle-sleep.o [22]
      .text               ro code  0x00027170    0x304  tftp-server.o [31]
      .text               ro code  0x00027474    0x324  tftp-bootloader-server.o [31]
      .text               ro code  0x00027798     0xa8  system_efr32mg1p.o [15]
      .text               ro code  0x00027840     0x6c  led.o [23]
      .text               ro code  0x000278ac    0x156  button.o [5]
      .text               ro code  0x00027a04    0x6b4  em_emu.o [15]
      .text               ro code  0x000280b8    0x54c  rtcdriver.o [14]
      .text               ro code  0x00028604    0x2f4  tempdrv.o [14]
      .text               ro code  0x000288f8    0x190  sleep-efm32.o [18]
      .text               ro code  0x00028a88    0x214  dhcp-client.o [35]
      .text               ro code  0x00028c9c    0x16c  em_ldma.o [15]
      .text               ro code  0x00028e08    0x1a4  ustimer.o [14]
      .text               ro code  0x00028fac     0x18  em_wdog.o [15]
      .text               ro code  0x00028fc4     0x8a  mpu.o [18]
      .text               ro code  0x00029050    0x504  tls-ccm-record.o [42]
      .text               ro code  0x00029554     0x38  log.o [42]
      .text               ro code  0x0002958c     0xac  coap-dispatch.o [9]
      .text               ro code  0x00029638   0x1680  ecp.o [39]
      .text               ro code  0x0002acb8   0x11b4  bignum.o [39]
      .text               ro code  0x0002be6c     0x44  md.o [39]
      .text               ro code  0x0002beb0    0x488  ecp_curves.o [39]
      .text               ro code  0x0002c338     0x90  tls-session-state.o [42]
      .text               ro code  0x0002c3c8     0x64  tls-jpake.o [42]
      .text               ro code  0x0002c42c    0x2d8  tls-handshake-crypto.o [42]
      .text               ro code  0x0002c704    0x15e  em_crypto.o [42]
      .text               ro code  0x0002c864     0x20  ieee802154_MRFSKFECWhiteningModeSwitch.o [42]
      .text               ro code  0x0002c884    0x2d0  synth.o [42]
      .text               ro code  0x0002cb54     0x5e  ir_cal.o [42]
      .text               ro code  0x0002cbb4     0xa0  ieee802154_legacyphyconfig.o [42]
      .text               ro code  0x0002cc54     0x34  em_system.o [15]
      .text               ro code  0x0002cc88     0xc4  radio_cmu.o [42]
      .text               ro code  0x0002cd4c     0x88  rf_test.o [42]
      .text               ro code  0x0002cdd4     0x2a  phy_utils.o [42]
      .text               ro code  0x0002ce00    0x132  I64DivMod.o [40]
      Veneer              ro code  0x0002cf34      0x8  - Linker created -
      Veneer              ro code  0x0002cf3c      0x8  - Linker created -
      Veneer              ro code  0x0002cf44      0x8  - Linker created -
      .text               ro code  0x0002cf4c     0xc8  flash.o [37]
      .text               ro code  0x0002d014    0x330  command-interpreter2.o [10]
      .text               ro code  0x0002d344    0x110  tftp.o [31]
      .text               ro code  0x0002d454     0x4a  tftp-15-4.o [31]
      .text               ro code  0x0002d4a0    0x19c  xstoul.o [36]
      .text               ro code  0x0002d63c    0x178  bootloader-interface-app.o [16]
      .text               ro code  0x0002d7b4     0xdc  tftp-bootloader.o [31]
      .text               ro code  0x0002d890     0x70  em_rtcc.o [15]
      .text               ro code  0x0002d900     0xee  em_timer.o [15]
      .text               ro code  0x0002d9f0     0x50  em_mpu.o [15]
      .text               ro code  0x0002da40    0x688  sl_ecp.o [39]
      .text               ro code  0x0002e0c8    0x194  protimer.o [42]
      .text               ro code  0x0002e25c      0x2  I64DivZer.o [40]
      .text               ro code  0x0002e260     0x28  em_msc.o [15]
      .text               ro code  0x0002e288    0x2b4  command-interpreter2-error.o [10]
      .text               ro code  0x0002e53c     0xe0  rand.o [36]
      .text               ro code  0x0002e61c      0xc  errno.o [36]
      .text               ro code  0x0002e628      0x2  xtls.o [36]
      .text               ro code  0x0002e62c     0xc4  udp-cli.o [32]
      .text               ro code  0x0002e6f0     0x44  ember-ip-configuration.o [30]
      .text               ro code  0x0002e734    0x6b0  network-management-cli.o [25]
      .text               ro code  0x0002ede4    0x128  icmp-cli.o [20]
      .text               ro code  0x0002ef0c     0xae  icmp-simple.o [42]
      .text               ro code  0x0002efbc      0x2  faults-v7m.o [18]
      .text               ro code  0x0002efc0      0x2  faults-v7m.o [18]
      .text               ro code  0x0002efc4      0x2  faults-v7m.o [18]
      .text               ro code  0x0002efc8      0x2  faults-v7m.o [18]
      .text               ro code  0x0002efcc      0x2  faults-v7m.o [18]
      .text               ro code  0x0002efd0      0x2  faults-v7m.o [18]
      .text               ro code  0x0002efd4      0x2  faults-v7m.o [18]
      .text               ro code  0x0002efd8     0x70  faults-v7m.o [18]
      .text               ro code  0x0002f048      0x4  isr-stubs.o [18]
      .text               ro code  0x0002f04c    0x14c  em_adc.o [15]
      .text               ro code  0x0002f198    0x1dc  coap-cli.o [8]
      .text               ro code  0x0002f374    0x108  adc.o [2]
      .text               ro code  0x0002f47c    0x180  cstartup-iar.o [37]
      .text               ro code  0x0002f5fc    0x244  dhcp-server.o [35]
      .text               ro code  0x0002f840    0x2c4  sl_sha256.o [39]
      .text               ro code  0x0002fb04     0x22  fpinit_M.o [38]
      .text               ro code  0x0002fb26     0x50  md_wrap.o [39]
      .text               ro code  0x0002fb76     0x36  sha256.o [39]
    .rodata               const    0x0002fc00    0xe4c  ieee802154_annotated.o [42]
    .rodata               const    0x00030a4c     0x30  version-debug.o [33]
    .rodata               const    0x00030a7c     0x10  ember-ip-configuration.o [30]
    .rodata               const    0x00030a8c     0x24  sim-eeprom.o [28]
    .rodata               const    0x00030ab0    0x124  micro.o [18]
    .rodata               const    0x00030bd4    0x374  token-def.o [18]
    .rodata               const    0x00030f48    0x4e8  diagnostic.o [13]
    .rodata               const    0x00031430     0x84  command-interpreter2-error.o [10]
    .rodata               const    0x000314b4    0x448  thread-cli.o [1]
    .rodata               const    0x000318fc     0x30  thread-coap-dispatch.o [1]
    .rodata               const    0x0003192c     0x18  thread-events.o [1]
    .rodata               const    0x00031944     0x28  ip-stack.o [42]
    .rodata               const    0x0003196c     0x20  global-prefix.o [42]
    .rodata               const    0x0003198c     0x6c  commission.o [42]
    .rodata               const    0x000319f8     0x34  join.o [42]
    .rodata               const    0x00031a2c     0x20  local-server-data.o [42]
    .rodata               const    0x00031a4c     0x20  distributed-key-management.o [42]
    .rodata               const    0x00031a6c     0x18  scan.o [42]
    .rodata               const    0x00031a84     0x30  ip-address.o [42]
    .rodata               const    0x00031ab4    0x2a8  coap.o [42]
    .rodata               const    0x00031d5c     0x10  address-cache.o [42]
    .rodata               const    0x00031d6c     0x10  rip-neighbor.o [42]
    .rodata               const    0x00031d7c     0x20  network-data.o [42]
    .rodata               const    0x00031d9c     0x1c  multicast.o [42]
    .rodata               const    0x00031db8     0x1c  fragment.o [42]
    .rodata               const    0x00031dd4     0x24  jit.o [42]
    .rodata               const    0x00031df8     0x40  rip.o [42]
    .rodata               const    0x00031e38     0x20  mac-indirect.o [42]
    .rodata               const    0x00031e58     0x40  mle.o [42]
    .rodata               const    0x00031e98     0x34  child-aging.o [42]
    .rodata               const    0x00031ecc     0x18  retry.o [42]
    .rodata               const    0x00031ee4     0x5c  commission-dataset.o [42]
    .rodata               const    0x00031f40     0x18  association.o [42]
    .rodata               const    0x00031f58     0x20  unicast-table.o [42]
    .rodata               const    0x00031f78     0x1c  mac.o [42]
    .rodata               const    0x00031f94     0x64  network-fragmentation.o [42]
    .rodata               const    0x00031ff8     0x24  router-selection.o [42]
    .rodata               const    0x0003201c     0x2c  dhcp.o [35]
    .rodata               const    0x00032048     0x24  connection.o [42]
    .rodata               const    0x0003206c     0x10  ecjpake.o [39]
    .rodata               const    0x0003207c     0x24  tls-test-credentials.o [42]
    .rodata               const    0x000320a0    0x26c  ieee802154_legacyphyconfig.o [42]
    .rodata               const    0x0003230c    0x250  ieee802154_configurator_out.o [42]
    .rodata               const    0x0003255c      0xc  ecp.o [39]
    .rodata               const    0x00032568     0x70  md_wrap.o [39]
    .rodata               const    0x000325d8      0x8  mfg-token.o [18]
    .rodata               const    0x000325e0      0x8  tls-ccm-record.o [42]
    .data_init                     0x000325e8    0x510  <Block>
      Initializer bytes   ro data  0x000325e8    0x510  <for .data-1> (used: 0x50c)
    __DLIB_PERTHREAD_init
                                   0x00032af8     0x90  <Block>
      Initializer bytes   ro data  0x00032af8     0x90  <for DLIB_PERTHREAD_INITIALIZED_DATA-1>
                                 - 0x00032b88  0x2ea88

"NVM&SIMEE":                                    0x2000
  SIMEE                            0x0003e000   0x2000  <Block>
    SIMEE                 uninit   0x0003e000   0x2000  sim-eeprom.o [28]
                                 - 0x00040000   0x2000

"Heap":                                         0x1780
  EMHEAP_overlay                   0x20000000   0x1770  <Overlay>
    part 1:
      EMHEAP                       0x20000000   0x1770  <Block>
        EMHEAP            uninit   0x20000000   0x1770  ember-ip-configuration.o [30]
    part 2:
      RESETINFO                    0x20000000     0x9c  <Block>
        RESETINFO         const    0x20000000      0x0  faults-v7m.o [18]
        RESETINFO         const    0x20000000      0x0  isr-stubs.o [18]
        RESETINFO         uninit   0x20000000     0x9c  cstartup-common.o [18]
                                 - 0x20001770   0x1770

"Guard":                                          0x20
  GUARD_REGION            uninit   0x20001780     0x20  cstartup-common.o [18]
                                 - 0x200017a0     0x20

"APP rw":                                       0x2d3a
  APPRW_block                      0x200052b0   0x2d3a  <Block>
    ALIGN_CSTACK                   0x200052b0    0xed8  <Block>
      CSTACK                       0x200052b0    0xed8  <Block>
        CSTACK            const    0x200052b0      0x0  faults-v7m.o [18]
        CSTACK            const    0x200052b0      0x0  isr-stubs.o [18]
        CSTACK            uninit   0x200052b0    0xed8  cstartup-common.o [18]
    .textrw                        0x20006188    0x200  <Block>
      .textrw-1                    0x20006188    0x200  <Init block>
        .textrw           inited   0x20006188    0x200  em_msc.o [15]
    .data                          0x20006388    0x50c  <Block>
      .data-1                      0x20006388    0x50c  <Init block>
        .data             inited   0x20006388      0xa  tftp.o [31]
        .data             inited   0x20006392      0x1  ember-ip-configuration.o [30]
        .data             inited   0x20006394      0x4  ember-ip-configuration.o [30]
        .data             inited   0x20006398      0x4  ember-ip-configuration.o [30]
        .data             inited   0x2000639c      0x4  ember-ip-configuration.o [30]
        .data             inited   0x200063a0      0x4  ember-ip-configuration.o [30]
        .data             inited   0x200063a4      0x4  ember-ip-configuration.o [30]
        .data             inited   0x200063a8      0x4  ember-ip-configuration.o [30]
        .data             inited   0x200063ac      0x4  ember-ip-configuration.o [30]
        .data             inited   0x200063b0      0x4  ember-ip-configuration.o [30]
        .data             inited   0x200063b4      0x1  ember-ip-configuration.o [30]
        .data             inited   0x200063b6      0x2  ember-ip-configuration.o [30]
        .data             inited   0x200063b8      0x4  ember-ip-configuration.o [30]
        .data             inited   0x200063bc      0x1  ember-ip-configuration.o [30]
        .data             inited   0x200063bd      0x1  ember-ip-configuration.o [30]
        .data             inited   0x200063c0     0x80  com.o [27]
        .data             inited   0x20006440     0x80  com.o [27]
        .data             inited   0x200064c0     0x5c  com.o [27]
        .data             inited   0x2000651c     0x50  mpu.o [18]
        .data             inited   0x2000656c      0x4  random.o [18]
        .data             inited   0x20006570      0x4  em_cmu.o [15]
        .data             inited   0x20006574      0xc  system_efr32mg1p.o [15]
        .data             inited   0x20006580     0x28  rtcdriver.o [14]
        .data             inited   0x200065a8     0x20  tempdrv.o [14]
        .data             inited   0x200065c8     0x20  tempdrv.o [14]
        .data             inited   0x200065e8      0x4  debug-print.o [11]
        .data             inited   0x200065ec     0x2c  server-implementation.o [1]
        .data             inited   0x20006618      0x2  transport-header.o [42]
        .data             inited   0x2000661a      0x2  dispatch.o [42]
        .data             inited   0x2000661c      0x2  dispatch.o [42]
        .data             inited   0x20006620      0x4  buffer-management.o [42]
        .data             inited   0x20006624      0x1  ip-stack.o [42]
        .data             inited   0x20006628      0x8  ip-stack.o [42]
        .data             inited   0x20006630      0xc  ip-stack.o [42]
        .data             inited   0x2000663c      0xc  global-prefix.o [42]
        .data             inited   0x20006648      0xc  commission.o [42]
        .data             inited   0x20006654      0xc  commission.o [42]
        .data             inited   0x20006660      0xc  commission.o [42]
        .data             inited   0x2000666c      0x4  join.o [42]
        .data             inited   0x20006670     0x20  join.o [42]
        .data             inited   0x20006690      0xc  local-server-data.o [42]
        .data             inited   0x2000669c      0x8  dtls-join.o [42]
        .data             inited   0x200066a4      0xc  distributed-key-management.o [42]
        .data             inited   0x200066b0     0x10  scan.o [42]
        .data             inited   0x200066c0      0xa  phy-common.o [42]
        .data             inited   0x200066ca      0x1  phy-common.o [42]
        .data             inited   0x200066cb      0x1  phy-common.o [42]
        .data             inited   0x200066cc      0x1  phy-common.o [42]
        .data             inited   0x200066cd      0x1  phy-common.o [42]
        .data             inited   0x200066ce      0x1  phy-common.o [42]
        .data             inited   0x200066d0      0x4  micro-internal.o [37]
        .data             inited   0x200066d4      0x1  pa.o [42]
        .data             inited   0x200066d5      0x1  phy.o [42]
        .data             inited   0x200066d6      0x2  phy.o [42]
        .data             inited   0x200066d8      0x1  phy.o [42]
        .data             inited   0x200066dc     0x20  ip-address.o [42]
        .data             inited   0x200066fc      0x4  coap.o [42]
        .data             inited   0x20006700      0xc  address-cache.o [42]
        .data             inited   0x2000670c      0x1  rip-neighbor.o [42]
        .data             inited   0x20006710      0x4  rip-neighbor.o [42]
        .data             inited   0x20006714      0x8  6lowpan-header.o [42]
        .data             inited   0x2000671c      0x2  child-data.o [42]
        .data             inited   0x20006720     0x10  network-data.o [42]
        .data             inited   0x20006730      0x1  multicast.o [42]
        .data             inited   0x20006734      0xc  multicast.o [42]
        .data             inited   0x20006740     0x10  fragment.o [42]
        .data             inited   0x20006750      0xc  jit.o [42]
        .data             inited   0x2000675c     0x1c  rip.o [42]
        .data             inited   0x20006778      0x1  mac-efr32.o [42]
        .data             inited   0x2000677c      0xc  mac-indirect.o [42]
        .data             inited   0x20006788      0x1  mac-arbiter.o [42]
        .data             inited   0x2000678c     0x10  mle.o [42]
        .data             inited   0x2000679c      0x4  mle.o [42]
        .data             inited   0x200067a0      0xc  mle.o [42]
        .data             inited   0x200067ac      0x8  child-aging.o [42]
        .data             inited   0x200067b4     0x18  child-aging.o [42]
        .data             inited   0x200067cc      0xc  retry.o [42]
        .data             inited   0x200067d8      0x4  commission-dataset.o [42]
        .data             inited   0x200067dc      0xc  commission-dataset.o [42]
        .data             inited   0x200067e8      0xc  commission-dataset.o [42]
        .data             inited   0x200067f4      0xc  association.o [42]
        .data             inited   0x20006800      0xc  unicast-table.o [42]
        .data             inited   0x2000680c      0xc  mac.o [42]
        .data             inited   0x20006818      0x8  dhcp-address-table.o [35]
        .data             inited   0x20006820      0x2  dtls.o [42]
        .data             inited   0x20006822      0x1  command.o [42]
        .data             inited   0x20006824     0x20  network-fragmentation.o [42]
        .data             inited   0x20006844      0xc  network-fragmentation.o [42]
        .data             inited   0x20006850     0x14  router-selection.o [42]
        .data             inited   0x20006864      0x1  dhcp.o [35]
        .data             inited   0x20006868      0xc  dhcp.o [35]
        .data             inited   0x20006874      0xc  connection.o [42]
        .data             inited   0x20006880      0x2  ieee802154_phy.o [42]
        .data             inited   0x20006884      0x4  synth.o [42]
        .data             inited   0x20006888      0x1  ip-mac-header.o [42]
        .data             inited   0x20006889      0x1  ip-mac-header.o [42]
        .data             inited   0x2000688c      0x4  tls-test-credentials.o [42]
        .data             inited   0x20006890      0x4  ecp_curves.o [39]
    DLIB_PERTHREAD_INITIALIZED_DATA
                                   0x20006894     0x90  <Block>
      DLIB_PERTHREAD_INITIALIZED_DATA-1
                                   0x20006894     0x90  <Init block>
        __DLIB_PERTHREAD  inited   0x20006894     0x8c  rand.o [36]
        __DLIB_PERTHREAD  inited   0x20006920      0x4  errno.o [36]
    DLIB_PERTHREAD_ZERO_DATA
                                   0x20006924      0x0  <Block>
    .bss                           0x20006928   0x16c2  <Block>
      .bss                uninit   0x20006928     0xa0  rtcdriver.o [14]
      .bss                uninit   0x200069c8     0x14  tftp-bootloader-server.o [31]
      .bss                uninit   0x200069dc     0x10  tftp.o [31]
      .bss                uninit   0x200069ec     0x20  ember-ip-configuration.o [30]
      .bss                uninit   0x20006a0c     0x24  ember-ip-configuration.o [30]
      .bss                uninit   0x20006a30     0x88  ember-ip-configuration.o [30]
      .bss                uninit   0x20006ab8     0x40  ember-ip-configuration.o [30]
      .bss                uninit   0x20006af8     0x40  ember-ip-configuration.o [30]
      .bss                uninit   0x20006b38     0x40  ember-ip-configuration.o [30]
      .bss                uninit   0x20006b78     0x10  ember-ip-configuration.o [30]
      .bss                uninit   0x20006b88     0x20  ember-ip-configuration.o [30]
      .bss                uninit   0x20006ba8     0x24  ember-ip-configuration.o [30]
      .bss                uninit   0x20006bcc     0x20  sim-eeprom.o [28]
      .bss                uninit   0x20006bec     0x48  com.o [27]
      .bss                uninit   0x20006c34     0x88  com.o [27]
      .bss                uninit   0x20006cbc     0x88  com.o [27]
      .bss                uninit   0x20006d44     0x88  com.o [27]
      .bss                uninit   0x20006dcc     0x9c  com.o [27]
      .bss                uninit   0x20006e68     0x70  com.o [27]
      .bss                uninit   0x20006ed8      0x4  com.o [27]
      .bss                uninit   0x20006edc     0x18  main.o [24]
      .bss                uninit   0x20006ef4      0x4  heartbeat.o [19]
      .bss                uninit   0x20006ef8      0xa  cstartup-common.o [18]
      .bss                uninit   0x20006f02      0x2  tftp-bootloader.o [31]
      .bss                uninit   0x20006f04      0xc  micro.o [18]
      .bss                uninit   0x20006f10      0x4  sleep-efm32.o [18]
      .bss                uninit   0x20006f14      0x4  sleep-efm32.o [18]
      .bss                uninit   0x20006f18     0x18  bootloader-interface-app.o [16]
      .bss                uninit   0x20006f30    0x1e0  bootloader-interface-app.o [16]
      .bss                uninit   0x20007110      0x8  em_emu.o [15]
      .bss                uninit   0x20007118      0x4  em_emu.o [15]
      .bss                uninit   0x2000711c      0x4  em_int.o [15]
      .bss                uninit   0x20007120      0x4  system_efr32mg1p.o [15]
      .bss                uninit   0x20007124     0x80  dmadrv.o [14]
      .bss                uninit   0x200071a4    0x100  dmadrv.o [14]
      .bss                uninit   0x200072a4     0x40  gpiointerrupt.o [14]
      .bss                uninit   0x200072e4     0x48  tempdrv.o [14]
      .bss                uninit   0x2000732c     0x30  tempdrv.o [14]
      .bss                uninit   0x2000735c     0x14  uartdrv.o [14]
      .bss                uninit   0x20007370      0xc  ustimer.o [14]
      .bss                uninit   0x2000737c     0x94  command-interpreter2-util.o [10]
      .bss                uninit   0x20007410     0x1c  adc.o [2]
      .bss                uninit   0x2000742c     0x14  server-implementation.o [1]
      .bss                uninit   0x20007440      0x8  dispatch.o [42]
      .bss                uninit   0x20007448      0x4  dispatch.o [42]
      .bss                uninit   0x2000744c      0x8  dispatch.o [42]
      .bss                uninit   0x20007454     0x2c  buffer-management.o [42]
      .bss                uninit   0x20007480      0xc  log.o [42]
      .bss                uninit   0x2000748c     0x18  ip-stack.o [42]
      .bss                uninit   0x200074a4      0x4  ip-stack.o [42]
      .bss                uninit   0x200074a8     0x14  global-prefix.o [42]
      .bss                uninit   0x200074bc      0x4  sim-eeprom-internal.o [41]
      .bss                uninit   0x200074c0      0xc  debug.o [42]
      .bss                uninit   0x200074cc      0x8  debug.o [42]
      .bss                uninit   0x200074d4      0x8  system-timer.o [37]
      .bss                uninit   0x200074dc     0x30  commission.o [42]
      .bss                uninit   0x2000750c     0x28  commission.o [42]
      .bss                uninit   0x20007534     0x50  join.o [42]
      .bss                uninit   0x20007584     0x48  join.o [42]
      .bss                uninit   0x200075cc     0x3c  join.o [42]
      .bss                uninit   0x20007608     0x18  dtls-join.o [42]
      .bss                uninit   0x20007620     0x54  distributed-key-management.o [42]
      .bss                uninit   0x20007674     0x20  scan.o [42]
      .bss                uninit   0x20007694     0x44  phy-common.o [42]
      .bss                uninit   0x200076d8     0x90  phy-common.o [42]
      .bss                uninit   0x20007768      0xc  pa.o [42]
      .bss                uninit   0x20007774      0x8  pti.o [42]
      .bss                uninit   0x2000777c      0x8  ip-address.o [42]
      .bss                uninit   0x20007784      0x8  coap.o [42]
      .bss                uninit   0x2000778c      0xc  rip-neighbor.o [42]
      .bss                uninit   0x20007798      0xe  network-data.o [42]
      .bss                uninit   0x200077a6      0x2  dispatch.o [42]
      .bss                uninit   0x200077a8      0x8  rip.o [42]
      .bss                uninit   0x200077b0    0x280  rip.o [42]
      .bss                uninit   0x20007a30      0x8  mac-efr32.o [42]
      .bss                uninit   0x20007a38      0x8  mac-indirect.o [42]
      .bss                uninit   0x20007a40      0xc  mle.o [42]
      .bss                uninit   0x20007a4c     0x10  mle.o [42]
      .bss                uninit   0x20007a5c      0x4  child-aging.o [42]
      .bss                uninit   0x20007a60     0x40  retry.o [42]
      .bss                uninit   0x20007aa0      0x8  retry.o [42]
      .bss                uninit   0x20007aa8     0x68  commission-dataset.o [42]
      .bss                uninit   0x20007b10      0x8  commission-dataset.o [42]
      .bss                uninit   0x20007b18      0x8  commission-dataset.o [42]
      .bss                uninit   0x20007b20     0x38  association.o [42]
      .bss                uninit   0x20007b58     0x14  unicast-table.o [42]
      .bss                uninit   0x20007b6c     0x10  ip-mac-receive.o [42]
      .bss                uninit   0x20007b7c      0x8  jpake-ecc-mbedtls.o [39]
      .bss                uninit   0x20007b84      0xc  eui64.o [42]
      .bss                uninit   0x20007b90      0x8  eui64.o [42]
      .bss                uninit   0x20007b98      0x4  802-15-4-ccm.o [42]
      .bss                uninit   0x20007b9c      0xc  network-fragmentation.o [42]
      .bss                uninit   0x20007ba8     0x14  network-fragmentation.o [42]
      .bss                uninit   0x20007bbc      0x8  dhcp.o [35]
      .bss                uninit   0x20007bc4      0x4  dhcp.o [35]
      .bss                uninit   0x20007bc8      0x4  connection.o [42]
      .bss                uninit   0x20007bcc      0xe  ieee802154_phy.o [42]
      .bss                uninit   0x20007bda      0x2  mark-list.o [42]
      .bss                uninit   0x20007bdc      0x4  ieee802154_phy.o [42]
      .bss                uninit   0x20007be0     0x3c  ieee802154_phy.o [42]
      .bss                uninit   0x20007c1c     0x10  ieee802154_phy.o [42]
      .bss                uninit   0x20007c2c      0x8  radio.o [42]
      .bss                uninit   0x20007c34     0x10  radio.o [42]
      .bss                uninit   0x20007c44     0x40  radio.o [42]
      .bss                uninit   0x20007c84    0x240  radio.o [42]
      .bss                uninit   0x20007ec4     0x24  rf_test.o [42]
      .bss                uninit   0x20007ee8     0x10  synth.o [42]
      .bss                uninit   0x20007ef8      0x8  buffer-malloc.o [42]
      .bss                uninit   0x20007f00      0x8  em_emu.o [15]
      .bss                uninit   0x20007f08      0x4  sim-eeprom-internal.o [41]
      .bss                uninit   0x20007f0c      0x4  local-server-data.o [42]
      .bss                uninit   0x20007f10      0x2  child-data.o [42]
      .bss                uninit   0x20007f12      0x4  udp.o [42]
      .bss                uninit   0x20007f16      0x6  multicast.o [42]
      .bss                uninit   0x20007f1c      0x4  fragment.o [42]
      .bss                uninit   0x20007f20      0x4  fragment.o [42]
      .bss                uninit   0x20007f24      0x4  jit.o [42]
      .bss                uninit   0x20007f28      0x4  mac-indirect.o [42]
      .bss                uninit   0x20007f2c      0xe  mac-arbiter.o [42]
      .bss                uninit   0x20007f3a     0x80  mac.o [42]
      .bss                uninit   0x20007fba      0x2  network-fragmentation.o [42]
      .bss                uninit   0x20007fbc      0x2  radio.o [42]
      .bss                uninit   0x20007fbe      0x4  tls-session-state.o [42]
      .bss                uninit   0x20007fc2      0x2  token.o [18]
      .bss                uninit   0x20007fc4      0x1  dmadrv.o [14]
      .bss                uninit   0x20007fc5      0x2  tempdrv.o [14]
      .bss                uninit   0x20007fc7      0x2  button.o [5]
      .bss                uninit   0x20007fc9      0x1  thread-callback-stubs.o [1]
      .bss                uninit   0x20007fca      0x2  event-control.o [42]
      .bss                uninit   0x20007fcc      0x1  global-prefix.o [42]
      .bss                uninit   0x20007fcd      0x1  debug.o [42]
      .bss                uninit   0x20007fce      0x1  debug-jtag.o [42]
      .bss                uninit   0x20007fcf      0x1  debug-jtag.o [42]
      .bss                uninit   0x20007fd0      0x1  join.o [42]
      .bss                uninit   0x20007fd1      0x1  join.o [42]
      .bss                uninit   0x20007fd2      0x1  phy-common.o [42]
      .bss                uninit   0x20007fd3      0x1  phy-common.o [42]
      .bss                uninit   0x20007fd4      0x1  phy-common.o [42]
      .bss                uninit   0x20007fd5      0x2  phy.o [42]
      .bss                uninit   0x20007fd7      0x1  dhcp-client.o [35]
      .bss                uninit   0x20007fd8      0x3  rip.o [42]
      .bss                uninit   0x20007fdb      0x1  mac-efr32.o [42]
      .bss                uninit   0x20007fdc      0x1  mac-arbiter.o [42]
      .bss                uninit   0x20007fdd      0x1  mac-arbiter.o [42]
      .bss                uninit   0x20007fde      0x2  mle.o [42]
      .bss                uninit   0x20007fe0      0x1  mle.o [42]
      .bss                uninit   0x20007fe1      0x2  mac.o [42]
      .bss                uninit   0x20007fe3      0x1  address-management.o [42]
      .bss                uninit   0x20007fe4      0x1  command.o [42]
      .bss                uninit   0x20007fe5      0x2  command.o [42]
      .bss                uninit   0x20007fe7      0x2  router-selection.o [42]
      .bss                uninit   0x20007fe9      0x1  dhcp.o [35]
                                 - 0x20007fea   0x2d3a

"DEBUGCHAN":                                      0x10
  DEBUG_CHANNEL                    0x20007ff0     0x10  <Block>
    DEBUG_CHANNEL         uninit   0x20007ff0     0x10  debug-jtag.o [42]
                                 - 0x20008000     0x10

Absolute sections:                                0x94
  .noinit                 uninit   0x21000f6c     0x18  radio.o [42]
  .noinit                 uninit   0x21000f84     0x18  radio.o [42]
  .noinit                 uninit   0x21000f9c     0x24  radio.o [42]
  .noinit                 uninit   0x21000fc0      0xc  radio.o [42]
  .noinit                 uninit   0x21000fcc     0x28  radio.o [42]
  .noinit                 uninit   0x21000ff4      0xc  radio.o [42]
                                 - 0x21001000     0x94



*******************************************************************************
*** MODULE SUMMARY
***

    Module                                    ro code  rw code  ro data  rw data  rw data
                                                                                   (abs)
    ------                                    -------  -------  -------  -------  -------
C:\Users\subh6068\SimplicityStudio\v4_workspace\server\IAR ARM - Default: [1]
    server-implementation.o                     2 088                44       64
    thread-bookkeeping.o                           76
    thread-callback-stubs.o                       264                          1
    thread-cli.o                                                  1 096
    thread-coap-dispatch.o                                           48
    thread-events.o                                                  24
    -------------------------------------------------------------------------------------
    Total:                                      2 428             1 212       65

C:\Users\subh6068\SimplicityStudio\v4_workspace\server\IAR ARM - Default\adc\EFR32: [2]
    adc.o                                         264                         28
    -------------------------------------------------------------------------------------
    Total:                                        264                         28

C:\Users\subh6068\SimplicityStudio\v4_workspace\server\IAR ARM - Default\address-configuration-debug: [3]
    address-configuration-debug.o                  88
    -------------------------------------------------------------------------------------
    Total:                                         88

C:\Users\subh6068\SimplicityStudio\v4_workspace\server\IAR ARM - Default\antenna-stub: [4]
    antenna-stub.o                                  4
    -------------------------------------------------------------------------------------
    Total:                                          4

C:\Users\subh6068\SimplicityStudio\v4_workspace\server\IAR ARM - Default\button\EFR32: [5]
    button.o                                      342                          2
    -------------------------------------------------------------------------------------
    Total:                                        342                          2

C:\Users\subh6068\SimplicityStudio\v4_workspace\server\IAR ARM - Default\buzzer\EFR32: [6]
    -------------------------------------------------------------------------------------
    Total:

C:\Users\subh6068\SimplicityStudio\v4_workspace\server\IAR ARM - Default\cli: [7]
    cli.o                                          48
    -------------------------------------------------------------------------------------
    Total:                                         48

C:\Users\subh6068\SimplicityStudio\v4_workspace\server\IAR ARM - Default\coap-cli: [8]
    coap-cli.o                                    476
    -------------------------------------------------------------------------------------
    Total:                                        476

C:\Users\subh6068\SimplicityStudio\v4_workspace\server\IAR ARM - Default\coap-dispatch: [9]
    coap-dispatch.o                               172
    -------------------------------------------------------------------------------------
    Total:                                        172

C:\Users\subh6068\SimplicityStudio\v4_workspace\server\IAR ARM - Default\command-interpreter2: [10]
    command-interpreter2-error.o                  692               132
    command-interpreter2-util.o                   900                        148
    command-interpreter2.o                        816
    -------------------------------------------------------------------------------------
    Total:                                      2 408               132      148

C:\Users\subh6068\SimplicityStudio\v4_workspace\server\IAR ARM - Default\debug-print: [11]
    debug-print.o                                 400                 4        4
    -------------------------------------------------------------------------------------
    Total:                                        400                 4        4

C:\Users\subh6068\SimplicityStudio\v4_workspace\server\IAR ARM - Default\dhcp-client: [12]
    dhcp-client.o                                 208
    -------------------------------------------------------------------------------------
    Total:                                        208

C:\Users\subh6068\SimplicityStudio\v4_workspace\server\IAR ARM - Default\diagnostic\EFR32: [13]
    diagnostic.o                                2 244             1 256
    -------------------------------------------------------------------------------------
    Total:                                      2 244             1 256

C:\Users\subh6068\SimplicityStudio\v4_workspace\server\IAR ARM - Default\emdrv: [14]
    dmadrv.o                                      976                        385
    gpiointerrupt.o                               200                         64
    rtcdriver.o                                 1 356                40      200
    tempdrv.o                                     756                64      186
    uartdrv.o                                   4 132                         20
    ustimer.o                                     420                         12
    -------------------------------------------------------------------------------------
    Total:                                      7 840               104      867

C:\Users\subh6068\SimplicityStudio\v4_workspace\server\IAR ARM - Default\emlib: [15]
    em_adc.o                                      332
    em_cmu.o                                    1 984                 4        4
    em_emu.o                                    1 716                         20
    em_gpio.o                                     332
    em_int.o                                                                   4
    em_ldma.o                                     364
    em_leuart.o                                    42
    em_mpu.o                                       80
    em_msc.o                                       40      512      512
    em_rmu.o                                      200
    em_rtcc.o                                     112
    em_system.o                                    52
    em_timer.o                                    238
    em_usart.o                                    314
    em_wdog.o                                      24
    system_efr32mg1p.o                            168                12       16
    -------------------------------------------------------------------------------------
    Total:                                      5 998      512      528       44

C:\Users\subh6068\SimplicityStudio\v4_workspace\server\IAR ARM - Default\external-generated-files: [16]
    bootloader-interface-app.o                    376                        504
    -------------------------------------------------------------------------------------
    Total:                                        376                        504

C:\Users\subh6068\SimplicityStudio\v4_workspace\server\IAR ARM - Default\global-address-prefix-debug: [17]
    global-address-prefix-debug.o                 120
    -------------------------------------------------------------------------------------
    Total:                                        120

C:\Users\subh6068\SimplicityStudio\v4_workspace\server\IAR ARM - Default\hal-library\EFR32: [18]
    assert-crash-handlers.o                       488
    crc.o                                          36
    cstartup-common.o                             192               396    3 926
    faults-v7m.o                                  126
    isr-stubs.o                                     4
    mem-util.o                                    246
    mfg-token.o                                   484                 8
    micro-common.o                                284
    micro.o                                       948               292       12
    mpu.o                                         138                80       80
    random.o                                       72                 4        4
    sleep-efm32.o                                 400                          8
    token-def.o                                                     884
    token.o                                       308                          2
    -------------------------------------------------------------------------------------
    Total:                                      3 726             1 664    4 032

C:\Users\subh6068\SimplicityStudio\v4_workspace\server\IAR ARM - Default\heartbeat: [19]
    heartbeat.o                                    32                          4
    -------------------------------------------------------------------------------------
    Total:                                         32                          4

C:\Users\subh6068\SimplicityStudio\v4_workspace\server\IAR ARM - Default\icmp-cli: [20]
    icmp-cli.o                                    296
    -------------------------------------------------------------------------------------
    Total:                                        296

C:\Users\subh6068\SimplicityStudio\v4_workspace\server\IAR ARM - Default\icmp-debug: [21]
    icmp-debug.o                                  260
    -------------------------------------------------------------------------------------
    Total:                                        260

C:\Users\subh6068\SimplicityStudio\v4_workspace\server\IAR ARM - Default\idle-sleep: [22]
    idle-sleep.o                                  168
    -------------------------------------------------------------------------------------
    Total:                                        168

C:\Users\subh6068\SimplicityStudio\v4_workspace\server\IAR ARM - Default\led\EFR32: [23]
    led.o                                         108
    -------------------------------------------------------------------------------------
    Total:                                        108

C:\Users\subh6068\SimplicityStudio\v4_workspace\server\IAR ARM - Default\main: [24]
    main.o                                        536                         24
    -------------------------------------------------------------------------------------
    Total:                                        536                         24

C:\Users\subh6068\SimplicityStudio\v4_workspace\server\IAR ARM - Default\network-management-cli: [25]
    network-management-cli.o                    1 712
    -------------------------------------------------------------------------------------
    Total:                                      1 712

C:\Users\subh6068\SimplicityStudio\v4_workspace\server\IAR ARM - Default\scan-debug: [26]
    scan-debug.o                                  548
    -------------------------------------------------------------------------------------
    Total:                                        548

C:\Users\subh6068\SimplicityStudio\v4_workspace\server\IAR ARM - Default\serial\EFR32: [27]
    com.o                                       2 288               350    1 100
    ember-printf.o                                732
    serial.o                                      212
    -------------------------------------------------------------------------------------
    Total:                                      3 232               350    1 100

C:\Users\subh6068\SimplicityStudio\v4_workspace\server\IAR ARM - Default\sim-eeprom1\EFR32: [28]
    sim-eeprom.o                                  408                36    8 224
    -------------------------------------------------------------------------------------
    Total:                                        408                36    8 224

C:\Users\subh6068\SimplicityStudio\v4_workspace\server\IAR ARM - Default\slaac-client: [29]
    slaac-client.o                                212
    -------------------------------------------------------------------------------------
    Total:                                        212

C:\Users\subh6068\SimplicityStudio\v4_workspace\server\IAR ARM - Default\stack\thread-stack: [30]
    ember-ip-configuration.o                       68                60      522
    -------------------------------------------------------------------------------------
    Total:                                         68                60      522

C:\Users\subh6068\SimplicityStudio\v4_workspace\server\IAR ARM - Default\tftp-bootload-target: [31]
    tftp-15-4.o                                    74
    tftp-bootload.o                                20
    tftp-bootloader-server.o                      804                         20
    tftp-bootloader.o                             220                          2
    tftp-server.o                                 772
    tftp.o                                        272                10       26
    -------------------------------------------------------------------------------------
    Total:                                      2 162                10       48

C:\Users\subh6068\SimplicityStudio\v4_workspace\server\IAR ARM - Default\udp-cli: [32]
    udp-cli.o                                     196
    -------------------------------------------------------------------------------------
    Total:                                        196

C:\Users\subh6068\SimplicityStudio\v4_workspace\server\IAR ARM - Default\version-debug: [33]
    version-debug.o                               168                48
    -------------------------------------------------------------------------------------
    Total:                                        168                48

command line: [34]
    -------------------------------------------------------------------------------------
    Total:

dhcp-library.a: [35]
    dhcp-address-table.o                          200                 8        8
    dhcp-client.o                                 532                          1
    dhcp-server.o                                 580
    dhcp.o                                      2 468                60       26
    -------------------------------------------------------------------------------------
    Total:                                      3 780                68       35

dl7M_tln.a: [36]
    errno.o                                        12                 4        4
    rand.o                                        224               140      140
    strncmp.o                                      42
    strnlen.o                                      22
    strrchr.o                                      24
    xstoul.o                                      412
    xtls.o                                          2
    -------------------------------------------------------------------------------------
    Total:                                        738               144      144

hal-library.a: [37]
    cstartup-iar.o                                384
    flash.o                                       200
    micro-common-internal.o                         4
    micro-internal.o                              400                 5        4
    register-access.o                              46
    system-timer.o                                220                          8
    -------------------------------------------------------------------------------------
    Total:                                      1 254                 5       12

m7M_tlv.a: [38]
    fpinit_M.o                                     34
    -------------------------------------------------------------------------------------
    Total:                                         34

mbedtls-library.a: [39]
    bignum.o                                    4 532
    ecjpake.o                                   2 516                16
    ecp.o                                       5 760                12
    ecp_curves.o                                1 160                 4        4
    jpake-ecc-mbedtls.o                           696                          8
    md.o                                           68
    md_wrap.o                                      80               112
    sha256.o                                       54
    sl_ecp.o                                    1 672
    sl_sha256.o                                   708
    -------------------------------------------------------------------------------------
    Total:                                     17 246               144       12

rt7M_tl.a: [40]
    ABImemclr.o                                     6
    ABImemclr4.o                                    6
    ABImemcpy_unaligned.o                         118
    ABImemset.o                                   102
    ABImemset48.o                                  50
    I64DivMod.o                                   306
    I64DivZer.o                                     2
    memchr.o                                       88
    memcmp_unaligned.o                             98
    strcmp_unaligned.o                             66
    strlen.o                                       54
    -------------------------------------------------------------------------------------
    Total:                                        896

sim-eeprom1-library.a: [41]
    sim-eeprom-internal.o                       2 860                          8
    -------------------------------------------------------------------------------------
    Total:                                      2 860                          8

thread-stack.a: [42]
    6lowpan-header.o                            3 244                 8        8
    802-15-4-ccm.o                              1 164                          4
    address-cache.o                               984                28       12
    address-management.o                        1 512                          1
    aes.o                                         212
    association.o                                 212                36       68
    buffer-malloc.o                               292                          8
    buffer-management.o                         3 188                 6       48
    buffer-queue.o                                772
    byte-utilities.o                              472
    child-aging.o                                 668                84       36
    child-data.o                                2 008                 2        4
    child-table.o                                 164
    coap-diagnostic-stack.o                     1 084
    coap-stack.o                                1 000
    coap.o                                      2 952               684       12
    command.o                                     652                 1        4
    commission-dataset.o                        3 832               120      148
    commission.o                                7 528               144      124
    connection.o                                  640                48       16
    context-table.o                               314
    debug-jtag.o                                  482                         18
    debug.o                                       668                         21
    dispatch.o                                  4 328                 4       26
    distributed-key-management.o                1 156                44       96
    dtls-join.o                                 1 540                 8       32
    dtls.o                                      1 244                 2        2
    em_crypto.o                                   350
    eui64.o                                        76                         20
    event-control.o                               420                          2
    event-queue.o                                 860
    fragment.o                                  2 076                44       24
    global-prefix.o                             1 350                44       33
    icmp-simple.o                                 174
    icmp.o                                        246
    ieee802154_MRFSKFECWhiteningModeSwitch.o       32
    ieee802154_annotated.o                                        3 660
    ieee802154_configurator_out.o                                   592
    ieee802154_filtering.o                        104
    ieee802154_legacyphyconfig.o                  160               620
    ieee802154_phy.o                            2 664                 2       96
    ip-address.o                                1 516                83       40
    ip-header.o                                   952
    ip-mac-header.o                             2 328                 2        2
    ip-mac-receive.o                              604                         16
    ip-packet-header.o                            900
    ip-stack.o                                  3 008                64       49
    ir_cal.o                                       94
    jit.o                                         536                48       16
    join.o                                      6 256                88      250
    local-server-data.o                         1 508                44       16
    log.o                                          56                         12
    mac-arbiter.o                                 976                 1       17
    mac-efr32.o                                   336                 1       10
    mac-header-util.o                              72
    mac-indirect.o                              1 404                47       24
    mac.o                                         560                40      142
    mark-list.o                                   196                          2
    mle.o                                       8 476                99       63
    multicast.o                                   640                44       19
    network-data.o                              4 096                50       30
    network-fragmentation.o                       892               145       78
    pa.o                                        1 680                 1       13
    phy-common.o                                2 600                15      230
    phy-util.o                                     18
    phy.o                                         300                 4        6
    phy_utils.o                                    42
    protimer.o                                    404
    pti.o                                         272                          8
    radio.o                                     2 012                        666      148
    radio_cmu.o                                   196
    retry.o                                       616                36       84
    rf_rand.o                                     332
    rf_test.o                                     136                         36
    rip-neighbor.o                              3 596                24       17
    rip.o                                       2 076                92      679
    router-selection.o                            604                56       22
    scan.o                                      1 188                40       48
    sha256.o                                    1 032
    synth.o                                       720                 6       20
    tcp-stub.o                                     14
    tempcal.o                                      80
    thread-key-stretch.o                          492
    tls-ccm-record.o                            1 284                 8
    tls-handshake-crypto.o                        728
    tls-handshake.o                             4 292
    tls-jpake.o                                   100
    tls-record-util.o                             784
    tls-session-state.o                           144                          4
    tls-test-credentials.o                                           42        4
    transport-header.o                            936                 2        2
    udp-simple.o                                   78
    udp.o                                         848                          4
    unicast-table.o                               128                44       32
    wakeup-stubs.o                                 14
    -------------------------------------------------------------------------------------
    Total:                                    113 976             7 307    3 524      148

    Gaps                                           68                84       35
    Linker created                                 24                 4    6 000
-----------------------------------------------------------------------------------------
    Grand Total:                              178 124      512   13 160   25 386      148


*******************************************************************************
*** ENTRY LIST
***

Entry                      Address    Size  Type      Object
-----                      -------    ----  ----      ------
.bss$$Base              0x20006928           --   Gb  - Linker created -
.bss$$Length            0x000016c2           --   Gb  - Linker created -
.bss$$Limit             0x20007fea           --   Gb  - Linker created -
.data$$Base             0x20006388           --   Gb  - Linker created -
.data$$Limit            0x20006894           --   Gb  - Linker created -
.data_init$$Base        0x000325e8           --   Gb  - Linker created -
.data_init$$Length      0x00000510           --   Gb  - Linker created -
.data_init$$Limit       0x00032af8           --   Gb  - Linker created -
.noinit$$Base           0x00000000           --   Gb  - Linker created -
.text$$Base             0x000043e0           --   Gb  - Linker created -
.text$$Limit            0x0002fbac           --   Gb  - Linker created -
.textrw$$Base           0x20006188           --   Gb  - Linker created -
.textrw$$Limit          0x20006388           --   Gb  - Linker created -
.textrw_init$$Base      0x000041e0           --   Gb  - Linker created -
.textrw_init$$Length    0x00000200           --   Gb  - Linker created -
.textrw_init$$Limit     0x000043e0           --   Gb  - Linker created -
ACMP0_IRQHandler        0x0002f049          Code  Wk  isr-stubs.o [18]
ADC0_IRQHandler         0x0002f3df    0x76  Code  Gb  adc.o [2]
ADC_InitSingle          0x0002f0df    0xaa  Code  Gb  em_adc.o [15]
ADC_LoadDevinfoCal      0x0002f05b    0x7e  Code  Lc  em_adc.o [15]
AGC_IRQCallback         0x00023cf9     0xe  Code  Lc  ieee802154_phy.o [42]
AGC_IRQHandler          0x0002438d     0x8  Code  Gb  radio.o [42]
ALIGN_CSTACK$$Base      0x200052b0           --   Gb  - Linker created -
ALIGN_CSTACK$$Limit     0x20006188           --   Gb  - Linker created -
APPRO_block$$Base       0x00004100           --   Gb  - Linker created -
APPRO_block$$Limit      0x00032b88           --   Gb  - Linker created -
APPRW_block$$Base       0x200052b0           --   Gb  - Linker created -
APPRW_block$$Limit      0x20007fea           --   Gb  - Linker created -
APP_RAM$$Base           0x00000000           --   Gb  - Linker created -
APP_RAM$$Length         0x00000000           --   Gb  - Linker created -
BUFC_IRQHandler         0x0002439d     0x8  Code  Gb  radio.o [42]
BUS_RegBitRead          0x0001a89f     0xe  Code  Lc  em_cmu.o [15]
BUS_RegBitRead          0x00027a13     0xe  Code  Lc  em_emu.o [15]
BUS_RegBitWrite         0x0001b619     0xe  Code  Lc  micro-common.o [18]
BUS_RegBitWrite         0x0002f04d     0xe  Code  Lc  em_adc.o [15]
BUS_RegBitWrite         0x0001a891     0xe  Code  Lc  em_cmu.o [15]
BUS_RegBitWrite         0x00027a05     0xe  Code  Lc  em_emu.o [15]
BUS_RegBitWrite         0x00008099     0xe  Code  Lc  em_gpio.o [15]
BUS_RegBitWrite         0x00006e91     0xe  Code  Lc  uartdrv.o [14]
BUS_RegBitWrite         0x0001237f     0xe  Code  Lc  phy-common.o [42]
BUS_RegBitWrite         0x0001b735     0xe  Code  Lc  micro-internal.o [37]
BUS_RegBitWrite         0x0002360d     0xe  Code  Lc  ieee802154_phy.o [42]
BUS_RegBitWrite         0x00024061     0xe  Code  Lc  radio.o [42]
BUS_RegBitWrite         0x000264b5     0xe  Code  Lc  rf_rand.o [42]
BUS_RegBitWrite         0x000230a5     0xe  Code  Lc  aes.o [42]
BUS_RegBitWrite         0x0002c705     0xe  Code  Lc  em_crypto.o [42]
BUS_RegBitWrite         0x0002e0dd     0xe  Code  Lc  protimer.o [42]
BUS_RegMaskedClear      0x00028c9d     0x8  Code  Lc  em_ldma.o [15]
BUS_RegMaskedRead       0x00027a21     0x6  Code  Lc  em_emu.o [15]
BUS_RegMaskedWrite      0x0001a8ad     0xe  Code  Lc  em_cmu.o [15]
BUS_RegMaskedWrite      0x000080a7     0xe  Code  Lc  em_gpio.o [15]
CMU_ClockEnable         0x0001a9b7    0x68  Code  Gb  em_cmu.o [15]
CMU_ClockFreqGet        0x0001aa1f    0xe2  Code  Gb  em_cmu.o [15]
CMU_ClockPrescGet       0x0001ab05    0x68  Code  Gb  em_cmu.o [15]
CMU_ClockSelectGet      0x0001ab6d    0x90  Code  Gb  em_cmu.o [15]
CMU_ClockSelectSet      0x0001abfd    0xfa  Code  Gb  em_cmu.o [15]
CMU_HFXOInit            0x0001acf7    0x94  Code  Gb  em_cmu.o [15]
CMU_IRQHandler          0x0002f049          Code  Wk  isr-stubs.o [18]
CMU_Log2ToDiv           0x0001a8bb     0x8  Code  Lc  em_cmu.o [15]
CMU_OscillatorEnable    0x0001ad91    0xfe  Code  Gb  em_cmu.o [15]
CMU_OscillatorTuningGet
                        0x0001ae97    0x36  Code  Gb  em_cmu.o [15]
CMU_OscillatorTuningOptimize
                        0x0001afb5    0x22  Code  Gb  em_cmu.o [15]
CMU_OscillatorTuningSet
                        0x0001aed5    0x98  Code  Gb  em_cmu.o [15]
CMU_OscillatorTuningWait
                        0x0001af71    0x40  Code  Gb  em_cmu.o [15]
COM_ForceWriteData      0x000057cb    0x2c  Code  Gb  com.o [27]
COM_Init                0x000054fb    0xfc  Code  Gb  com.o [27]
[...]
rxCb                    0x20006f0c     0x4  Data  Lc  micro.o [18]
rxIntDisable            0x0000503f    0x12  Code  Lc  com.o [27]
rxNextBuffer            0x000052e3    0x42  Code  Lc  com.o [27]
rxReq                   0x20006f06     0x1  Data  Lc  micro.o [18]
rxWarmTimeUs            0x20007fbc     0x2  Data  Lc  radio.o [42]
savedAssertInfo         0x20006ef8     0x8  Data  Lc  cstartup-common.o [18]
savedResetCause         0x20006f00     0x2  Data  Lc  cstartup-common.o [18]
savedScanType           0x20007676     0x1  Data  Lc  scan.o [42]
scanChannelMask         0x20007690     0x4  Data  Lc  scan.o [42]
scanDuration            0x20007677     0x1  Data  Lc  scan.o [42]
scanEventActions        0x00031a74    0x10  Data  Lc  scan.o [42]
scanEventHandler        0x0001c06f   0x122  Code  Lc  scan.o [42]
scanFrameCounter        0x20007684     0x4  Data  Lc  scan.o [42]
scanResultDestination   0x20007524    0x10  Data  Lc  commission.o [42]
scanReturn              0x0001c041    0x2e  Code  Lc  scan.o [42]
scanStartTime           0x20007688     0x4  Data  Lc  scan.o [42]
scanTransmitRetries     0x20007678     0x1  Data  Lc  scan.o [42]
scheduleEvent           0x0001c8a1    0x50  Code  Lc  child-aging.o [42]
scheduleKeyRotation     0x0000f47f    0x2c  Code  Lc  distributed-key-management.o [42]
secp256r1_b             0x0002c2b8    0x20  Data  Lc  ecp_curves.o [39]
secp256r1_gx            0x0002c2d8    0x20  Data  Lc  ecp_curves.o [39]
secp256r1_gy            0x0002c2f8    0x20  Data  Lc  ecp_curves.o [39]
secp256r1_n             0x0002c318    0x20  Data  Lc  ecp_curves.o [39]
secp256r1_p             0x0002c298    0x20  Data  Lc  ecp_curves.o [39]
securityErrorsHandler   0x00024d7f     0x6  Code  Lc  coap-diagnostic-stack.o [42]
seed0                   0x2000656c     0x2  Data  Gb  random.o [18]
seed1                   0x2000656e     0x2  Data  Gb  random.o [18]
sendAccept              0x0000df7f   0x148  Code  Lc  mle.o [42]
sendChangeCipherSpec    0x00020fa1    0x24  Code  Lc  tls-handshake.o [42]
sendClientHelloHandler  0x0002068d   0x16c  Code  Lc  tls-handshake.o [42]
sendClientKeyExchange   0x00020ec7    0xb8  Code  Lc  tls-handshake.o [42]
sendCommissionerStatus  0x000135ab    0xe0  Code  Lc  commission.o [42]
sendDhcpSolicit         0x00028b09    0xde  Code  Lc  dhcp-client.o [35]
sendDtlsRecords         0x0001dd1f    0x50  Code  Lc  dtls.o [42]
sendFinished            0x00020fc5    0x42  Code  Lc  tls-handshake.o [42]
sendHelloRequest        0x0002066b    0x18  Code  Lc  tls-handshake.o [42]
sendKeepalive           0x00014bf3    0x36  Code  Lc  commission.o [42]
sendManagementDataset   0x00015875    0x60  Code  Lc  commission-dataset.o [42]
sendManagementDatasetChanged
                        0x000158d9    0x2c  Code  Lc  commission-dataset.o [42]
sendNextMleDiscovery    0x00011091    0x4c  Code  Lc  join.o [42]
sendOkayToSend          0x000274b3    0x3a  Code  Lc  tftp-bootloader-server.o [31]
sendOneHopMleMessage    0x0000e1ed    0x26  Code  Lc  mle.o [42]
sendRecord              0x00029115   0x10e  Code  Lc  tls-ccm-record.o [42]
sendResponse            0x0000b7bb    0x60  Code  Lc  coap.o [42]
sendServerHello         0x00020bc7   0x136  Code  Lc  tls-handshake.o [42]
sendServerHelloDone     0x00020d21    0x24  Code  Lc  tls-handshake.o [42]
sendServerKeyExchange   0x00020d13     0xe  Code  Lc  tls-handshake.o [42]
sendSetResponse         0x00015209    0x34  Code  Lc  commission-dataset.o [42]
sendSimpleOneHopMleMessage
                        0x0000e213    0x22  Code  Lc  mle.o [42]
sendToLeaderWithHandlerData
                        0x00014335    0x5e  Code  Lc  commission.o [42]
seqMisc                 0x21000f6c    0x18  Data  Gb  radio.o [42]
seqNo                   0x200076d4     0x4  Data  Gb  phy-common.o [42]
seqPaConfig             0x21000fc0     0xc  Data  Gb  radio.o [42]
seqStack                0x21000fcc    0x28  Data  Gb  radio.o [42]
seqTimestamps           0x21000f84    0x18  Data  Gb  radio.o [42]
seqTiming               0x21000f9c    0x24  Data  Gb  radio.o [42]
seqVirtualReg           0x21000ff4     0xc  Data  Gb  radio.o [42]
sequenceNumber          0x20007fcf     0x1  Data  Lc  debug-jtag.o [42]
serverAdvertiseUri      0x0001a15c    0x14  Data  Lc  server-implementation.o [1]
serverDataHandler       0x00022d35    0x46  Code  Lc  address-management.o [42]
servicesState           0x20007f0c     0x1  Data  Lc  local-server-data.o [42]
setActiveDataset        0x000155e5    0x92  Code  Lc  commission-dataset.o [42]
setCustomMacExtendedId  0x00010aed    0x24  Code  Lc  join.o [42]
setDatasetTlvs          0x00015c7b    0xd2  Code  Lc  commission-dataset.o [42]
setDestinationMode      0x0001c4cb    0x20  Code  Lc  ip-packet-header.o [42]
setHfLeConfig           0x0001a8c3    0x20  Code  Lc  em_cmu.o [15]
setLifetime             0x0001e9c1    0x6e  Code  Lc  dhcp.o [35]
setMleAdvertisementDelay
                        0x0000ca6d    0x4e  Code  Lc  rip.o [42]
setNextStateWithDelay   0x00019e25     0xa  Code  Lc  server-implementation.o [1]
setPendingDataset       0x0001567d    0x28  Code  Lc  commission-dataset.o [42]
setPendingIndirectFlag  0x000097a7    0x4c  Code  Lc  mac-indirect.o [42]
setPendingToActiveEvent
                        0x00014fcf     0xa  Code  Lc  commission-dataset.o [42]
setUnreachabilityTimer  0x0000cad7    0x14  Code  Lc  rip.o [42]
sha224_clone_wrap       0x0002fb63     0x4  Code  Lc  md_wrap.o [39]
sha224_ctx_alloc        0x0002fb3b    0x16  Code  Lc  md_wrap.o [39]
sha224_ctx_free         0x0002fb51    0x12  Code  Lc  md_wrap.o [39]
sha224_finish_wrap      0x0002fb31     0x4  Code  Lc  md_wrap.o [39]
sha224_process_wrap     0x0002fb67     0x4  Code  Lc  md_wrap.o [39]
sha224_starts_wrap      0x0002fb27     0x6  Code  Lc  md_wrap.o [39]
sha224_update_wrap      0x0002fb2d     0x4  Code  Lc  md_wrap.o [39]
sha224_wrap             0x0002fb35     0x6  Code  Lc  md_wrap.o [39]
sha256_padding          0x0002fac4    0x40  Data  Lc  sl_sha256.o [39]
sha256_starts_wrap      0x0002fb6b     0x6  Code  Lc  md_wrap.o [39]
sha256_wrap             0x0002fb71     0x6  Code  Lc  md_wrap.o [39]
sharedKey               0x00032080    0x10  Data  Gb  tls-test-credentials.o [42]
sharedKeyName           0x0003207c     0x1  Data  Gb  tls-test-credentials.o [42]
shift                   0x0001c371    0x10  Code  Lc  random.o [18]
simEe2offset            0x200074bc     0x4  Data  Gb  sim-eeprom-internal.o [41]
simEeErasePage          0x000252ff    0x16  Code  Lc  sim-eeprom-internal.o [41]
simEeSetDataActiveSemaphore
                        0x20007fc3     0x1  Data  Gb  token.o [18]
simulatedEepromStorage  0x0003e000  0x2000  Data  Gb  sim-eeprom.o [28]
sizeCache               0x00030aa0    0x10  Data  Gb  sim-eeprom.o [28]
skipOverNotLive         0x00008937    0x16  Code  Lc  buffer-management.o [42]
sleepTimerInterruptOccurred
                        0x200074d4     0x1  Data  Lc  system-timer.o [37]
sleepyBroadcastEvent    0x20006750     0xc  Data  Lc  jit.o [42]
sleepyBroadcastEventActions
                        0x00031de8    0x10  Data  Lc  jit.o [42]
sleepyBroadcastEventHandler
                        0x0001ba37    0x18  Code  Lc  jit.o [42]
sniffBaudHz             0x20007778     0x4  Data  Lc  pti.o [42]
sniffMode               0x20007774     0x4  Data  Lc  pti.o [42]
sortTlvs                0x000167c7    0x64  Code  Lc  network-data.o [42]
sourceAddressHandler    0x00024bfd    0x20  Code  Lc  coap-diagnostic-stack.o [42]
stackCoapMessageHandler
                        0x0001ef0d     0x4  Code  Lc  coap-stack.o [42]
stackEvents             0x00006708     0x8  Data  Lc  ip-stack.o [42]
stackIsInitialized      0x20006edd     0x1  Data  Lc  main.o [24]
startAttach             0x00011bad    0x96  Code  Lc  join.o [42]
startChannelScan        0x0001c23d    0x82  Code  Lc  scan.o [42]
startDiscovery          0x000130dd    0x5a  Code  Lc  address-cache.o [42]
startFormActiveScan     0x000119c1    0x38  Code  Lc  join.o [42]
startFragmentIfJoinFails
                        0x2000758c     0x1  Data  Lc  join.o [42]
startHostJoinClient     0x200075a0     0x4  Data  Lc  join.o [42]
startJoin               0x00010ebb    0x4e  Code  Lc  join.o [42]
startMessage            0x000083df    0x14  Code  Lc  debug.o [42]
startMessageTimeout     0x0001dce9    0x36  Code  Gb  dtls.o [42]
startTimerNestingLevel  0x20006594     0x4  Data  Lc  rtcdriver.o [14]
state                   0x200065ec     0x1  Data  Lc  server-implementation.o [1]
stateActions            0x0002131c   0x168  Data  Lc  tls-handshake.o [42]
stateEventControl       0x200065f0     0x8  Data  Gb  server-implementation.o [1]
stateEventHandler       0x00019d21    0xf8  Code  Gb  server-implementation.o [1]
statsTable              0x200074c0     0xc  Data  Lc  debug.o [42]
statusMap               0x0000b2ac    0x20  Data  Lc  coap.o [42]
statusReports           0x0001dce0     0x8  Data  Lc  connection.o [42]
steeringData            0x200074e4    0x10  Data  Lc  commission.o [42]
steeringDataLength      0x200074dc     0x1  Data  Lc  commission.o [42]
steeringDataOp          0x000132e9    0xb2  Code  Lc  commission.o [42]
storeChildAddresses     0x0000d333    0x16  Code  Lc  mle.o [42]
storeCoapOption         0x0000b2f3    0x8c  Code  Lc  coap.o [42]
storeCounter            0x00024d07    0x14  Code  Lc  coap-diagnostic-stack.o [42]
storeMulticastOption    0x00025f4f    0x38  Code  Lc  ip-header.o [42]
stringToBytes           0x00004d13   0x1b4  Code  Lc  ip-address.o [42]
strlen                  0x00024b9d          Code  Gb  strlen.o [40]
strncmp                 0x00024bd3    0x2a  Code  Gb  strncmp.o [36]
strnlen                 0x00006c83    0x16  Code  Gb  strnlen.o [36]
sub32                   0x0002bfad    0x18  Code  Lc  ecp_curves.o [39]
submitCount             0x20007aa1     0x1  Data  Lc  retry.o [42]
submitMessage           0x0001ebb9    0x5c  Code  Lc  coap-stack.o [42]
successTlv              0x000140e4     0x4  Data  Lc  commission.o [42]
swoOutput               0x00007f93    0xa8  Code  Lc  debug-jtag.o [42]
syncForMulticast        0x000190e5    0xb6  Code  Lc  rip-neighbor.o [42]
syncReg                 0x0001a9a5    0x12  Code  Lc  em_cmu.o [15]
systemTimerId           0x200074d8     0x4  Data  Lc  system-timer.o [37]
tempdrvHighCallbacks    0x200072e4    0x30  Data  Lc  tempdrv.o [14]
tempdrvLowCallbacks     0x2000732c    0x30  Data  Lc  tempdrv.o [14]
theAttachData           0x200075cc    0x3c  Data  Lc  join.o [42]
theJoinScanCache        0x20007584     0x4  Data  Lc  join.o [42]
theSharedKey            0x00032090    0x10  Data  Lc  tls-test-credentials.o [42]
threadKeys              0x20007634    0x20  Data  Lc  distributed-key-management.o [42]
timeElapsed             0x20007370     0x1  Data  Lc  ustimer.o [14]
timeoutHandler          0x00024c47    0x12  Code  Lc  coap-diagnostic-stack.o [42]
timeoutPools            0x00009bbb    0xb2  Code  Lc  mac-indirect.o [42]
timer                   0x20006928    0xa0  Data  Lc  rtcdriver.o [14]
tlvBit                  0x0000d0b1    0x14  Code  Lc  mle.o [42]
tlvData                 0x00013200    0xe8  Data  Lc  commission.o [42]
tlvData                 0x000150a4    0xa0  Data  Lc  commission-dataset.o [42]
tlvData                 0x00022ff8    0x58  Data  Lc  address-management.o [42]
tlvMap                  0x000155a8    0x3c  Data  Gb  commission-dataset.o [42]
tlvRanges               0x000131f8     0x8  Data  Lc  commission.o [42]
tlvRequested            0x0000d0db    0x16  Code  Lc  mle.o [42]
tokenArraySize          0x00030c10    0x10  Data  Gb  token-def.o [18]
tokenCreators           0x00030bd4    0x1c  Data  Gb  token-def.o [18]
tokenData               0x00015d8c    0x48  Data  Lc  commission-dataset.o [42]
tokenDefaults           0x00030f14    0x34  Data  Gb  token-def.o [18]
tokenIsCnt              0x00030bf0    0x10  Data  Gb  token-def.o [18]
tokenPredicate          0x0000b0cb    0x14  Code  Lc  coap.o [42]
tokenSize               0x00030c00    0x10  Data  Gb  token-def.o [18]
tokensActive            0x20007fc2     0x1  Data  Gb  token.o [18]
tracePhase              0x20007456     0x1  Data  Lc  buffer-management.o [42]
transmitBuffer          0x00005497    0x64  Code  Lc  com.o [27]
transmitCatchUp         0x0000540d    0x82  Code  Lc  com.o [27]
transmitComplete        0x00018415    0xc6  Code  Lc  dispatch.o [42]
transmitQueue           0x20007f36     0x2  Data  Lc  mac-arbiter.o [42]
trickleExponent         0x2000675c     0x1  Data  Lc  rip.o [42]
twoWayQualityFromCache  0x00011b3d    0x24  Code  Lc  join.o [42]
txBuffer                0x200074d0     0x4  Data  Lc  debug.o [42]
txBufferLength          0x200074cd     0x1  Data  Lc  debug.o [42]
txBufferSize            0x200074cc     0x1  Data  Lc  debug.o [42]
txCb                    0x20006f08     0x4  Data  Lc  micro.o [18]
txHeaderLength          0x0002908f    0x16  Code  Lc  tls-ccm-record.o [42]
txReq                   0x20006f05     0x1  Data  Lc  micro.o [18]
txState                 0x20007698     0x1  Data  Gb  phy-common.o [42]
typeAndPortEnabled      0x00029555    0x10  Code  Lc  log.o [42]
uartdrvHandle           0x20007360    0x10  Data  Lc  uartdrv.o [14]
uartdrvHandleIsInitialized
                        0x2000735c     0x1  Data  Lc  uartdrv.o [14]
uarthandle              0x20006510     0xc  Data  Gb  com.o [27]
uarthandledata          0x20006dcc    0x9c  Data  Lc  com.o [27]
udpListenCommand        0x0002e62d    0x34  Code  Gb  udp-cli.o [32]
udpSendCommand          0x0002e661    0x52  Code  Gb  udp-cli.o [32]
udpStatusHandler        0x0000c03f    0x38  Code  Lc  dtls-join.o [42]
unicastHead             0x20007b58     0x1  Data  Lc  unicast-table.o [42]
unicastTableEvent       0x20006800     0xc  Data  Lc  unicast-table.o [42]
unicastTableEventActions
                        0x00031f68    0x10  Data  Lc  unicast-table.o [42]
unicastTableEventHandler
                        0x0000fa81    0x1e  Code  Lc  unicast-table.o [42]
uninitializedIsr        0x0002efd5          Code  Gb  faults-v7m.o [18]
unloadTxBuffer          0x000053d5    0x2c  Code  Lc  com.o [27]
updateBuffer            0x000052af    0x34  Code  Gb  com.o [27]
updateCommissioningDatasets
                        0x0000d0f1    0xa0  Code  Lc  mle.o [42]
updateInterrupts        0x0002873b    0xa2  Code  Lc  tempdrv.o [14]
updateMacFrameCounter   0x0000f077    0x4a  Code  Lc  mle.o [42]
updateNetworkData       0x0000d191     0xa  Code  Lc  mle.o [42]
uriEquals               0x00024de7    0x32  Code  Lc  coap-diagnostic-stack.o [42]
uriHandlers             0x00014224    0x9c  Data  Lc  commission.o [42]
uriHandlers             0x00015dd4    0x48  Data  Lc  commission-dataset.o [42]
uriHandlers             0x00023050    0x54  Data  Lc  address-management.o [42]
use1MHzClock            0x2000741c     0x1  Data  Lc  adc.o [2]
userData                0x20007474     0x4  Data  Lc  buffer-management.o [42]
userDataCount           0x2000745c     0x2  Data  Lc  buffer-management.o [42]
vcoGainPte              0x20007ee8     0x1  Data  Gb  synth.o [42]
verifyAppBlVersion      0x0002d63d    0x26  Code  Lc  bootloader-interface-app.o [16]
versionTypeNames        0x00004470    0x18  Data  Lc  version-debug.o [33]
voltageHandler          0x00024d8b     0x6  Code  Lc  coap-diagnostic-stack.o [42]
wakeInfo                0x20006f10     0x4  Data  Lc  sleep-efm32.o [18]
wallClockOverflowCnt    0x20006598     0x4  Data  Lc  rtcdriver.o [14]
wallClockTimeBase       0x2000659c     0x4  Data  Lc  rtcdriver.o [14]
write16                 0x0002cf79    0x4c  Code  Gb  flash.o [37]
writeHelloStart         0x00020603    0x48  Code  Lc  tls-handshake.o [42]
writePageCounters       0x0002596d    0x78  Code  Lc  sim-eeprom-internal.o [41]
writeSessionId          0x0002064b    0x20  Code  Lc  tls-handshake.o [42]
writeTlsRecordHeader    0x00029051    0x3e  Code  Lc  tls-ccm-record.o [42]
writeTokenBlockData     0x00025261    0x54  Code  Lc  sim-eeprom-internal.o [41]
wrongMessage            0x000210ab     0x4  Code  Lc  tls-handshake.o [42]
xor16                   0x00021c35    0x14  Code  Lc  thread-key-stretch.o [42]


[1] = C:\Users\subh6068\SimplicityStudio\v4_workspace\server\IAR ARM - Default
[2] = C:\Users\subh6068\SimplicityStudio\v4_workspace\server\IAR ARM - Default\adc\EFR32
[3] = C:\Users\subh6068\SimplicityStudio\v4_workspace\server\IAR ARM - Default\address-configuration-debug
[4] = C:\Users\subh6068\SimplicityStudio\v4_workspace\server\IAR ARM - Default\antenna-stub
[5] = C:\Users\subh6068\SimplicityStudio\v4_workspace\server\IAR ARM - Default\button\EFR32
[6] = C:\Users\subh6068\SimplicityStudio\v4_workspace\server\IAR ARM - Default\buzzer\EFR32
[7] = C:\Users\subh6068\SimplicityStudio\v4_workspace\server\IAR ARM - Default\cli
[8] = C:\Users\subh6068\SimplicityStudio\v4_workspace\server\IAR ARM - Default\coap-cli
[9] = C:\Users\subh6068\SimplicityStudio\v4_workspace\server\IAR ARM - Default\coap-dispatch
[10] = C:\Users\subh6068\SimplicityStudio\v4_workspace\server\IAR ARM - Default\command-interpreter2
[11] = C:\Users\subh6068\SimplicityStudio\v4_workspace\server\IAR ARM - Default\debug-print
[12] = C:\Users\subh6068\SimplicityStudio\v4_workspace\server\IAR ARM - Default\dhcp-client
[13] = C:\Users\subh6068\SimplicityStudio\v4_workspace\server\IAR ARM - Default\diagnostic\EFR32
[14] = C:\Users\subh6068\SimplicityStudio\v4_workspace\server\IAR ARM - Default\emdrv
[15] = C:\Users\subh6068\SimplicityStudio\v4_workspace\server\IAR ARM - Default\emlib
[16] = C:\Users\subh6068\SimplicityStudio\v4_workspace\server\IAR ARM - Default\external-generated-files
[17] = C:\Users\subh6068\SimplicityStudio\v4_workspace\server\IAR ARM - Default\global-address-prefix-debug
[18] = C:\Users\subh6068\SimplicityStudio\v4_workspace\server\IAR ARM - Default\hal-library\EFR32
[19] = C:\Users\subh6068\SimplicityStudio\v4_workspace\server\IAR ARM - Default\heartbeat
[20] = C:\Users\subh6068\SimplicityStudio\v4_workspace\server\IAR ARM - Default\icmp-cli
[21] = C:\Users\subh6068\SimplicityStudio\v4_workspace\server\IAR ARM - Default\icmp-debug
[22] = C:\Users\subh6068\SimplicityStudio\v4_workspace\server\IAR ARM - Default\idle-sleep
[23] = C:\Users\subh6068\SimplicityStudio\v4_workspace\server\IAR ARM - Default\led\EFR32
[24] = C:\Users\subh6068\SimplicityStudio\v4_workspace\server\IAR ARM - Default\main
[25] = C:\Users\subh6068\SimplicityStudio\v4_workspace\server\IAR ARM - Default\network-management-cli
[26] = C:\Users\subh6068\SimplicityStudio\v4_workspace\server\IAR ARM - Default\scan-debug
[27] = C:\Users\subh6068\SimplicityStudio\v4_workspace\server\IAR ARM - Default\serial\EFR32
[28] = C:\Users\subh6068\SimplicityStudio\v4_workspace\server\IAR ARM - Default\sim-eeprom1\EFR32
[29] = C:\Users\subh6068\SimplicityStudio\v4_workspace\server\IAR ARM - Default\slaac-client
[30] = C:\Users\subh6068\SimplicityStudio\v4_workspace\server\IAR ARM - Default\stack\thread-stack
[31] = C:\Users\subh6068\SimplicityStudio\v4_workspace\server\IAR ARM - Default\tftp-bootload-target
[32] = C:\Users\subh6068\SimplicityStudio\v4_workspace\server\IAR ARM - Default\udp-cli
[33] = C:\Users\subh6068\SimplicityStudio\v4_workspace\server\IAR ARM - Default\version-debug
[34] = command line
[35] = dhcp-library.a
[36] = dl7M_tln.a
[37] = hal-library.a
[38] = m7M_tlv.a
[39] = mbedtls-library.a
[40] = rt7M_tl.a
[41] = sim-eeprom1-library.a
[42] = thread-stack.a

  178 124 bytes of readonly  code memory
      512 bytes of readwrite code memory
   13 160 bytes of readonly  data memory
   25 386 bytes of readwrite data memory (+ 148 absolute)

Errors: none
Warnings: none
